cruralis_HybSeqProbes_test_with400Ns_beginend	.	0	8385
cruralis_HybSeqProbes_test_with400Ns_beginend	.	0	8391
cruralis_HybSeqProbes_test_with400Ns_beginend	.	0	8400
cruralis_HybSeqProbes_test_with400Ns_beginend	.	0	8404
cruralis_HybSeqProbes_test_with400Ns_beginend	.	0	8406
cruralis_HybSeqProbes_test_with400Ns_beginend	.	0	33771
cruralis_HybSeqProbes_test_with400Ns_beginend	.	0	58869
cruralis_HybSeqProbes_test_with400Ns_beginend	.	0	67553
cruralis_HybSeqProbes_test_with400Ns_beginend	.	0	67577
cruralis_HybSeqProbes_test_with400Ns_beginend	.	0	67586
cruralis_HybSeqProbes_test_with400Ns_beginend	.	0	68602
cruralis_HybSeqProbes_test_with400Ns_beginend	.	0	70426
cruralis_HybSeqProbes_test_with400Ns_beginend	.	0	70435
cruralis_HybSeqProbes_test_with400Ns_beginend	.	0	70465
cruralis_HybSeqProbes_test_with400Ns_beginend	.	0	70488
cruralis_HybSeqProbes_test_with400Ns_beginend	.	0	70503
cruralis_HybSeqProbes_test_with400Ns_beginend	.	0	76651
cruralis_HybSeqProbes_test_with400Ns_beginend	.	0	83869
cruralis_HybSeqProbes_test_with400Ns_beginend	.	0	101618
cruralis_HybSeqProbes_test_with400Ns_beginend	.	0	101722
cruralis_HybSeqProbes_test_with400Ns_beginend	.	0	117789
cruralis_HybSeqProbes_test_with400Ns_beginend	.	0	139603
cruralis_HybSeqProbes_test_with400Ns_beginend	.	0	206566
cruralis_HybSeqProbes_test_with400Ns_beginend	.	0	251491
cruralis_HybSeqProbes_test_with400Ns_beginend	.	0	268071
cruralis_HybSeqProbes_test_with400Ns_beginend	.	0	268107
cruralis_HybSeqProbes_test_with400Ns_beginend	.	0	268165
cruralis_HybSeqProbes_test_with400Ns_beginend	.	0	269083
cruralis_HybSeqProbes_test_with400Ns_beginend	.	0	279663
cruralis_HybSeqProbes_test_with400Ns_beginend	.	0	281862
cruralis_HybSeqProbes_test_with400Ns_beginend	.	0	282017
cruralis_HybSeqProbes_test_with400Ns_beginend	.	0	345670
cruralis_HybSeqProbes_test_with400Ns_beginend	.	0	345716
cruralis_HybSeqProbes_test_with400Ns_beginend	.	0	380819
cruralis_HybSeqProbes_test_with400Ns_beginend	.	0	380897
cruralis_HybSeqProbes_test_with400Ns_beginend	.	0	397259
cruralis_HybSeqProbes_test_with400Ns_beginend	.	0	400584
cruralis_HybSeqProbes_test_with400Ns_beginend	.	0	460828
cruralis_HybSeqProbes_test_with400Ns_beginend	.	0	473774
cruralis_HybSeqProbes_test_with400Ns_beginend	.	0	558874
cruralis_HybSeqProbes_test_with400Ns_beginend	.	0	574303
cruralis_HybSeqProbes_test_with400Ns_beginend	.	0	574356
cruralis_HybSeqProbes_test_with400Ns_beginend	.	0	574361
cruralis_HybSeqProbes_test_with400Ns_beginend	.	0	574364
cruralis_HybSeqProbes_test_with400Ns_beginend	.	0	574378
cruralis_HybSeqProbes_test_with400Ns_beginend	.	0	586975
cruralis_HybSeqProbes_test_with400Ns_beginend	.	0	634820
cruralis_HybSeqProbes_test_with400Ns_beginend	.	0	643910
cruralis_HybSeqProbes_test_with400Ns_beginend	.	0	643995
cruralis_HybSeqProbes_test_with400Ns_beginend	.	0	644220
cruralis_HybSeqProbes_test_with400Ns_beginend	.	0	644256
cruralis_HybSeqProbes_test_with400Ns_beginend	.	0	644293
cruralis_HybSeqProbes_test_with400Ns_beginend	.	0	644320
cruralis_HybSeqProbes_test_with400Ns_beginend	.	0	644451
cruralis_HybSeqProbes_test_with400Ns_beginend	.	0	644500
cruralis_HybSeqProbes_test_with400Ns_beginend	.	0	645033
cruralis_HybSeqProbes_test_with400Ns_beginend	.	0	645044
cruralis_HybSeqProbes_test_with400Ns_beginend	.	0	645064
cruralis_HybSeqProbes_test_with400Ns_beginend	.	0	645075
cruralis_HybSeqProbes_test_with400Ns_beginend	.	0	645086
cruralis_HybSeqProbes_test_with400Ns_beginend	.	0	705764
cruralis_HybSeqProbes_test_with400Ns_beginend	.	0	814461
cruralis_HybSeqProbes_test_with400Ns_beginend	.	0	836433
cruralis_HybSeqProbes_test_with400Ns_beginend	.	0	854260
cruralis_HybSeqProbes_test_with400Ns_beginend	.	0	854359
cruralis_HybSeqProbes_test_with400Ns_beginend	.	0	854362
cruralis_HybSeqProbes_test_with400Ns_beginend	.	0	867142
cruralis_HybSeqProbes_test_with400Ns_beginend	.	0	884785
cruralis_HybSeqProbes_test_with400Ns_beginend	.	0	896425
cruralis_HybSeqProbes_test_with400Ns_beginend	.	0	898765
cruralis_HybSeqProbes_test_with400Ns_beginend	.	0	898783
cruralis_HybSeqProbes_test_with400Ns_beginend	.	0	905331
cruralis_HybSeqProbes_test_with400Ns_beginend	.	0	913177
cruralis_HybSeqProbes_test_with400Ns_beginend	.	0	958510
cruralis_HybSeqProbes_test_with400Ns_beginend	.	0	965943
cruralis_HybSeqProbes_test_with400Ns_beginend	.	0	1029719
cruralis_HybSeqProbes_test_with400Ns_beginend	.	0	1057837
cruralis_HybSeqProbes_test_with400Ns_beginend	.	0	1165035
cruralis_HybSeqProbes_test_with400Ns_beginend	.	0	1170139
cruralis_HybSeqProbes_test_with400Ns_beginend	.	0	1307686
cruralis_HybSeqProbes_test_with400Ns_beginend	.	0	1338193
cruralis_HybSeqProbes_test_with400Ns_beginend	.	0	1347726
cruralis_HybSeqProbes_test_with400Ns_beginend	.	0	1351582
cruralis_HybSeqProbes_test_with400Ns_beginend	.	0	1382596
cruralis_HybSeqProbes_test_with400Ns_beginend	.	0	1384799
cruralis_HybSeqProbes_test_with400Ns_beginend	.	0	1384976
cruralis_HybSeqProbes_test_with400Ns_beginend	.	0	1385072
cruralis_HybSeqProbes_test_with400Ns_beginend	.	0	1419986
cruralis_HybSeqProbes_test_with400Ns_beginend	.	0	1420174
cruralis_HybSeqProbes_test_with400Ns_beginend	.	0	1420195
cruralis_HybSeqProbes_test_with400Ns_beginend	.	0	1420254
cruralis_HybSeqProbes_test_with400Ns_beginend	.	0	1420267
cruralis_HybSeqProbes_test_with400Ns_beginend	.	0	1420438
cruralis_HybSeqProbes_test_with400Ns_beginend	.	0	1420481
cruralis_HybSeqProbes_test_with400Ns_beginend	.	0	1426575
cruralis_HybSeqProbes_test_with400Ns_beginend	.	0	1445310
cruralis_HybSeqProbes_test_with400Ns_beginend	.	0	1570024
cruralis_HybSeqProbes_test_with400Ns_beginend	.	0	1570116
cruralis_HybSeqProbes_test_with400Ns_beginend	.	0	1579118
cruralis_HybSeqProbes_test_with400Ns_beginend	.	0	1597532
cruralis_HybSeqProbes_test_with400Ns_beginend	.	0	1619186
cruralis_HybSeqProbes_test_with400Ns_beginend	.	0	1619249
cruralis_HybSeqProbes_test_with400Ns_beginend	.	0	1620124
cruralis_HybSeqProbes_test_with400Ns_beginend	.	0	1629800
cruralis_HybSeqProbes_test_with400Ns_beginend	.	0	1629805
cruralis_HybSeqProbes_test_with400Ns_beginend	.	0	1678822
cruralis_HybSeqProbes_test_with400Ns_beginend	.	0	1682852
cruralis_HybSeqProbes_test_with400Ns_beginend	.	0	1688321
cruralis_HybSeqProbes_test_with400Ns_beginend	.	0	1688323
cruralis_HybSeqProbes_test_with400Ns_beginend	.	0	1688380
cruralis_HybSeqProbes_test_with400Ns_beginend	.	0	1688395
cruralis_HybSeqProbes_test_with400Ns_beginend	.	0	1688396
cruralis_HybSeqProbes_test_with400Ns_beginend	.	0	1688419
cruralis_HybSeqProbes_test_with400Ns_beginend	.	0	1688488
cruralis_HybSeqProbes_test_with400Ns_beginend	.	0	1688510
cruralis_HybSeqProbes_test_with400Ns_beginend	.	0	1688516
cruralis_HybSeqProbes_test_with400Ns_beginend	.	0	1688517
cruralis_HybSeqProbes_test_with400Ns_beginend	.	0	1703355
cruralis_HybSeqProbes_test_with400Ns_beginend	.	0	1703502
cruralis_HybSeqProbes_test_with400Ns_beginend	.	0	1703586
cruralis_HybSeqProbes_test_with400Ns_beginend	.	0	1706294
cruralis_HybSeqProbes_test_with400Ns_beginend	.	0	1713856
cruralis_HybSeqProbes_test_with400Ns_beginend	.	0	1713884
cruralis_HybSeqProbes_test_with400Ns_beginend	.	0	1713885
cruralis_HybSeqProbes_test_with400Ns_beginend	.	0	1713892
cruralis_HybSeqProbes_test_with400Ns_beginend	.	0	1713902
cruralis_HybSeqProbes_test_with400Ns_beginend	.	0	1713931
cruralis_HybSeqProbes_test_with400Ns_beginend	.	0	1713938
cruralis_HybSeqProbes_test_with400Ns_beginend	.	0	1718081
cruralis_HybSeqProbes_test_with400Ns_beginend	.	0	1718118
cruralis_HybSeqProbes_test_with400Ns_beginend	.	0	1718128
cruralis_HybSeqProbes_test_with400Ns_beginend	.	0	1737944
cruralis_HybSeqProbes_test_with400Ns_beginend	.	0	1757184
cruralis_HybSeqProbes_test_with400Ns_beginend	.	0	1757210
cruralis_HybSeqProbes_test_with400Ns_beginend	.	0	1797673
cruralis_HybSeqProbes_test_with400Ns_beginend	.	0	1797682
cruralis_HybSeqProbes_test_with400Ns_beginend	.	0	1797685
cruralis_HybSeqProbes_test_with400Ns_beginend	.	0	1833322
cruralis_HybSeqProbes_test_with400Ns_beginend	.	0	1833363
cruralis_HybSeqProbes_test_with400Ns_beginend	.	0	1872453
cruralis_HybSeqProbes_test_with400Ns_beginend	.	0	1897962
cruralis_HybSeqProbes_test_with400Ns_beginend	.	0	1898415
cruralis_HybSeqProbes_test_with400Ns_beginend	.	0	1921176
cruralis_HybSeqProbes_test_with400Ns_beginend	.	0	1924208
cruralis_HybSeqProbes_test_with400Ns_beginend	.	0	1968264
cruralis_HybSeqProbes_test_with400Ns_beginend	.	0	1981933
cruralis_HybSeqProbes_test_with400Ns_beginend	.	0	1981975
cruralis_HybSeqProbes_test_with400Ns_beginend	.	0	1981988
cruralis_HybSeqProbes_test_with400Ns_beginend	.	0	1982009
cruralis_HybSeqProbes_test_with400Ns_beginend	.	0	2125388
cruralis_HybSeqProbes_test_with400Ns_beginend	.	0	2126326
cruralis_HybSeqProbes_test_with400Ns_beginend	.	0	2126331
cruralis_HybSeqProbes_test_with400Ns_beginend	.	0	2140349
cruralis_HybSeqProbes_test_with400Ns_beginend	.	0	2152110
cruralis_HybSeqProbes_test_with400Ns_beginend	.	0	2152680
cruralis_HybSeqProbes_test_with400Ns_beginend	.	0	2152685
cruralis_HybSeqProbes_test_with400Ns_beginend	.	0	2200058
cruralis_HybSeqProbes_test_with400Ns_beginend	.	0	2200314
cruralis_HybSeqProbes_test_with400Ns_beginend	.	0	2243601
cruralis_HybSeqProbes_test_with400Ns_beginend	.	0	2251566
cruralis_HybSeqProbes_test_with400Ns_beginend	.	0	2251572
cruralis_HybSeqProbes_test_with400Ns_beginend	.	0	2251605
cruralis_HybSeqProbes_test_with400Ns_beginend	.	0	2251610
cruralis_HybSeqProbes_test_with400Ns_beginend	.	0	2251622
cruralis_HybSeqProbes_test_with400Ns_beginend	.	0	2251625
cruralis_HybSeqProbes_test_with400Ns_beginend	.	0	2251639
cruralis_HybSeqProbes_test_with400Ns_beginend	.	0	2251647
cruralis_HybSeqProbes_test_with400Ns_beginend	.	0	2251805
cruralis_HybSeqProbes_test_with400Ns_beginend	.	0	2251836
cruralis_HybSeqProbes_test_with400Ns_beginend	.	0	2251841
cruralis_HybSeqProbes_test_with400Ns_beginend	.	0	2251852
cruralis_HybSeqProbes_test_with400Ns_beginend	.	0	2251862
cruralis_HybSeqProbes_test_with400Ns_beginend	.	0	2251865
cruralis_HybSeqProbes_test_with400Ns_beginend	.	0	2251880
cruralis_HybSeqProbes_test_with400Ns_beginend	.	0	2252093
cruralis_HybSeqProbes_test_with400Ns_beginend	.	0	2252102
cruralis_HybSeqProbes_test_with400Ns_beginend	.	0	2252141
cruralis_HybSeqProbes_test_with400Ns_beginend	.	0	2292174
cruralis_HybSeqProbes_test_with400Ns_beginend	.	0	2292185
cruralis_HybSeqProbes_test_with400Ns_beginend	.	0	2292221
cruralis_HybSeqProbes_test_with400Ns_beginend	.	0	2306173
cruralis_HybSeqProbes_test_with400Ns_beginend	.	0	2341491
cruralis_HybSeqProbes_test_with400Ns_beginend	.	0	2372116
cruralis_HybSeqProbes_test_with400Ns_beginend	.	0	2372128
cruralis_HybSeqProbes_test_with400Ns_beginend	.	0	2395970
cruralis_HybSeqProbes_test_with400Ns_beginend	.	0	2419282
cruralis_HybSeqProbes_test_with400Ns_beginend	.	0	2422234
cruralis_HybSeqProbes_test_with400Ns_beginend	.	0	2439901
cruralis_HybSeqProbes_test_with400Ns_beginend	.	0	2470792
cruralis_HybSeqProbes_test_with400Ns_beginend	.	0	2476962
cruralis_HybSeqProbes_test_with400Ns_beginend	.	0	2476977
cruralis_HybSeqProbes_test_with400Ns_beginend	.	0	2568658
cruralis_HybSeqProbes_test_with400Ns_beginend	.	0	2606408
cruralis_HybSeqProbes_test_with400Ns_beginend	.	0	2606688
cruralis_HybSeqProbes_test_with400Ns_beginend	.	0	2606691
cruralis_HybSeqProbes_test_with400Ns_beginend	.	0	2606719
cruralis_HybSeqProbes_test_with400Ns_beginend	.	0	2634600
cruralis_HybSeqProbes_test_with400Ns_beginend	.	0	2660137
cruralis_HybSeqProbes_test_with400Ns_beginend	.	0	2715788
cruralis_HybSeqProbes_test_with400Ns_beginend	.	0	2717642
cruralis_HybSeqProbes_test_with400Ns_beginend	.	0	2717657
cruralis_HybSeqProbes_test_with400Ns_beginend	.	0	2749618
cruralis_HybSeqProbes_test_with400Ns_beginend	.	0	2749621
cruralis_HybSeqProbes_test_with400Ns_beginend	.	0	2764986
cruralis_HybSeqProbes_test_with400Ns_beginend	.	0	2826482
cruralis_HybSeqProbes_test_with400Ns_beginend	.	0	2826486
cruralis_HybSeqProbes_test_with400Ns_beginend	.	0	2842470
cruralis_HybSeqProbes_test_with400Ns_beginend	.	0	2842485
cruralis_HybSeqProbes_test_with400Ns_beginend	.	0	2867604
cruralis_HybSeqProbes_test_with400Ns_beginend	.	0	2867670
cruralis_HybSeqProbes_test_with400Ns_beginend	.	0	2867714
cruralis_HybSeqProbes_test_with400Ns_beginend	.	0	2881416
cruralis_HybSeqProbes_test_with400Ns_beginend	.	0	2906961
cruralis_HybSeqProbes_test_with400Ns_beginend	.	0	2925006
cruralis_HybSeqProbes_test_with400Ns_beginend	.	0	2925063
cruralis_HybSeqProbes_test_with400Ns_beginend	.	0	2928684
cruralis_HybSeqProbes_test_with400Ns_beginend	.	0	2928723
cruralis_HybSeqProbes_test_with400Ns_beginend	.	0	2928745
cruralis_HybSeqProbes_test_with400Ns_beginend	.	0	2928762
cruralis_HybSeqProbes_test_with400Ns_beginend	.	0	2928769
cruralis_HybSeqProbes_test_with400Ns_beginend	.	0	2928789
cruralis_HybSeqProbes_test_with400Ns_beginend	.	0	2928802
cruralis_HybSeqProbes_test_with400Ns_beginend	.	0	2928805
cruralis_HybSeqProbes_test_with400Ns_beginend	.	0	2928821
cruralis_HybSeqProbes_test_with400Ns_beginend	.	0	2928856
cruralis_HybSeqProbes_test_with400Ns_beginend	.	0	2928861
cruralis_HybSeqProbes_test_with400Ns_beginend	.	0	2928864
cruralis_HybSeqProbes_test_with400Ns_beginend	.	0	2928887
cruralis_HybSeqProbes_test_with400Ns_beginend	.	0	2928901
cruralis_HybSeqProbes_test_with400Ns_beginend	.	0	2928902
cruralis_HybSeqProbes_test_with400Ns_beginend	.	0	2928911
cruralis_HybSeqProbes_test_with400Ns_beginend	.	0	2928917
cruralis_HybSeqProbes_test_with400Ns_beginend	.	0	2928935
cruralis_HybSeqProbes_test_with400Ns_beginend	.	0	2928954
cruralis_HybSeqProbes_test_with400Ns_beginend	.	0	2928961
cruralis_HybSeqProbes_test_with400Ns_beginend	.	0	2928971
cruralis_HybSeqProbes_test_with400Ns_beginend	.	0	2928983
cruralis_HybSeqProbes_test_with400Ns_beginend	.	0	2928984
cruralis_HybSeqProbes_test_with400Ns_beginend	.	0	2948418
cruralis_HybSeqProbes_test_with400Ns_beginend	.	0	2987075
cruralis_HybSeqProbes_test_with400Ns_beginend	.	0	2987165
cruralis_HybSeqProbes_test_with400Ns_beginend	.	0	2987635
cruralis_HybSeqProbes_test_with400Ns_beginend	.	0	2987666
cruralis_HybSeqProbes_test_with400Ns_beginend	.	0	2987683
cruralis_HybSeqProbes_test_with400Ns_beginend	.	0	2987684
cruralis_HybSeqProbes_test_with400Ns_beginend	.	0	2987687
cruralis_HybSeqProbes_test_with400Ns_beginend	.	0	2987692
cruralis_HybSeqProbes_test_with400Ns_beginend	.	0	2987701
cruralis_HybSeqProbes_test_with400Ns_beginend	.	0	3005066
cruralis_HybSeqProbes_test_with400Ns_beginend	.	0	3013125
cruralis_HybSeqProbes_test_with400Ns_beginend	.	0	3192970
cruralis_HybSeqProbes_test_with400Ns_beginend	.	0	3195193
cruralis_HybSeqProbes_test_with400Ns_beginend	.	0	3195203
cruralis_HybSeqProbes_test_with400Ns_beginend	.	0	3197920
cruralis_HybSeqProbes_test_with400Ns_beginend	.	0	3206200
cruralis_HybSeqProbes_test_with400Ns_beginend	.	0	3277843
cruralis_HybSeqProbes_test_with400Ns_beginend	.	0	3277858
cruralis_HybSeqProbes_test_with400Ns_beginend	.	0	3285839
cruralis_HybSeqProbes_test_with400Ns_beginend	.	0	3334351
cruralis_HybSeqProbes_test_with400Ns_beginend	.	0	3349791
cruralis_HybSeqProbes_test_with400Ns_beginend	.	0	3419526
cruralis_HybSeqProbes_test_with400Ns_beginend	.	0	3419680
cruralis_HybSeqProbes_test_with400Ns_beginend	.	0	3419688
cruralis_HybSeqProbes_test_with400Ns_beginend	.	0	3430734
cruralis_HybSeqProbes_test_with400Ns_beginend	.	0	3441886
cruralis_HybSeqProbes_test_with400Ns_beginend	.	0	3441891
cruralis_HybSeqProbes_test_with400Ns_beginend	.	0	3441896
cruralis_HybSeqProbes_test_with400Ns_beginend	.	0	3514829
cruralis_HybSeqProbes_test_with400Ns_beginend	.	0	3554747
cruralis_HybSeqProbes_test_with400Ns_beginend	.	0	3604230
cruralis_HybSeqProbes_test_with400Ns_beginend	.	0	3607191
cruralis_HybSeqProbes_test_with400Ns_beginend	.	0	3607203
cruralis_HybSeqProbes_test_with400Ns_beginend	.	0	3607205
cruralis_HybSeqProbes_test_with400Ns_beginend	.	0	3607209
cruralis_HybSeqProbes_test_with400Ns_beginend	.	0	3607289
cruralis_HybSeqProbes_test_with400Ns_beginend	.	0	3607307
cruralis_HybSeqProbes_test_with400Ns_beginend	.	0	3607327
cruralis_HybSeqProbes_test_with400Ns_beginend	.	0	3607335
cruralis_HybSeqProbes_test_with400Ns_beginend	.	0	3607369
cruralis_HybSeqProbes_test_with400Ns_beginend	.	0	3607378
cruralis_HybSeqProbes_test_with400Ns_beginend	.	0	3607397
cruralis_HybSeqProbes_test_with400Ns_beginend	.	0	3607415
cruralis_HybSeqProbes_test_with400Ns_beginend	.	0	3607418
cruralis_HybSeqProbes_test_with400Ns_beginend	.	0	3631300
cruralis_HybSeqProbes_test_with400Ns_beginend	.	0	3631309
cruralis_HybSeqProbes_test_with400Ns_beginend	.	0	3633796
cruralis_HybSeqProbes_test_with400Ns_beginend	.	0	3633838
cruralis_HybSeqProbes_test_with400Ns_beginend	.	0	3738608
cruralis_HybSeqProbes_test_with400Ns_beginend	.	0	3744300
cruralis_HybSeqProbes_test_with400Ns_beginend	.	0	3744307
cruralis_HybSeqProbes_test_with400Ns_beginend	.	0	3744360
cruralis_HybSeqProbes_test_with400Ns_beginend	.	0	3744408
cruralis_HybSeqProbes_test_with400Ns_beginend	.	0	3744537
cruralis_HybSeqProbes_test_with400Ns_beginend	.	0	3744612
cruralis_HybSeqProbes_test_with400Ns_beginend	.	0	3744647
cruralis_HybSeqProbes_test_with400Ns_beginend	.	0	3751944
cruralis_HybSeqProbes_test_with400Ns_beginend	.	0	3751958
cruralis_HybSeqProbes_test_with400Ns_beginend	.	0	3755252
cruralis_HybSeqProbes_test_with400Ns_beginend	.	0	3755313
cruralis_HybSeqProbes_test_with400Ns_beginend	.	0	3755353
cruralis_HybSeqProbes_test_with400Ns_beginend	.	0	3755392
cruralis_HybSeqProbes_test_with400Ns_beginend	.	0	3755397
cruralis_HybSeqProbes_test_with400Ns_beginend	.	0	3755414
cruralis_HybSeqProbes_test_with400Ns_beginend	.	0	3783857
cruralis_HybSeqProbes_test_with400Ns_beginend	.	0	3813037
cruralis_HybSeqProbes_test_with400Ns_beginend	.	0	3813185
cruralis_HybSeqProbes_test_with400Ns_beginend	.	0	3813187
cruralis_HybSeqProbes_test_with400Ns_beginend	.	0	3813194
cruralis_HybSeqProbes_test_with400Ns_beginend	.	0	3814638
cruralis_HybSeqProbes_test_with400Ns_beginend	.	0	3814644
cruralis_HybSeqProbes_test_with400Ns_beginend	.	0	3814719
cruralis_HybSeqProbes_test_with400Ns_beginend	.	0	3846136
cruralis_HybSeqProbes_test_with400Ns_beginend	.	0	3892714
cruralis_HybSeqProbes_test_with400Ns_beginend	.	0	3892715
cruralis_HybSeqProbes_test_with400Ns_beginend	.	0	3898296
cruralis_HybSeqProbes_test_with400Ns_beginend	.	0	3942208
cruralis_HybSeqProbes_test_with400Ns_beginend	.	0	4023778
cruralis_HybSeqProbes_test_with400Ns_beginend	.	0	4029949
cruralis_HybSeqProbes_test_with400Ns_beginend	.	0	4038314
cruralis_HybSeqProbes_test_with400Ns_beginend	.	0	4038320
cruralis_HybSeqProbes_test_with400Ns_beginend	.	0	4070317
cruralis_HybSeqProbes_test_with400Ns_beginend	.	0	4070362
cruralis_HybSeqProbes_test_with400Ns_beginend	.	0	4123375
cruralis_HybSeqProbes_test_with400Ns_beginend	.	0	4129994
cruralis_HybSeqProbes_test_with400Ns_beginend	.	0	4130002
cruralis_HybSeqProbes_test_with400Ns_beginend	.	0	4130013
cruralis_HybSeqProbes_test_with400Ns_beginend	.	0	4140157
cruralis_HybSeqProbes_test_with400Ns_beginend	.	0	4201326
cruralis_HybSeqProbes_test_with400Ns_beginend	.	0	4223433
cruralis_HybSeqProbes_test_with400Ns_beginend	.	0	4223517
cruralis_HybSeqProbes_test_with400Ns_beginend	.	0	4268685
cruralis_HybSeqProbes_test_with400Ns_beginend	.	0	4282075
cruralis_HybSeqProbes_test_with400Ns_beginend	.	0	4282095
cruralis_HybSeqProbes_test_with400Ns_beginend	.	0	4282156
cruralis_HybSeqProbes_test_with400Ns_beginend	.	0	4320920
cruralis_HybSeqProbes_test_with400Ns_beginend	.	0	4334355
cruralis_HybSeqProbes_test_with400Ns_beginend	.	0	4356096
cruralis_HybSeqProbes_test_with400Ns_beginend	.	0	4377289
cruralis_HybSeqProbes_test_with400Ns_beginend	.	0	4377379
cruralis_HybSeqProbes_test_with400Ns_beginend	.	0	4384776
cruralis_HybSeqProbes_test_with400Ns_beginend	.	0	4430235
cruralis_HybSeqProbes_test_with400Ns_beginend	.	0	4434600
cruralis_HybSeqProbes_test_with400Ns_beginend	.	0	4434705
cruralis_HybSeqProbes_test_with400Ns_beginend	.	0	4434710
cruralis_HybSeqProbes_test_with400Ns_beginend	.	0	4434716
cruralis_HybSeqProbes_test_with400Ns_beginend	.	0	4434719
cruralis_HybSeqProbes_test_with400Ns_beginend	.	0	4434730
cruralis_HybSeqProbes_test_with400Ns_beginend	.	0	4434782
cruralis_HybSeqProbes_test_with400Ns_beginend	.	0	4434787
cruralis_HybSeqProbes_test_with400Ns_beginend	.	0	4434802
cruralis_HybSeqProbes_test_with400Ns_beginend	.	0	4434813
cruralis_HybSeqProbes_test_with400Ns_beginend	.	0	4434815
cruralis_HybSeqProbes_test_with400Ns_beginend	.	0	4434819
cruralis_HybSeqProbes_test_with400Ns_beginend	.	0	4434840
cruralis_HybSeqProbes_test_with400Ns_beginend	.	0	4434870
cruralis_HybSeqProbes_test_with400Ns_beginend	.	0	4434926
cruralis_HybSeqProbes_test_with400Ns_beginend	.	0	4435009
cruralis_HybSeqProbes_test_with400Ns_beginend	.	0	4435074
cruralis_HybSeqProbes_test_with400Ns_beginend	.	0	4435104
cruralis_HybSeqProbes_test_with400Ns_beginend	.	0	4450769
cruralis_HybSeqProbes_test_with400Ns_beginend	.	0	4461601
cruralis_HybSeqProbes_test_with400Ns_beginend	.	0	4483556
cruralis_HybSeqProbes_test_with400Ns_beginend	.	0	4483591
cruralis_HybSeqProbes_test_with400Ns_beginend	.	0	4513464
cruralis_HybSeqProbes_test_with400Ns_beginend	.	0	4513533
cruralis_HybSeqProbes_test_with400Ns_beginend	.	0	4513560
cruralis_HybSeqProbes_test_with400Ns_beginend	.	0	4546868
cruralis_HybSeqProbes_test_with400Ns_beginend	.	0	4547920
cruralis_HybSeqProbes_test_with400Ns_beginend	.	0	4557760
cruralis_HybSeqProbes_test_with400Ns_beginend	.	0	4592749
cruralis_HybSeqProbes_test_with400Ns_beginend	.	0	4621478
cruralis_HybSeqProbes_test_with400Ns_beginend	.	0	4629512
cruralis_HybSeqProbes_test_with400Ns_beginend	.	0	4722008
cruralis_HybSeqProbes_test_with400Ns_beginend	.	0	4763259
cruralis_HybSeqProbes_test_with400Ns_beginend	.	0	4780637
cruralis_HybSeqProbes_test_with400Ns_beginend	.	0	4865159
cruralis_HybSeqProbes_test_with400Ns_beginend	.	0	4877758
cruralis_HybSeqProbes_test_with400Ns_beginend	.	0	4877807
cruralis_HybSeqProbes_test_with400Ns_beginend	.	0	4877938
cruralis_HybSeqProbes_test_with400Ns_beginend	.	0	4877950
cruralis_HybSeqProbes_test_with400Ns_beginend	.	0	4877997
cruralis_HybSeqProbes_test_with400Ns_beginend	.	0	5011512
cruralis_HybSeqProbes_test_with400Ns_beginend	.	0	5011582
cruralis_HybSeqProbes_test_with400Ns_beginend	.	0	5074205
cruralis_HybSeqProbes_test_with400Ns_beginend	.	0	5095928
cruralis_HybSeqProbes_test_with400Ns_beginend	.	0	5111648
cruralis_HybSeqProbes_test_with400Ns_beginend	.	0	5179201
cruralis_HybSeqProbes_test_with400Ns_beginend	.	0	5189230
cruralis_HybSeqProbes_test_with400Ns_beginend	.	0	5189377
cruralis_HybSeqProbes_test_with400Ns_beginend	.	0	5189516
cruralis_HybSeqProbes_test_with400Ns_beginend	.	0	5189670
cruralis_HybSeqProbes_test_with400Ns_beginend	.	0	5198487
cruralis_HybSeqProbes_test_with400Ns_beginend	.	0	5229884
cruralis_HybSeqProbes_test_with400Ns_beginend	.	0	5229889
cruralis_HybSeqProbes_test_with400Ns_beginend	.	0	5230001
cruralis_HybSeqProbes_test_with400Ns_beginend	.	0	5250555
cruralis_HybSeqProbes_test_with400Ns_beginend	.	0	5250576
cruralis_HybSeqProbes_test_with400Ns_beginend	.	0	5250613
cruralis_HybSeqProbes_test_with400Ns_beginend	.	0	5253319
cruralis_HybSeqProbes_test_with400Ns_beginend	.	0	5299974
cruralis_HybSeqProbes_test_with400Ns_beginend	.	0	5315134
cruralis_HybSeqProbes_test_with400Ns_beginend	.	0	5315152
cruralis_HybSeqProbes_test_with400Ns_beginend	.	0	5416776
cruralis_HybSeqProbes_test_with400Ns_beginend	.	0	5549999
cruralis_HybSeqProbes_test_with400Ns_beginend	.	0	5550023
cruralis_HybSeqProbes_test_with400Ns_beginend	.	0	5578866
cruralis_HybSeqProbes_test_with400Ns_beginend	.	0	5749787
cruralis_HybSeqProbes_test_with400Ns_beginend	.	0	5749874
cruralis_HybSeqProbes_test_with400Ns_beginend	.	0	5749961
cruralis_HybSeqProbes_test_with400Ns_beginend	.	0	5752062
cruralis_HybSeqProbes_test_with400Ns_beginend	.	0	5776868
cruralis_HybSeqProbes_test_with400Ns_beginend	.	0	5873355
cruralis_HybSeqProbes_test_with400Ns_beginend	.	0	5894836
cruralis_HybSeqProbes_test_with400Ns_beginend	.	0	5895188
cruralis_HybSeqProbes_test_with400Ns_beginend	.	0	5916583
cruralis_HybSeqProbes_test_with400Ns_beginend	.	0	5963639
cruralis_HybSeqProbes_test_with400Ns_beginend	.	0	5974663
cruralis_HybSeqProbes_test_with400Ns_beginend	.	0	5974905
cruralis_HybSeqProbes_test_with400Ns_beginend	.	0	5991145
cruralis_HybSeqProbes_test_with400Ns_beginend	.	0	5994137
cruralis_HybSeqProbes_test_with400Ns_beginend	.	0	5994138
cruralis_HybSeqProbes_test_with400Ns_beginend	.	0	5994195
cruralis_HybSeqProbes_test_with400Ns_beginend	.	0	6002562
cruralis_HybSeqProbes_test_with400Ns_beginend	.	0	6010965
cruralis_HybSeqProbes_test_with400Ns_beginend	.	0	6019965
cruralis_HybSeqProbes_test_with400Ns_beginend	.	0	6020033
cruralis_HybSeqProbes_test_with400Ns_beginend	.	0	6032070
cruralis_HybSeqProbes_test_with400Ns_beginend	.	0	6066626
cruralis_HybSeqProbes_test_with400Ns_beginend	.	0	6140360
cruralis_HybSeqProbes_test_with400Ns_beginend	.	0	6157720
cruralis_HybSeqProbes_test_with400Ns_beginend	.	0	6157766
cruralis_HybSeqProbes_test_with400Ns_beginend	.	0	6157829
cruralis_HybSeqProbes_test_with400Ns_beginend	.	0	6181349
cruralis_HybSeqProbes_test_with400Ns_beginend	.	0	6296029
cruralis_HybSeqProbes_test_with400Ns_beginend	.	0	6296040
cruralis_HybSeqProbes_test_with400Ns_beginend	.	0	6296278
cruralis_HybSeqProbes_test_with400Ns_beginend	.	0	6296281
cruralis_HybSeqProbes_test_with400Ns_beginend	.	0	6296376
cruralis_HybSeqProbes_test_with400Ns_beginend	.	0	6296400
cruralis_HybSeqProbes_test_with400Ns_beginend	.	0	6296426
cruralis_HybSeqProbes_test_with400Ns_beginend	.	0	6329520
cruralis_HybSeqProbes_test_with400Ns_beginend	.	0	6337713
cruralis_HybSeqProbes_test_with400Ns_beginend	.	0	6352630
cruralis_HybSeqProbes_test_with400Ns_beginend	.	0	6352821
cruralis_HybSeqProbes_test_with400Ns_beginend	.	0	6471040
cruralis_HybSeqProbes_test_with400Ns_beginend	.	0	6471064
cruralis_HybSeqProbes_test_with400Ns_beginend	.	0	6477388
cruralis_HybSeqProbes_test_with400Ns_beginend	.	0	6477452
cruralis_HybSeqProbes_test_with400Ns_beginend	.	0	6477461
cruralis_HybSeqProbes_test_with400Ns_beginend	.	0	6492747
cruralis_HybSeqProbes_test_with400Ns_beginend	.	0	6500189
cruralis_HybSeqProbes_test_with400Ns_beginend	.	0	6516545
cruralis_HybSeqProbes_test_with400Ns_beginend	.	0	6521647
cruralis_HybSeqProbes_test_with400Ns_beginend	.	0	6521661
cruralis_HybSeqProbes_test_with400Ns_beginend	.	0	6521663
cruralis_HybSeqProbes_test_with400Ns_beginend	.	0	6521678
cruralis_HybSeqProbes_test_with400Ns_beginend	.	0	6521679
cruralis_HybSeqProbes_test_with400Ns_beginend	.	0	6528530
cruralis_HybSeqProbes_test_with400Ns_beginend	.	0	6528575
cruralis_HybSeqProbes_test_with400Ns_beginend	.	0	6537916
cruralis_HybSeqProbes_test_with400Ns_beginend	.	0	6545575
cruralis_HybSeqProbes_test_with400Ns_beginend	.	0	6557307
cruralis_HybSeqProbes_test_with400Ns_beginend	.	0	6561578
cruralis_HybSeqProbes_test_with400Ns_beginend	.	0	6565403
cruralis_HybSeqProbes_test_with400Ns_beginend	.	0	6565412
cruralis_HybSeqProbes_test_with400Ns_beginend	.	0	6581783
cruralis_HybSeqProbes_test_with400Ns_beginend	.	0	6588103
cruralis_HybSeqProbes_test_with400Ns_beginend	.	0	6601149
cruralis_HybSeqProbes_test_with400Ns_beginend	.	0	6601165
cruralis_HybSeqProbes_test_with400Ns_beginend	.	0	6601222
cruralis_HybSeqProbes_test_with400Ns_beginend	.	0	6612144
cruralis_HybSeqProbes_test_with400Ns_beginend	.	0	6612159
cruralis_HybSeqProbes_test_with400Ns_beginend	.	0	6618981
cruralis_HybSeqProbes_test_with400Ns_beginend	.	0	6652422
cruralis_HybSeqProbes_test_with400Ns_beginend	.	0	6653785
cruralis_HybSeqProbes_test_with400Ns_beginend	.	0	6653789
cruralis_HybSeqProbes_test_with400Ns_beginend	.	0	6677503
cruralis_HybSeqProbes_test_with400Ns_beginend	.	0	6787450
cruralis_HybSeqProbes_test_with400Ns_beginend	.	0	6795034
cruralis_HybSeqProbes_test_with400Ns_beginend	.	0	6814226
cruralis_HybSeqProbes_test_with400Ns_beginend	.	0	6814227
cruralis_HybSeqProbes_test_with400Ns_beginend	.	0	6833763
cruralis_HybSeqProbes_test_with400Ns_beginend	.	0	6872153
cruralis_HybSeqProbes_test_with400Ns_beginend	.	0	6872160
cruralis_HybSeqProbes_test_with400Ns_beginend	.	0	6872203
cruralis_HybSeqProbes_test_with400Ns_beginend	.	0	6884428
cruralis_HybSeqProbes_test_with400Ns_beginend	.	0	6895472
cruralis_HybSeqProbes_test_with400Ns_beginend	.	0	6895598
cruralis_HybSeqProbes_test_with400Ns_beginend	.	0	6895651
cruralis_HybSeqProbes_test_with400Ns_beginend	.	0	7100912
cruralis_HybSeqProbes_test_with400Ns_beginend	.	0	7118518
cruralis_HybSeqProbes_test_with400Ns_beginend	.	0	7157658
cruralis_HybSeqProbes_test_with400Ns_beginend	.	0	7157681
cruralis_HybSeqProbes_test_with400Ns_beginend	.	0	7157690
cruralis_HybSeqProbes_test_with400Ns_beginend	.	0	7157712
cruralis_HybSeqProbes_test_with400Ns_beginend	.	0	7157727
cruralis_HybSeqProbes_test_with400Ns_beginend	.	0	7157750
cruralis_HybSeqProbes_test_with400Ns_beginend	.	0	7157757
cruralis_HybSeqProbes_test_with400Ns_beginend	.	0	7157781
cruralis_HybSeqProbes_test_with400Ns_beginend	.	0	7157804
cruralis_HybSeqProbes_test_with400Ns_beginend	.	0	7157808
cruralis_HybSeqProbes_test_with400Ns_beginend	.	0	7157830
cruralis_HybSeqProbes_test_with400Ns_beginend	.	0	7157850
cruralis_HybSeqProbes_test_with400Ns_beginend	.	0	7169552
cruralis_HybSeqProbes_test_with400Ns_beginend	.	0	7224308
cruralis_HybSeqProbes_test_with400Ns_beginend	.	0	7224322
cruralis_HybSeqProbes_test_with400Ns_beginend	.	0	7224351
cruralis_HybSeqProbes_test_with400Ns_beginend	.	0	7224354
cruralis_HybSeqProbes_test_with400Ns_beginend	.	0	7224378
cruralis_HybSeqProbes_test_with400Ns_beginend	.	0	7224381
cruralis_HybSeqProbes_test_with400Ns_beginend	.	0	7224539
cruralis_HybSeqProbes_test_with400Ns_beginend	.	0	7224565
cruralis_HybSeqProbes_test_with400Ns_beginend	.	0	7224812
cruralis_HybSeqProbes_test_with400Ns_beginend	.	0	7224838
cruralis_HybSeqProbes_test_with400Ns_beginend	.	0	7224841
cruralis_HybSeqProbes_test_with400Ns_beginend	.	0	7224865
cruralis_HybSeqProbes_test_with400Ns_beginend	.	0	7224892
cruralis_HybSeqProbes_test_with400Ns_beginend	.	0	7230142
cruralis_HybSeqProbes_test_with400Ns_beginend	.	0	7230221
cruralis_HybSeqProbes_test_with400Ns_beginend	.	0	7230271
cruralis_HybSeqProbes_test_with400Ns_beginend	.	0	7230299
cruralis_HybSeqProbes_test_with400Ns_beginend	.	0	7230310
cruralis_HybSeqProbes_test_with400Ns_beginend	.	0	7230493
cruralis_HybSeqProbes_test_with400Ns_beginend	.	0	7230545
cruralis_HybSeqProbes_test_with400Ns_beginend	.	0	7230807
cruralis_HybSeqProbes_test_with400Ns_beginend	.	0	7252014
cruralis_HybSeqProbes_test_with400Ns_beginend	.	0	7264205
cruralis_HybSeqProbes_test_with400Ns_beginend	.	0	7264271
cruralis_HybSeqProbes_test_with400Ns_beginend	.	0	7264288
cruralis_HybSeqProbes_test_with400Ns_beginend	.	0	7271376
cruralis_HybSeqProbes_test_with400Ns_beginend	.	0	7271383
cruralis_HybSeqProbes_test_with400Ns_beginend	.	0	7281253
cruralis_HybSeqProbes_test_with400Ns_beginend	.	0	7286934
cruralis_HybSeqProbes_test_with400Ns_beginend	.	0	7286981
cruralis_HybSeqProbes_test_with400Ns_beginend	.	0	7286984
cruralis_HybSeqProbes_test_with400Ns_beginend	.	0	7297919
cruralis_HybSeqProbes_test_with400Ns_beginend	.	0	7307484
cruralis_HybSeqProbes_test_with400Ns_beginend	.	0	7307510
cruralis_HybSeqProbes_test_with400Ns_beginend	.	0	7317415
cruralis_HybSeqProbes_test_with400Ns_beginend	.	0	7317429
cruralis_HybSeqProbes_test_with400Ns_beginend	.	0	7317432
cruralis_HybSeqProbes_test_with400Ns_beginend	.	0	7402003
cruralis_HybSeqProbes_test_with400Ns_beginend	.	0	7402817
cruralis_HybSeqProbes_test_with400Ns_beginend	.	0	7477202
cruralis_HybSeqProbes_test_with400Ns_beginend	.	0	7480022
cruralis_HybSeqProbes_test_with400Ns_beginend	.	0	7522895
cruralis_HybSeqProbes_test_with400Ns_beginend	.	0	7538020
cruralis_HybSeqProbes_test_with400Ns_beginend	.	0	7541768
cruralis_HybSeqProbes_test_with400Ns_beginend	.	0	7581118
cruralis_HybSeqProbes_test_with400Ns_beginend	.	0	7581130
cruralis_HybSeqProbes_test_with400Ns_beginend	.	0	7581640
cruralis_HybSeqProbes_test_with400Ns_beginend	.	0	7581643
cruralis_HybSeqProbes_test_with400Ns_beginend	.	0	7581706
cruralis_HybSeqProbes_test_with400Ns_beginend	.	0	7581709
cruralis_HybSeqProbes_test_with400Ns_beginend	.	0	7619725
cruralis_HybSeqProbes_test_with400Ns_beginend	.	0	7619764
cruralis_HybSeqProbes_test_with400Ns_beginend	.	0	7620509
cruralis_HybSeqProbes_test_with400Ns_beginend	.	0	7620578
cruralis_HybSeqProbes_test_with400Ns_beginend	.	0	7620619
cruralis_HybSeqProbes_test_with400Ns_beginend	.	0	7620620
cruralis_HybSeqProbes_test_with400Ns_beginend	.	0	7620623
cruralis_HybSeqProbes_test_with400Ns_beginend	.	0	7626952
cruralis_HybSeqProbes_test_with400Ns_beginend	.	0	7636389
cruralis_HybSeqProbes_test_with400Ns_beginend	.	0	7636401
cruralis_HybSeqProbes_test_with400Ns_beginend	.	0	7636438
cruralis_HybSeqProbes_test_with400Ns_beginend	.	0	7669119
cruralis_HybSeqProbes_test_with400Ns_beginend	.	0	7698347
cruralis_HybSeqProbes_test_with400Ns_beginend	.	0	7698367
cruralis_HybSeqProbes_test_with400Ns_beginend	.	0	7725845
cruralis_HybSeqProbes_test_with400Ns_beginend	.	0	7725851
cruralis_HybSeqProbes_test_with400Ns_beginend	.	0	7725887
cruralis_HybSeqProbes_test_with400Ns_beginend	.	0	7830443
cruralis_HybSeqProbes_test_with400Ns_beginend	.	0	7830448
cruralis_HybSeqProbes_test_with400Ns_beginend	.	0	7830554
cruralis_HybSeqProbes_test_with400Ns_beginend	.	0	7891441
cruralis_HybSeqProbes_test_with400Ns_beginend	.	0	7913639
cruralis_HybSeqProbes_test_with400Ns_beginend	.	0	7964974
cruralis_HybSeqProbes_test_with400Ns_beginend	.	0	8010857
cruralis_HybSeqProbes_test_with400Ns_beginend	.	0	8010868
cruralis_HybSeqProbes_test_with400Ns_beginend	.	0	8010937
cruralis_HybSeqProbes_test_with400Ns_beginend	.	0	8010970
cruralis_HybSeqProbes_test_with400Ns_beginend	.	0	8011067
cruralis_HybSeqProbes_test_with400Ns_beginend	.	0	8011099
cruralis_HybSeqProbes_test_with400Ns_beginend	.	0	8011114
cruralis_HybSeqProbes_test_with400Ns_beginend	.	0	8026664
cruralis_HybSeqProbes_test_with400Ns_beginend	.	0	8026676
cruralis_HybSeqProbes_test_with400Ns_beginend	.	0	8026802
cruralis_HybSeqProbes_test_with400Ns_beginend	.	0	8058422
cruralis_HybSeqProbes_test_with400Ns_beginend	.	0	8058560
cruralis_HybSeqProbes_test_with400Ns_beginend	.	0	8058561
cruralis_HybSeqProbes_test_with400Ns_beginend	.	0	8058563
cruralis_HybSeqProbes_test_with400Ns_beginend	.	0	8058584
cruralis_HybSeqProbes_test_with400Ns_beginend	.	0	8058617
cruralis_HybSeqProbes_test_with400Ns_beginend	.	0	8128347
cruralis_HybSeqProbes_test_with400Ns_beginend	.	0	8138131
cruralis_HybSeqProbes_test_with400Ns_beginend	.	0	8166556
cruralis_HybSeqProbes_test_with400Ns_beginend	.	0	8166610
cruralis_HybSeqProbes_test_with400Ns_beginend	.	0	8184742
cruralis_HybSeqProbes_test_with400Ns_beginend	.	0	8200976
cruralis_HybSeqProbes_test_with400Ns_beginend	.	0	8209852
cruralis_HybSeqProbes_test_with400Ns_beginend	.	0	8209875
cruralis_HybSeqProbes_test_with400Ns_beginend	.	0	8209905
cruralis_HybSeqProbes_test_with400Ns_beginend	.	0	8209909
cruralis_HybSeqProbes_test_with400Ns_beginend	.	0	8209928
cruralis_HybSeqProbes_test_with400Ns_beginend	.	0	8212118
cruralis_HybSeqProbes_test_with400Ns_beginend	.	0	8245466
cruralis_HybSeqProbes_test_with400Ns_beginend	.	0	8247998
cruralis_HybSeqProbes_test_with400Ns_beginend	.	0	8248121
cruralis_HybSeqProbes_test_with400Ns_beginend	.	0	8255560
cruralis_HybSeqProbes_test_with400Ns_beginend	.	0	8255662
cruralis_HybSeqProbes_test_with400Ns_beginend	.	0	8255686
cruralis_HybSeqProbes_test_with400Ns_beginend	.	0	8256480
cruralis_HybSeqProbes_test_with400Ns_beginend	.	0	8256483
cruralis_HybSeqProbes_test_with400Ns_beginend	.	0	8256486
cruralis_HybSeqProbes_test_with400Ns_beginend	.	0	8256498
cruralis_HybSeqProbes_test_with400Ns_beginend	.	0	8256755
cruralis_HybSeqProbes_test_with400Ns_beginend	.	0	8256803
cruralis_HybSeqProbes_test_with400Ns_beginend	.	0	8256807
cruralis_HybSeqProbes_test_with400Ns_beginend	.	0	8256857
cruralis_HybSeqProbes_test_with400Ns_beginend	.	0	8256891
cruralis_HybSeqProbes_test_with400Ns_beginend	.	0	8264124
cruralis_HybSeqProbes_test_with400Ns_beginend	.	0	8266790
cruralis_HybSeqProbes_test_with400Ns_beginend	.	0	8273080
cruralis_HybSeqProbes_test_with400Ns_beginend	.	0	8273203
cruralis_HybSeqProbes_test_with400Ns_beginend	.	0	8298458
cruralis_HybSeqProbes_test_with400Ns_beginend	.	0	8298568
cruralis_HybSeqProbes_test_with400Ns_beginend	.	0	8298661
cruralis_HybSeqProbes_test_with400Ns_beginend	.	0	8316144
cruralis_HybSeqProbes_test_with400Ns_beginend	.	0	8316150
cruralis_HybSeqProbes_test_with400Ns_beginend	.	0	8358046
cruralis_HybSeqProbes_test_with400Ns_beginend	.	0	8394452
cruralis_HybSeqProbes_test_with400Ns_beginend	.	0	8444678
cruralis_HybSeqProbes_test_with400Ns_beginend	.	0	8444707
cruralis_HybSeqProbes_test_with400Ns_beginend	.	0	8455317
cruralis_HybSeqProbes_test_with400Ns_beginend	.	0	8486837
cruralis_HybSeqProbes_test_with400Ns_beginend	.	0	8500765
cruralis_HybSeqProbes_test_with400Ns_beginend	.	0	8500799
cruralis_HybSeqProbes_test_with400Ns_beginend	.	0	8542367
cruralis_HybSeqProbes_test_with400Ns_beginend	.	0	8625167
cruralis_HybSeqProbes_test_with400Ns_beginend	.	0	8667313
cruralis_HybSeqProbes_test_with400Ns_beginend	.	0	8667316
cruralis_HybSeqProbes_test_with400Ns_beginend	.	0	8667322
cruralis_HybSeqProbes_test_with400Ns_beginend	.	0	8667349
cruralis_HybSeqProbes_test_with400Ns_beginend	.	0	8667352
cruralis_HybSeqProbes_test_with400Ns_beginend	.	0	8667406
cruralis_HybSeqProbes_test_with400Ns_beginend	.	0	8669426
cruralis_HybSeqProbes_test_with400Ns_beginend	.	0	8718096
cruralis_HybSeqProbes_test_with400Ns_beginend	.	0	8752778
cruralis_HybSeqProbes_test_with400Ns_beginend	.	0	8752828
cruralis_HybSeqProbes_test_with400Ns_beginend	.	0	8800388
cruralis_HybSeqProbes_test_with400Ns_beginend	.	0	8861557
cruralis_HybSeqProbes_test_with400Ns_beginend	.	0	8877486
cruralis_HybSeqProbes_test_with400Ns_beginend	.	0	8877537
cruralis_HybSeqProbes_test_with400Ns_beginend	.	0	8893260
cruralis_HybSeqProbes_test_with400Ns_beginend	.	0	8893385
cruralis_HybSeqProbes_test_with400Ns_beginend	.	0	8893492
cruralis_HybSeqProbes_test_with400Ns_beginend	.	0	8893522
cruralis_HybSeqProbes_test_with400Ns_beginend	.	0	8893591
cruralis_HybSeqProbes_test_with400Ns_beginend	.	0	8904963
cruralis_HybSeqProbes_test_with400Ns_beginend	.	0	8904965
cruralis_HybSeqProbes_test_with400Ns_beginend	.	0	8933517
cruralis_HybSeqProbes_test_with400Ns_beginend	.	0	8933529
cruralis_HybSeqProbes_test_with400Ns_beginend	.	0	8933549
cruralis_HybSeqProbes_test_with400Ns_beginend	.	0	8933565
cruralis_HybSeqProbes_test_with400Ns_beginend	.	0	8933590
cruralis_HybSeqProbes_test_with400Ns_beginend	.	0	8939787
cruralis_HybSeqProbes_test_with400Ns_beginend	.	0	8939862
cruralis_HybSeqProbes_test_with400Ns_beginend	.	0	8971547
cruralis_HybSeqProbes_test_with400Ns_beginend	.	0	8971555
cruralis_HybSeqProbes_test_with400Ns_beginend	.	0	8979991
cruralis_HybSeqProbes_test_with400Ns_beginend	.	0	8980180
cruralis_HybSeqProbes_test_with400Ns_beginend	.	0	8984358
cruralis_HybSeqProbes_test_with400Ns_beginend	.	0	8984361
cruralis_HybSeqProbes_test_with400Ns_beginend	.	0	8984376
cruralis_HybSeqProbes_test_with400Ns_beginend	.	0	8984378
cruralis_HybSeqProbes_test_with400Ns_beginend	.	0	8984446
cruralis_HybSeqProbes_test_with400Ns_beginend	.	0	8984795
cruralis_HybSeqProbes_test_with400Ns_beginend	.	0	8984801
cruralis_HybSeqProbes_test_with400Ns_beginend	.	0	8984808
cruralis_HybSeqProbes_test_with400Ns_beginend	.	0	8984868
cruralis_HybSeqProbes_test_with400Ns_beginend	.	0	8984925
cruralis_HybSeqProbes_test_with400Ns_beginend	.	0	9013769
cruralis_HybSeqProbes_test_with400Ns_beginend	.	0	9015171
cruralis_HybSeqProbes_test_with400Ns_beginend	.	0	9024925
cruralis_HybSeqProbes_test_with400Ns_beginend	.	0	9024943
cruralis_HybSeqProbes_test_with400Ns_beginend	.	0	9065801
cruralis_HybSeqProbes_test_with400Ns_beginend	.	0	9122209
cruralis_HybSeqProbes_test_with400Ns_beginend	.	0	9136439
cruralis_HybSeqProbes_test_with400Ns_beginend	.	0	9136451
cruralis_HybSeqProbes_test_with400Ns_beginend	.	0	9197062
cruralis_HybSeqProbes_test_with400Ns_beginend	.	0	9197152
cruralis_HybSeqProbes_test_with400Ns_beginend	.	0	9198128
cruralis_HybSeqProbes_test_with400Ns_beginend	.	0	9198135
cruralis_HybSeqProbes_test_with400Ns_beginend	.	0	9198138
cruralis_HybSeqProbes_test_with400Ns_beginend	.	0	9208031
cruralis_HybSeqProbes_test_with400Ns_beginend	.	0	9222420
cruralis_HybSeqProbes_test_with400Ns_beginend	.	0	9222432
cruralis_HybSeqProbes_test_with400Ns_beginend	.	0	9222440
cruralis_HybSeqProbes_test_with400Ns_beginend	.	0	9222517
cruralis_HybSeqProbes_test_with400Ns_beginend	.	0	9222530
cruralis_HybSeqProbes_test_with400Ns_beginend	.	0	9222646
cruralis_HybSeqProbes_test_with400Ns_beginend	.	0	9222691
cruralis_HybSeqProbes_test_with400Ns_beginend	.	0	9222695
cruralis_HybSeqProbes_test_with400Ns_beginend	.	0	9239187
cruralis_HybSeqProbes_test_with400Ns_beginend	.	0	9276197
cruralis_HybSeqProbes_test_with400Ns_beginend	.	0	9276223
cruralis_HybSeqProbes_test_with400Ns_beginend	.	0	9292033
cruralis_HybSeqProbes_test_with400Ns_beginend	.	0	9302503
cruralis_HybSeqProbes_test_with400Ns_beginend	.	0	9310338
cruralis_HybSeqProbes_test_with400Ns_beginend	.	0	9341942
cruralis_HybSeqProbes_test_with400Ns_beginend	.	0	9341948
cruralis_HybSeqProbes_test_with400Ns_beginend	.	0	9341962
cruralis_HybSeqProbes_test_with400Ns_beginend	.	0	9341994
cruralis_HybSeqProbes_test_with400Ns_beginend	.	0	9342024
cruralis_HybSeqProbes_test_with400Ns_beginend	.	0	9342404
cruralis_HybSeqProbes_test_with400Ns_beginend	.	0	9342425
cruralis_HybSeqProbes_test_with400Ns_beginend	.	0	9410022
cruralis_HybSeqProbes_test_with400Ns_beginend	.	0	9410041
cruralis_HybSeqProbes_test_with400Ns_beginend	.	0	9410051
cruralis_HybSeqProbes_test_with400Ns_beginend	.	0	9410073
cruralis_HybSeqProbes_test_with400Ns_beginend	.	0	9410079
cruralis_HybSeqProbes_test_with400Ns_beginend	.	0	9410111
cruralis_HybSeqProbes_test_with400Ns_beginend	.	0	9410121
cruralis_HybSeqProbes_test_with400Ns_beginend	.	0	9410141
cruralis_HybSeqProbes_test_with400Ns_beginend	.	0	9410148
cruralis_HybSeqProbes_test_with400Ns_beginend	.	0	9410182
cruralis_HybSeqProbes_test_with400Ns_beginend	.	0	9410191
cruralis_HybSeqProbes_test_with400Ns_beginend	.	0	9422758
cruralis_HybSeqProbes_test_with400Ns_beginend	.	0	9460485
cruralis_HybSeqProbes_test_with400Ns_beginend	.	0	9460512
cruralis_HybSeqProbes_test_with400Ns_beginend	.	0	9460889
cruralis_HybSeqProbes_test_with400Ns_beginend	.	0	9460896
cruralis_HybSeqProbes_test_with400Ns_beginend	.	0	9460910
cruralis_HybSeqProbes_test_with400Ns_beginend	.	0	9460914
cruralis_HybSeqProbes_test_with400Ns_beginend	.	0	9460986
cruralis_HybSeqProbes_test_with400Ns_beginend	.	0	9460988
cruralis_HybSeqProbes_test_with400Ns_beginend	.	0	9461035
cruralis_HybSeqProbes_test_with400Ns_beginend	.	0	9471367
cruralis_HybSeqProbes_test_with400Ns_beginend	.	0	9481012
cruralis_HybSeqProbes_test_with400Ns_beginend	.	0	9494900
cruralis_HybSeqProbes_test_with400Ns_beginend	.	0	9495188
cruralis_HybSeqProbes_test_with400Ns_beginend	.	0	9554470
cruralis_HybSeqProbes_test_with400Ns_beginend	.	0	9563798
cruralis_HybSeqProbes_test_with400Ns_beginend	.	0	9563811
cruralis_HybSeqProbes_test_with400Ns_beginend	.	0	9574040
cruralis_HybSeqProbes_test_with400Ns_beginend	.	0	9578038
cruralis_HybSeqProbes_test_with400Ns_beginend	.	0	9602680
cruralis_HybSeqProbes_test_with400Ns_beginend	.	0	9602707
cruralis_HybSeqProbes_test_with400Ns_beginend	.	0	9712597
cruralis_HybSeqProbes_test_with400Ns_beginend	.	0	9712599
cruralis_HybSeqProbes_test_with400Ns_beginend	.	0	9742873
cruralis_HybSeqProbes_test_with400Ns_beginend	.	0	9907287
cruralis_HybSeqProbes_test_with400Ns_beginend	.	0	9928718
cruralis_HybSeqProbes_test_with400Ns_beginend	.	0	9928902
cruralis_HybSeqProbes_test_with400Ns_beginend	.	0	9928927
cruralis_HybSeqProbes_test_with400Ns_beginend	.	0	9929001
cruralis_HybSeqProbes_test_with400Ns_beginend	.	0	9929082
cruralis_HybSeqProbes_test_with400Ns_beginend	.	0	9929114
cruralis_HybSeqProbes_test_with400Ns_beginend	.	0	9929187
cruralis_HybSeqProbes_test_with400Ns_beginend	.	0	9929188
cruralis_HybSeqProbes_test_with400Ns_beginend	.	0	9931216
cruralis_HybSeqProbes_test_with400Ns_beginend	.	0	9960917
cruralis_HybSeqProbes_test_with400Ns_beginend	.	0	9961117
cruralis_HybSeqProbes_test_with400Ns_beginend	.	0	10114915
cruralis_HybSeqProbes_test_with400Ns_beginend	.	0	10139488
cruralis_HybSeqProbes_test_with400Ns_beginend	.	0	10139657
cruralis_HybSeqProbes_test_with400Ns_beginend	.	0	10143480
cruralis_HybSeqProbes_test_with400Ns_beginend	.	0	10156752
cruralis_HybSeqProbes_test_with400Ns_beginend	.	0	10156803
cruralis_HybSeqProbes_test_with400Ns_beginend	.	0	10222201
cruralis_HybSeqProbes_test_with400Ns_beginend	.	0	10270595
cruralis_HybSeqProbes_test_with400Ns_beginend	.	0	10270720
cruralis_HybSeqProbes_test_with400Ns_beginend	.	0	10270839
cruralis_HybSeqProbes_test_with400Ns_beginend	.	0	10323580
cruralis_HybSeqProbes_test_with400Ns_beginend	.	0	10323825
cruralis_HybSeqProbes_test_with400Ns_beginend	.	0	10323846
cruralis_HybSeqProbes_test_with400Ns_beginend	.	0	10323855
cruralis_HybSeqProbes_test_with400Ns_beginend	.	0	10337807
cruralis_HybSeqProbes_test_with400Ns_beginend	.	0	10337810
cruralis_HybSeqProbes_test_with400Ns_beginend	.	0	10398290
cruralis_HybSeqProbes_test_with400Ns_beginend	.	0	10398407
cruralis_HybSeqProbes_test_with400Ns_beginend	.	0	10469247
cruralis_HybSeqProbes_test_with400Ns_beginend	.	0	10469307
cruralis_HybSeqProbes_test_with400Ns_beginend	.	0	10530174
cruralis_HybSeqProbes_test_with400Ns_beginend	.	0	10604012
cruralis_HybSeqProbes_test_with400Ns_beginend	.	0	10617094
cruralis_HybSeqProbes_test_with400Ns_beginend	.	0	10622918
cruralis_HybSeqProbes_test_with400Ns_beginend	.	0	10670336
cruralis_HybSeqProbes_test_with400Ns_beginend	.	0	10670351
cruralis_HybSeqProbes_test_with400Ns_beginend	.	0	10670474
cruralis_HybSeqProbes_test_with400Ns_beginend	.	0	10670488
cruralis_HybSeqProbes_test_with400Ns_beginend	.	0	10670522
cruralis_HybSeqProbes_test_with400Ns_beginend	.	0	10695523
cruralis_HybSeqProbes_test_with400Ns_beginend	.	0	10711593
cruralis_HybSeqProbes_test_with400Ns_beginend	.	0	10711646
cruralis_HybSeqProbes_test_with400Ns_beginend	.	0	10718530
cruralis_HybSeqProbes_test_with400Ns_beginend	.	0	10734952
cruralis_HybSeqProbes_test_with400Ns_beginend	.	0	10748093
cruralis_HybSeqProbes_test_with400Ns_beginend	.	0	10748303
cruralis_HybSeqProbes_test_with400Ns_beginend	.	0	10750286
cruralis_HybSeqProbes_test_with400Ns_beginend	.	0	10750288
cruralis_HybSeqProbes_test_with400Ns_beginend	.	0	10773505
cruralis_HybSeqProbes_test_with400Ns_beginend	.	0	10773522
cruralis_HybSeqProbes_test_with400Ns_beginend	.	0	10773531
cruralis_HybSeqProbes_test_with400Ns_beginend	.	0	10773540
cruralis_HybSeqProbes_test_with400Ns_beginend	.	0	10843540
cruralis_HybSeqProbes_test_with400Ns_beginend	.	0	10876286
cruralis_HybSeqProbes_test_with400Ns_beginend	.	0	10900684
cruralis_HybSeqProbes_test_with400Ns_beginend	.	0	10946982
cruralis_HybSeqProbes_test_with400Ns_beginend	.	0	10947005
cruralis_HybSeqProbes_test_with400Ns_beginend	.	0	11014166
cruralis_HybSeqProbes_test_with400Ns_beginend	.	0	11025055
cruralis_HybSeqProbes_test_with400Ns_beginend	.	0	11025109
cruralis_HybSeqProbes_test_with400Ns_beginend	.	0	11025113
cruralis_HybSeqProbes_test_with400Ns_beginend	.	0	11052587
cruralis_HybSeqProbes_test_with400Ns_beginend	.	0	11053713
cruralis_HybSeqProbes_test_with400Ns_beginend	.	0	11053823
cruralis_HybSeqProbes_test_with400Ns_beginend	.	0	11064765
cruralis_HybSeqProbes_test_with400Ns_beginend	.	0	11247199
cruralis_HybSeqProbes_test_with400Ns_beginend	.	0	11247235
cruralis_HybSeqProbes_test_with400Ns_beginend	.	0	11247243
cruralis_HybSeqProbes_test_with400Ns_beginend	.	0	11247245
cruralis_HybSeqProbes_test_with400Ns_beginend	.	0	11247246
cruralis_HybSeqProbes_test_with400Ns_beginend	.	0	11262414
cruralis_HybSeqProbes_test_with400Ns_beginend	.	0	11281371
cruralis_HybSeqProbes_test_with400Ns_beginend	.	0	11281374
cruralis_HybSeqProbes_test_with400Ns_beginend	.	0	11346865
cruralis_HybSeqProbes_test_with400Ns_beginend	.	0	11346907
cruralis_HybSeqProbes_test_with400Ns_beginend	.	0	11356580
cruralis_HybSeqProbes_test_with400Ns_beginend	.	0	11408462
cruralis_HybSeqProbes_test_with400Ns_beginend	.	0	11414452
cruralis_HybSeqProbes_test_with400Ns_beginend	.	0	11414455
cruralis_HybSeqProbes_test_with400Ns_beginend	.	0	11414476
cruralis_HybSeqProbes_test_with400Ns_beginend	.	0	11414494
cruralis_HybSeqProbes_test_with400Ns_beginend	.	0	11414500
cruralis_HybSeqProbes_test_with400Ns_beginend	.	0	11414515
cruralis_HybSeqProbes_test_with400Ns_beginend	.	0	11414548
cruralis_HybSeqProbes_test_with400Ns_beginend	.	0	11414551
cruralis_HybSeqProbes_test_with400Ns_beginend	.	0	11414553
cruralis_HybSeqProbes_test_with400Ns_beginend	.	0	11414587
cruralis_HybSeqProbes_test_with400Ns_beginend	.	0	11414608
cruralis_HybSeqProbes_test_with400Ns_beginend	.	0	11414623
cruralis_HybSeqProbes_test_with400Ns_beginend	.	0	11424602
cruralis_HybSeqProbes_test_with400Ns_beginend	.	0	11429520
cruralis_HybSeqProbes_test_with400Ns_beginend	.	0	11454973
cruralis_HybSeqProbes_test_with400Ns_beginend	.	0	11455018
cruralis_HybSeqProbes_test_with400Ns_beginend	.	0	11481365
cruralis_HybSeqProbes_test_with400Ns_beginend	.	0	11481388
cruralis_HybSeqProbes_test_with400Ns_beginend	.	0	11481496
cruralis_HybSeqProbes_test_with400Ns_beginend	.	0	11481557
cruralis_HybSeqProbes_test_with400Ns_beginend	.	0	11481566
cruralis_HybSeqProbes_test_with400Ns_beginend	.	0	11498935
cruralis_HybSeqProbes_test_with400Ns_beginend	.	0	11498973
cruralis_HybSeqProbes_test_with400Ns_beginend	.	0	11498993
cruralis_HybSeqProbes_test_with400Ns_beginend	.	0	11509055
cruralis_HybSeqProbes_test_with400Ns_beginend	.	0	11509073
cruralis_HybSeqProbes_test_with400Ns_beginend	.	0	11535736
cruralis_HybSeqProbes_test_with400Ns_beginend	.	0	11537088
cruralis_HybSeqProbes_test_with400Ns_beginend	.	0	11537114
cruralis_HybSeqProbes_test_with400Ns_beginend	.	0	11537116
cruralis_HybSeqProbes_test_with400Ns_beginend	.	0	11537138
cruralis_HybSeqProbes_test_with400Ns_beginend	.	0	11537164
cruralis_HybSeqProbes_test_with400Ns_beginend	.	0	11537192
cruralis_HybSeqProbes_test_with400Ns_beginend	.	0	11537242
cruralis_HybSeqProbes_test_with400Ns_beginend	.	0	11553903
cruralis_HybSeqProbes_test_with400Ns_beginend	.	0	11641680
cruralis_HybSeqProbes_test_with400Ns_beginend	.	0	11641713
cruralis_HybSeqProbes_test_with400Ns_beginend	.	0	11641800
cruralis_HybSeqProbes_test_with400Ns_beginend	.	0	11641811
cruralis_HybSeqProbes_test_with400Ns_beginend	.	0	11641866
cruralis_HybSeqProbes_test_with400Ns_beginend	.	0	11645041
cruralis_HybSeqProbes_test_with400Ns_beginend	.	0	11645140
cruralis_HybSeqProbes_test_with400Ns_beginend	.	0	11645165
cruralis_HybSeqProbes_test_with400Ns_beginend	.	0	11645216
cruralis_HybSeqProbes_test_with400Ns_beginend	.	0	11730399
cruralis_HybSeqProbes_test_with400Ns_beginend	.	0	11749480
cruralis_HybSeqProbes_test_with400Ns_beginend	.	0	11749597
cruralis_HybSeqProbes_test_with400Ns_beginend	.	0	11749867
cruralis_HybSeqProbes_test_with400Ns_beginend	.	0	11749897
cruralis_HybSeqProbes_test_with400Ns_beginend	.	0	11749927
cruralis_HybSeqProbes_test_with400Ns_beginend	.	0	11770960
cruralis_HybSeqProbes_test_with400Ns_beginend	.	0	11782481
cruralis_HybSeqProbes_test_with400Ns_beginend	.	0	11782566
cruralis_HybSeqProbes_test_with400Ns_beginend	.	0	11782569
cruralis_HybSeqProbes_test_with400Ns_beginend	.	0	11880010
cruralis_HybSeqProbes_test_with400Ns_beginend	.	0	11921219
cruralis_HybSeqProbes_test_with400Ns_beginend	.	0	11923824
cruralis_HybSeqProbes_test_with400Ns_beginend	.	0	11923826
cruralis_HybSeqProbes_test_with400Ns_beginend	.	0	11923884
cruralis_HybSeqProbes_test_with400Ns_beginend	.	0	11923890
cruralis_HybSeqProbes_test_with400Ns_beginend	.	0	11924035
cruralis_HybSeqProbes_test_with400Ns_beginend	.	0	11924044
cruralis_HybSeqProbes_test_with400Ns_beginend	.	0	11954120
cruralis_HybSeqProbes_test_with400Ns_beginend	.	0	11954246
cruralis_HybSeqProbes_test_with400Ns_beginend	.	0	11965846
cruralis_HybSeqProbes_test_with400Ns_beginend	.	0	11965848
cruralis_HybSeqProbes_test_with400Ns_beginend	.	0	11965944
cruralis_HybSeqProbes_test_with400Ns_beginend	.	0	11966024
cruralis_HybSeqProbes_test_with400Ns_beginend	.	0	11966043
cruralis_HybSeqProbes_test_with400Ns_beginend	.	0	11966058
cruralis_HybSeqProbes_test_with400Ns_beginend	.	0	11966091
cruralis_HybSeqProbes_test_with400Ns_beginend	.	0	11966181
cruralis_HybSeqProbes_test_with400Ns_beginend	.	0	11966301
cruralis_HybSeqProbes_test_with400Ns_beginend	.	0	11966349
cruralis_HybSeqProbes_test_with400Ns_beginend	.	0	12001991
cruralis_HybSeqProbes_test_with400Ns_beginend	.	0	12001998
cruralis_HybSeqProbes_test_with400Ns_beginend	.	0	12002043
cruralis_HybSeqProbes_test_with400Ns_beginend	.	0	12002050
cruralis_HybSeqProbes_test_with400Ns_beginend	.	0	12002103
cruralis_HybSeqProbes_test_with400Ns_beginend	.	0	12002137
cruralis_HybSeqProbes_test_with400Ns_beginend	.	0	12002145
cruralis_HybSeqProbes_test_with400Ns_beginend	.	0	12062970
cruralis_HybSeqProbes_test_with400Ns_beginend	.	0	12072425
cruralis_HybSeqProbes_test_with400Ns_beginend	.	0	12107758
cruralis_HybSeqProbes_test_with400Ns_beginend	.	0	12107809
cruralis_HybSeqProbes_test_with400Ns_beginend	.	0	12123664
cruralis_HybSeqProbes_test_with400Ns_beginend	.	0	12123673
cruralis_HybSeqProbes_test_with400Ns_beginend	.	0	12123862
cruralis_HybSeqProbes_test_with400Ns_beginend	.	0	12123877
cruralis_HybSeqProbes_test_with400Ns_beginend	.	0	12123905
cruralis_HybSeqProbes_test_with400Ns_beginend	.	0	12123908
cruralis_HybSeqProbes_test_with400Ns_beginend	.	0	12123909
cruralis_HybSeqProbes_test_with400Ns_beginend	.	0	12123928
cruralis_HybSeqProbes_test_with400Ns_beginend	.	0	12123930
cruralis_HybSeqProbes_test_with400Ns_beginend	.	0	12177318
cruralis_HybSeqProbes_test_with400Ns_beginend	.	0	12208930
cruralis_HybSeqProbes_test_with400Ns_beginend	.	0	12209000
cruralis_HybSeqProbes_test_with400Ns_beginend	.	0	12215484
cruralis_HybSeqProbes_test_with400Ns_beginend	.	0	12227973
cruralis_HybSeqProbes_test_with400Ns_beginend	.	0	12228357
cruralis_HybSeqProbes_test_with400Ns_beginend	.	0	12232844
cruralis_HybSeqProbes_test_with400Ns_beginend	.	0	12232859
cruralis_HybSeqProbes_test_with400Ns_beginend	.	0	12308883
cruralis_HybSeqProbes_test_with400Ns_beginend	.	0	12309985
cruralis_HybSeqProbes_test_with400Ns_beginend	.	0	12314984
cruralis_HybSeqProbes_test_with400Ns_beginend	.	0	12323407
cruralis_HybSeqProbes_test_with400Ns_beginend	.	0	12323476
cruralis_HybSeqProbes_test_with400Ns_beginend	.	0	12323598
cruralis_HybSeqProbes_test_with400Ns_beginend	.	0	12332046
cruralis_HybSeqProbes_test_with400Ns_beginend	.	0	12358484
cruralis_HybSeqProbes_test_with400Ns_beginend	.	0	12397689
cruralis_HybSeqProbes_test_with400Ns_beginend	.	0	12397694
cruralis_HybSeqProbes_test_with400Ns_beginend	.	0	12425083
cruralis_HybSeqProbes_test_with400Ns_beginend	.	0	12425084
cruralis_HybSeqProbes_test_with400Ns_beginend	.	0	12447368
cruralis_HybSeqProbes_test_with400Ns_beginend	.	0	12447455
cruralis_HybSeqProbes_test_with400Ns_beginend	.	0	12447483
cruralis_HybSeqProbes_test_with400Ns_beginend	.	0	12447512
cruralis_HybSeqProbes_test_with400Ns_beginend	.	0	12447623
cruralis_HybSeqProbes_test_with400Ns_beginend	.	0	12479781
cruralis_HybSeqProbes_test_with400Ns_beginend	.	0	12531700
cruralis_HybSeqProbes_test_with400Ns_beginend	.	0	12548674
cruralis_HybSeqProbes_test_with400Ns_beginend	.	0	12548675
cruralis_HybSeqProbes_test_with400Ns_beginend	.	0	12548758
cruralis_HybSeqProbes_test_with400Ns_beginend	.	0	12575237
cruralis_HybSeqProbes_test_with400Ns_beginend	.	0	12575309
cruralis_HybSeqProbes_test_with400Ns_beginend	.	0	12744114
cruralis_HybSeqProbes_test_with400Ns_beginend	.	0	12744187
cruralis_HybSeqProbes_test_with400Ns_beginend	.	0	12744209
cruralis_HybSeqProbes_test_with400Ns_beginend	.	0	12744242
cruralis_HybSeqProbes_test_with400Ns_beginend	.	0	12773970
cruralis_HybSeqProbes_test_with400Ns_beginend	.	0	12773989
cruralis_HybSeqProbes_test_with400Ns_beginend	.	0	12774070
cruralis_HybSeqProbes_test_with400Ns_beginend	.	0	12786138
cruralis_HybSeqProbes_test_with400Ns_beginend	.	0	12786174
cruralis_HybSeqProbes_test_with400Ns_beginend	.	0	12825784
cruralis_HybSeqProbes_test_with400Ns_beginend	.	0	12825787
cruralis_HybSeqProbes_test_with400Ns_beginend	.	0	12825796
cruralis_HybSeqProbes_test_with400Ns_beginend	.	0	12825799
cruralis_HybSeqProbes_test_with400Ns_beginend	.	0	12825872
cruralis_HybSeqProbes_test_with400Ns_beginend	.	0	12826120
cruralis_HybSeqProbes_test_with400Ns_beginend	.	0	12826431
cruralis_HybSeqProbes_test_with400Ns_beginend	.	0	12830755
cruralis_HybSeqProbes_test_with400Ns_beginend	.	0	12830794
cruralis_HybSeqProbes_test_with400Ns_beginend	.	0	12839866
cruralis_HybSeqProbes_test_with400Ns_beginend	.	0	12840968
cruralis_HybSeqProbes_test_with400Ns_beginend	.	0	12842312
cruralis_HybSeqProbes_test_with400Ns_beginend	.	0	12864558
cruralis_HybSeqProbes_test_with400Ns_beginend	.	0	12864561
cruralis_HybSeqProbes_test_with400Ns_beginend	.	0	12864632
cruralis_HybSeqProbes_test_with400Ns_beginend	.	0	12864652
cruralis_HybSeqProbes_test_with400Ns_beginend	.	0	12864656
cruralis_HybSeqProbes_test_with400Ns_beginend	.	0	12864663
cruralis_HybSeqProbes_test_with400Ns_beginend	.	0	12867287
cruralis_HybSeqProbes_test_with400Ns_beginend	.	0	12906885
cruralis_HybSeqProbes_test_with400Ns_beginend	.	0	12906897
cruralis_HybSeqProbes_test_with400Ns_beginend	.	0	12911739
cruralis_HybSeqProbes_test_with400Ns_beginend	.	0	12960653
cruralis_HybSeqProbes_test_with400Ns_beginend	.	0	12961589
cruralis_HybSeqProbes_test_with400Ns_beginend	.	0	12962904
cruralis_HybSeqProbes_test_with400Ns_beginend	.	0	12962920
cruralis_HybSeqProbes_test_with400Ns_beginend	.	0	12962922
cruralis_HybSeqProbes_test_with400Ns_beginend	.	0	12975408
cruralis_HybSeqProbes_test_with400Ns_beginend	.	0	12975454
cruralis_HybSeqProbes_test_with400Ns_beginend	.	0	12987122
cruralis_HybSeqProbes_test_with400Ns_beginend	.	0	12987125
cruralis_HybSeqProbes_test_with400Ns_beginend	.	0	12987131
cruralis_HybSeqProbes_test_with400Ns_beginend	.	0	12987173
cruralis_HybSeqProbes_test_with400Ns_beginend	.	0	12987621
cruralis_HybSeqProbes_test_with400Ns_beginend	.	0	13016786
cruralis_HybSeqProbes_test_with400Ns_beginend	.	0	13030749
cruralis_HybSeqProbes_test_with400Ns_beginend	.	0	13030767
cruralis_HybSeqProbes_test_with400Ns_beginend	.	0	13031133
cruralis_HybSeqProbes_test_with400Ns_beginend	.	0	13031143
cruralis_HybSeqProbes_test_with400Ns_beginend	.	0	13034973
cruralis_HybSeqProbes_test_with400Ns_beginend	.	0	13046688
cruralis_HybSeqProbes_test_with400Ns_beginend	.	0	13046690
cruralis_HybSeqProbes_test_with400Ns_beginend	.	0	13056643
cruralis_HybSeqProbes_test_with400Ns_beginend	.	0	13118340
cruralis_HybSeqProbes_test_with400Ns_beginend	.	0	13155411
cruralis_HybSeqProbes_test_with400Ns_beginend	.	0	13192583
cruralis_HybSeqProbes_test_with400Ns_beginend	.	0	13243050
cruralis_HybSeqProbes_test_with400Ns_beginend	.	0	13243061
cruralis_HybSeqProbes_test_with400Ns_beginend	.	0	13243580
cruralis_HybSeqProbes_test_with400Ns_beginend	.	0	13243599
cruralis_HybSeqProbes_test_with400Ns_beginend	.	0	13284349
cruralis_HybSeqProbes_test_with400Ns_beginend	.	0	13284377
cruralis_HybSeqProbes_test_with400Ns_beginend	.	0	13284395
cruralis_HybSeqProbes_test_with400Ns_beginend	.	0	13284424
cruralis_HybSeqProbes_test_with400Ns_beginend	.	0	13284447
cruralis_HybSeqProbes_test_with400Ns_beginend	.	0	13284453
cruralis_HybSeqProbes_test_with400Ns_beginend	.	0	13284461
cruralis_HybSeqProbes_test_with400Ns_beginend	.	0	13284485
cruralis_HybSeqProbes_test_with400Ns_beginend	.	0	13284494
cruralis_HybSeqProbes_test_with400Ns_beginend	.	0	13284524
cruralis_HybSeqProbes_test_with400Ns_beginend	.	0	13284551
cruralis_HybSeqProbes_test_with400Ns_beginend	.	0	13309463
cruralis_HybSeqProbes_test_with400Ns_beginend	.	0	13309493
cruralis_HybSeqProbes_test_with400Ns_beginend	.	0	13318047
cruralis_HybSeqProbes_test_with400Ns_beginend	.	0	13386878
cruralis_HybSeqProbes_test_with400Ns_beginend	.	0	13386920
cruralis_HybSeqProbes_test_with400Ns_beginend	.	0	13386930
cruralis_HybSeqProbes_test_with400Ns_beginend	.	0	13386933
cruralis_HybSeqProbes_test_with400Ns_beginend	.	0	13386940
cruralis_HybSeqProbes_test_with400Ns_beginend	.	0	13386953
cruralis_HybSeqProbes_test_with400Ns_beginend	.	0	13386970
cruralis_HybSeqProbes_test_with400Ns_beginend	.	0	13386983
cruralis_HybSeqProbes_test_with400Ns_beginend	.	0	13386985
cruralis_HybSeqProbes_test_with400Ns_beginend	.	0	13386995
cruralis_HybSeqProbes_test_with400Ns_beginend	.	0	13403593
cruralis_HybSeqProbes_test_with400Ns_beginend	.	0	13536268
cruralis_HybSeqProbes_test_with400Ns_beginend	.	0	13611253
cruralis_HybSeqProbes_test_with400Ns_beginend	.	0	13611277
cruralis_HybSeqProbes_test_with400Ns_beginend	.	0	13620921
cruralis_HybSeqProbes_test_with400Ns_beginend	.	0	13620936
cruralis_HybSeqProbes_test_with400Ns_beginend	.	0	13656694
cruralis_HybSeqProbes_test_with400Ns_beginend	.	0	13656697
cruralis_HybSeqProbes_test_with400Ns_beginend	.	0	13658310
cruralis_HybSeqProbes_test_with400Ns_beginend	.	0	13672309
cruralis_HybSeqProbes_test_with400Ns_beginend	.	0	13672318
cruralis_HybSeqProbes_test_with400Ns_beginend	.	0	13672340
cruralis_HybSeqProbes_test_with400Ns_beginend	.	0	13720670
cruralis_HybSeqProbes_test_with400Ns_beginend	.	0	13769832
cruralis_HybSeqProbes_test_with400Ns_beginend	.	0	13769925
cruralis_HybSeqProbes_test_with400Ns_beginend	.	0	13770017
cruralis_HybSeqProbes_test_with400Ns_beginend	.	0	13770086
cruralis_HybSeqProbes_test_with400Ns_beginend	.	0	13771126
cruralis_HybSeqProbes_test_with400Ns_beginend	.	0	13783605
cruralis_HybSeqProbes_test_with400Ns_beginend	.	0	13790859
cruralis_HybSeqProbes_test_with400Ns_beginend	.	0	13807868
cruralis_HybSeqProbes_test_with400Ns_beginend	.	0	13846840
cruralis_HybSeqProbes_test_with400Ns_beginend	.	0	13846861
cruralis_HybSeqProbes_test_with400Ns_beginend	.	0	13847032
cruralis_HybSeqProbes_test_with400Ns_beginend	.	0	13847053
cruralis_HybSeqProbes_test_with400Ns_beginend	.	0	13847113
cruralis_HybSeqProbes_test_with400Ns_beginend	.	0	13865694
cruralis_HybSeqProbes_test_with400Ns_beginend	.	0	13890002
cruralis_HybSeqProbes_test_with400Ns_beginend	.	0	13912595
cruralis_HybSeqProbes_test_with400Ns_beginend	.	0	13936274
cruralis_HybSeqProbes_test_with400Ns_beginend	.	0	13936322
cruralis_HybSeqProbes_test_with400Ns_beginend	.	0	13948864
cruralis_HybSeqProbes_test_with400Ns_beginend	.	0	13988570
cruralis_HybSeqProbes_test_with400Ns_beginend	.	0	13988582
cruralis_HybSeqProbes_test_with400Ns_beginend	.	0	13989785
cruralis_HybSeqProbes_test_with400Ns_beginend	.	0	13992249
cruralis_HybSeqProbes_test_with400Ns_beginend	.	0	13992268
cruralis_HybSeqProbes_test_with400Ns_beginend	.	0	14044298
cruralis_HybSeqProbes_test_with400Ns_beginend	.	0	14115486
cruralis_HybSeqProbes_test_with400Ns_beginend	.	0	14127071
cruralis_HybSeqProbes_test_with400Ns_beginend	.	0	14161574
cruralis_HybSeqProbes_test_with400Ns_beginend	.	0	14168004
cruralis_HybSeqProbes_test_with400Ns_beginend	.	0	14173392
cruralis_HybSeqProbes_test_with400Ns_beginend	.	0	14254269
cruralis_HybSeqProbes_test_with400Ns_beginend	.	0	14254327
cruralis_HybSeqProbes_test_with400Ns_beginend	.	0	14263313
cruralis_HybSeqProbes_test_with400Ns_beginend	.	0	14263344
cruralis_HybSeqProbes_test_with400Ns_beginend	.	0	14263357
cruralis_HybSeqProbes_test_with400Ns_beginend	.	0	14263373
cruralis_HybSeqProbes_test_with400Ns_beginend	.	0	14316791
cruralis_HybSeqProbes_test_with400Ns_beginend	.	0	14316797
cruralis_HybSeqProbes_test_with400Ns_beginend	.	0	14316849
cruralis_HybSeqProbes_test_with400Ns_beginend	.	0	14316850
cruralis_HybSeqProbes_test_with400Ns_beginend	.	0	14316892
cruralis_HybSeqProbes_test_with400Ns_beginend	.	0	14343288
cruralis_HybSeqProbes_test_with400Ns_beginend	.	0	14380898
cruralis_HybSeqProbes_test_with400Ns_beginend	.	0	14421595
cruralis_HybSeqProbes_test_with400Ns_beginend	.	0	14421829
cruralis_HybSeqProbes_test_with400Ns_beginend	.	0	14453249
cruralis_HybSeqProbes_test_with400Ns_beginend	.	0	14453250
cruralis_HybSeqProbes_test_with400Ns_beginend	.	0	14453259
cruralis_HybSeqProbes_test_with400Ns_beginend	.	0	14453271
cruralis_HybSeqProbes_test_with400Ns_beginend	.	0	14453282
cruralis_HybSeqProbes_test_with400Ns_beginend	.	0	14453294
cruralis_HybSeqProbes_test_with400Ns_beginend	.	0	14453306
cruralis_HybSeqProbes_test_with400Ns_beginend	.	0	14453323
cruralis_HybSeqProbes_test_with400Ns_beginend	.	0	14653591
cruralis_HybSeqProbes_test_with400Ns_beginend	.	0	14653621
cruralis_HybSeqProbes_test_with400Ns_beginend	.	0	14662274
cruralis_HybSeqProbes_test_with400Ns_beginend	.	0	14662382
cruralis_HybSeqProbes_test_with400Ns_beginend	.	0	14668162
cruralis_HybSeqProbes_test_with400Ns_beginend	.	0	14668186
cruralis_HybSeqProbes_test_with400Ns_beginend	.	0	14668207
cruralis_HybSeqProbes_test_with400Ns_beginend	.	0	14668210
cruralis_HybSeqProbes_test_with400Ns_beginend	.	0	14674360
cruralis_HybSeqProbes_test_with400Ns_beginend	.	0	14674361
cruralis_HybSeqProbes_test_with400Ns_beginend	.	0	14674388
cruralis_HybSeqProbes_test_with400Ns_beginend	.	0	14687416
cruralis_HybSeqProbes_test_with400Ns_beginend	.	0	14695342
cruralis_HybSeqProbes_test_with400Ns_beginend	.	0	14695431
cruralis_HybSeqProbes_test_with400Ns_beginend	.	0	14733371
cruralis_HybSeqProbes_test_with400Ns_beginend	.	0	14733618
cruralis_HybSeqProbes_test_with400Ns_beginend	.	0	14738197
cruralis_HybSeqProbes_test_with400Ns_beginend	.	0	14738242
cruralis_HybSeqProbes_test_with400Ns_beginend	.	0	14740538
cruralis_HybSeqProbes_test_with400Ns_beginend	.	0	14756386
cruralis_HybSeqProbes_test_with400Ns_beginend	.	0	14756440
cruralis_HybSeqProbes_test_with400Ns_beginend	.	0	14756441
cruralis_HybSeqProbes_test_with400Ns_beginend	.	0	14756545
cruralis_HybSeqProbes_test_with400Ns_beginend	.	0	14756551
cruralis_HybSeqProbes_test_with400Ns_beginend	.	0	14756674
cruralis_HybSeqProbes_test_with400Ns_beginend	.	0	14756686
cruralis_HybSeqProbes_test_with400Ns_beginend	.	0	14795675
cruralis_HybSeqProbes_test_with400Ns_beginend	.	0	14801918
cruralis_HybSeqProbes_test_with400Ns_beginend	.	0	14801948
cruralis_HybSeqProbes_test_with400Ns_beginend	.	0	14801949
cruralis_HybSeqProbes_test_with400Ns_beginend	.	0	14801951
cruralis_HybSeqProbes_test_with400Ns_beginend	.	0	14824451
cruralis_HybSeqProbes_test_with400Ns_beginend	.	0	14824529
cruralis_HybSeqProbes_test_with400Ns_beginend	.	0	14824553
cruralis_HybSeqProbes_test_with400Ns_beginend	.	0	14855711
cruralis_HybSeqProbes_test_with400Ns_beginend	.	0	14860847
cruralis_HybSeqProbes_test_with400Ns_beginend	.	0	14860955
cruralis_HybSeqProbes_test_with400Ns_beginend	.	0	14862328
cruralis_HybSeqProbes_test_with400Ns_beginend	.	0	14880388
cruralis_HybSeqProbes_test_with400Ns_beginend	.	0	14889537
cruralis_HybSeqProbes_test_with400Ns_beginend	.	0	14889543
cruralis_HybSeqProbes_test_with400Ns_beginend	.	0	14889550
cruralis_HybSeqProbes_test_with400Ns_beginend	.	0	14895036
cruralis_HybSeqProbes_test_with400Ns_beginend	.	0	14895053
cruralis_HybSeqProbes_test_with400Ns_beginend	.	0	14895068
cruralis_HybSeqProbes_test_with400Ns_beginend	.	0	14895069
cruralis_HybSeqProbes_test_with400Ns_beginend	.	0	14895070
cruralis_HybSeqProbes_test_with400Ns_beginend	.	0	14895071
cruralis_HybSeqProbes_test_with400Ns_beginend	.	0	14895078
cruralis_HybSeqProbes_test_with400Ns_beginend	.	0	14895105
cruralis_HybSeqProbes_test_with400Ns_beginend	.	0	14895108
cruralis_HybSeqProbes_test_with400Ns_beginend	.	0	14895116
cruralis_HybSeqProbes_test_with400Ns_beginend	.	0	14895134
cruralis_HybSeqProbes_test_with400Ns_beginend	.	0	14895152
cruralis_HybSeqProbes_test_with400Ns_beginend	.	0	14895165
cruralis_HybSeqProbes_test_with400Ns_beginend	.	0	14895167
cruralis_HybSeqProbes_test_with400Ns_beginend	.	0	14895179
cruralis_HybSeqProbes_test_with400Ns_beginend	.	0	14895203
cruralis_HybSeqProbes_test_with400Ns_beginend	.	0	14895204
cruralis_HybSeqProbes_test_with400Ns_beginend	.	0	14895263
cruralis_HybSeqProbes_test_with400Ns_beginend	.	0	14895314
cruralis_HybSeqProbes_test_with400Ns_beginend	.	0	14895329
cruralis_HybSeqProbes_test_with400Ns_beginend	.	0	14895371
cruralis_HybSeqProbes_test_with400Ns_beginend	.	0	14895378
cruralis_HybSeqProbes_test_with400Ns_beginend	.	0	14895417
cruralis_HybSeqProbes_test_with400Ns_beginend	.	0	14895443
cruralis_HybSeqProbes_test_with400Ns_beginend	.	0	14895464
cruralis_HybSeqProbes_test_with400Ns_beginend	.	0	14903664
cruralis_HybSeqProbes_test_with400Ns_beginend	.	0	14903674
cruralis_HybSeqProbes_test_with400Ns_beginend	.	0	14903722
cruralis_HybSeqProbes_test_with400Ns_beginend	.	0	14903802
cruralis_HybSeqProbes_test_with400Ns_beginend	.	0	14903961
cruralis_HybSeqProbes_test_with400Ns_beginend	.	0	14940240
cruralis_HybSeqProbes_test_with400Ns_beginend	.	0	14940252
cruralis_HybSeqProbes_test_with400Ns_beginend	.	0	14940255
cruralis_HybSeqProbes_test_with400Ns_beginend	.	0	14986171
cruralis_HybSeqProbes_test_with400Ns_beginend	.	0	15102485
cruralis_HybSeqProbes_test_with400Ns_beginend	.	0	15102524
cruralis_HybSeqProbes_test_with400Ns_beginend	.	0	15102654
cruralis_HybSeqProbes_test_with400Ns_beginend	.	0	15102705
cruralis_HybSeqProbes_test_with400Ns_beginend	.	0	15119678
cruralis_HybSeqProbes_test_with400Ns_beginend	.	0	15119744
cruralis_HybSeqProbes_test_with400Ns_beginend	.	0	15155909
cruralis_HybSeqProbes_test_with400Ns_beginend	.	0	15160213
cruralis_HybSeqProbes_test_with400Ns_beginend	.	0	15160221
cruralis_HybSeqProbes_test_with400Ns_beginend	.	0	15160229
cruralis_HybSeqProbes_test_with400Ns_beginend	.	0	15165588
cruralis_HybSeqProbes_test_with400Ns_beginend	.	0	15178405
cruralis_HybSeqProbes_test_with400Ns_beginend	.	0	15178564
cruralis_HybSeqProbes_test_with400Ns_beginend	.	0	15178585
cruralis_HybSeqProbes_test_with400Ns_beginend	.	0	15180077
cruralis_HybSeqProbes_test_with400Ns_beginend	.	0	15188266
cruralis_HybSeqProbes_test_with400Ns_beginend	.	0	15331636
cruralis_HybSeqProbes_test_with400Ns_beginend	.	0	15331656
cruralis_HybSeqProbes_test_with400Ns_beginend	.	0	15356543
cruralis_HybSeqProbes_test_with400Ns_beginend	.	0	15356577
cruralis_HybSeqProbes_test_with400Ns_beginend	.	0	15356583
cruralis_HybSeqProbes_test_with400Ns_beginend	.	0	15356602
cruralis_HybSeqProbes_test_with400Ns_beginend	.	0	15375162
cruralis_HybSeqProbes_test_with400Ns_beginend	.	0	15376920
cruralis_HybSeqProbes_test_with400Ns_beginend	.	0	15426993
cruralis_HybSeqProbes_test_with400Ns_beginend	.	0	15432717
cruralis_HybSeqProbes_test_with400Ns_beginend	.	0	15432731
cruralis_HybSeqProbes_test_with400Ns_beginend	.	0	15493101
cruralis_HybSeqProbes_test_with400Ns_beginend	.	0	15516648
cruralis_HybSeqProbes_test_with400Ns_beginend	.	0	15516671
cruralis_HybSeqProbes_test_with400Ns_beginend	.	0	15521631
cruralis_HybSeqProbes_test_with400Ns_beginend	.	0	15533584
cruralis_HybSeqProbes_test_with400Ns_beginend	.	0	15562607
cruralis_HybSeqProbes_test_with400Ns_beginend	.	0	15569156
cruralis_HybSeqProbes_test_with400Ns_beginend	.	0	15574265
cruralis_HybSeqProbes_test_with400Ns_beginend	.	0	15574455
cruralis_HybSeqProbes_test_with400Ns_beginend	.	0	15574474
cruralis_HybSeqProbes_test_with400Ns_beginend	.	0	15574479
cruralis_HybSeqProbes_test_with400Ns_beginend	.	0	15613013
cruralis_HybSeqProbes_test_with400Ns_beginend	.	0	15632108
cruralis_HybSeqProbes_test_with400Ns_beginend	.	0	15632132
cruralis_HybSeqProbes_test_with400Ns_beginend	.	0	15632147
cruralis_HybSeqProbes_test_with400Ns_beginend	.	0	15654675
cruralis_HybSeqProbes_test_with400Ns_beginend	.	0	15670292
cruralis_HybSeqProbes_test_with400Ns_beginend	.	0	15675188
cruralis_HybSeqProbes_test_with400Ns_beginend	.	0	15735650
cruralis_HybSeqProbes_test_with400Ns_beginend	.	0	15735963
cruralis_HybSeqProbes_test_with400Ns_beginend	.	0	15736081
cruralis_HybSeqProbes_test_with400Ns_beginend	.	0	15756783
cruralis_HybSeqProbes_test_with400Ns_beginend	.	0	15756804
cruralis_HybSeqProbes_test_with400Ns_beginend	.	0	15756812
cruralis_HybSeqProbes_test_with400Ns_beginend	.	0	15756818
cruralis_HybSeqProbes_test_with400Ns_beginend	.	0	15804458
cruralis_HybSeqProbes_test_with400Ns_beginend	.	0	15804459
cruralis_HybSeqProbes_test_with400Ns_beginend	.	0	15908349
cruralis_HybSeqProbes_test_with400Ns_beginend	.	0	15908376
cruralis_HybSeqProbes_test_with400Ns_beginend	.	0	15908382
cruralis_HybSeqProbes_test_with400Ns_beginend	.	0	15908388
cruralis_HybSeqProbes_test_with400Ns_beginend	.	0	15908394
cruralis_HybSeqProbes_test_with400Ns_beginend	.	0	15908432
cruralis_HybSeqProbes_test_with400Ns_beginend	.	0	15947547
cruralis_HybSeqProbes_test_with400Ns_beginend	.	0	15947602
cruralis_HybSeqProbes_test_with400Ns_beginend	.	0	15947624
cruralis_HybSeqProbes_test_with400Ns_beginend	.	0	16015137
cruralis_HybSeqProbes_test_with400Ns_beginend	.	0	16029957
cruralis_HybSeqProbes_test_with400Ns_beginend	.	0	16029988
cruralis_HybSeqProbes_test_with400Ns_beginend	.	0	16045518
cruralis_HybSeqProbes_test_with400Ns_beginend	.	0	16045525
cruralis_HybSeqProbes_test_with400Ns_beginend	.	0	16045555
cruralis_HybSeqProbes_test_with400Ns_beginend	.	0	16045581
cruralis_HybSeqProbes_test_with400Ns_beginend	.	0	16045600
cruralis_HybSeqProbes_test_with400Ns_beginend	.	0	16071111
cruralis_HybSeqProbes_test_with400Ns_beginend	.	0	16082958
cruralis_HybSeqProbes_test_with400Ns_beginend	.	0	16117133
cruralis_HybSeqProbes_test_with400Ns_beginend	.	0	16117140
cruralis_HybSeqProbes_test_with400Ns_beginend	.	0	16119489
cruralis_HybSeqProbes_test_with400Ns_beginend	.	0	16119508
cruralis_HybSeqProbes_test_with400Ns_beginend	.	0	16141468
cruralis_HybSeqProbes_test_with400Ns_beginend	.	0	16141920
cruralis_HybSeqProbes_test_with400Ns_beginend	.	0	16141951
cruralis_HybSeqProbes_test_with400Ns_beginend	.	0	16148169
cruralis_HybSeqProbes_test_with400Ns_beginend	.	0	16199342
cruralis_HybSeqProbes_test_with400Ns_beginend	.	0	16199405
cruralis_HybSeqProbes_test_with400Ns_beginend	.	0	16215140
cruralis_HybSeqProbes_test_with400Ns_beginend	.	0	16252660
cruralis_HybSeqProbes_test_with400Ns_beginend	.	0	16266124
cruralis_HybSeqProbes_test_with400Ns_beginend	.	0	16279988
cruralis_HybSeqProbes_test_with400Ns_beginend	.	0	16289633
cruralis_HybSeqProbes_test_with400Ns_beginend	.	0	16289770
cruralis_HybSeqProbes_test_with400Ns_beginend	.	0	16307773
cruralis_HybSeqProbes_test_with400Ns_beginend	.	0	16351663
cruralis_HybSeqProbes_test_with400Ns_beginend	.	0	16402424
cruralis_HybSeqProbes_test_with400Ns_beginend	.	0	16456867
cruralis_HybSeqProbes_test_with400Ns_beginend	.	0	16493358
cruralis_HybSeqProbes_test_with400Ns_beginend	.	0	16549230
cruralis_HybSeqProbes_test_with400Ns_beginend	.	0	16569683
cruralis_HybSeqProbes_test_with400Ns_beginend	.	0	16643230
cruralis_HybSeqProbes_test_with400Ns_beginend	.	0	16686669
cruralis_HybSeqProbes_test_with400Ns_beginend	.	0	16695233
cruralis_HybSeqProbes_test_with400Ns_beginend	.	0	16698765
cruralis_HybSeqProbes_test_with400Ns_beginend	.	0	16698837
cruralis_HybSeqProbes_test_with400Ns_beginend	.	0	16718543
cruralis_HybSeqProbes_test_with400Ns_beginend	.	0	16718594
cruralis_HybSeqProbes_test_with400Ns_beginend	.	0	16718665
cruralis_HybSeqProbes_test_with400Ns_beginend	.	0	16718672
cruralis_HybSeqProbes_test_with400Ns_beginend	.	0	16718693
cruralis_HybSeqProbes_test_with400Ns_beginend	.	0	16718710
cruralis_HybSeqProbes_test_with400Ns_beginend	.	0	16718778
cruralis_HybSeqProbes_test_with400Ns_beginend	.	0	16781862
cruralis_HybSeqProbes_test_with400Ns_beginend	.	0	16783149
cruralis_HybSeqProbes_test_with400Ns_beginend	.	0	16815194
cruralis_HybSeqProbes_test_with400Ns_beginend	.	0	16827773
cruralis_HybSeqProbes_test_with400Ns_beginend	.	0	16827774
cruralis_HybSeqProbes_test_with400Ns_beginend	.	0	16833359
cruralis_HybSeqProbes_test_with400Ns_beginend	.	0	16917019
cruralis_HybSeqProbes_test_with400Ns_beginend	.	0	16970154
cruralis_HybSeqProbes_test_with400Ns_beginend	.	0	16976776
cruralis_HybSeqProbes_test_with400Ns_beginend	.	0	17026142
cruralis_HybSeqProbes_test_with400Ns_beginend	.	0	17026172
cruralis_HybSeqProbes_test_with400Ns_beginend	.	0	17049007
cruralis_HybSeqProbes_test_with400Ns_beginend	.	0	17080632
cruralis_HybSeqProbes_test_with400Ns_beginend	.	0	17080646
cruralis_HybSeqProbes_test_with400Ns_beginend	.	0	17097640
cruralis_HybSeqProbes_test_with400Ns_beginend	.	0	17112549
cruralis_HybSeqProbes_test_with400Ns_beginend	.	0	17112554
cruralis_HybSeqProbes_test_with400Ns_beginend	.	0	17112596
cruralis_HybSeqProbes_test_with400Ns_beginend	.	0	17112598
cruralis_HybSeqProbes_test_with400Ns_beginend	.	0	17135648
cruralis_HybSeqProbes_test_with400Ns_beginend	.	0	17135686
cruralis_HybSeqProbes_test_with400Ns_beginend	.	0	17135695
cruralis_HybSeqProbes_test_with400Ns_beginend	.	0	17168940
cruralis_HybSeqProbes_test_with400Ns_beginend	.	0	17168943
cruralis_HybSeqProbes_test_with400Ns_beginend	.	0	17168958
cruralis_HybSeqProbes_test_with400Ns_beginend	.	0	17271472
cruralis_HybSeqProbes_test_with400Ns_beginend	.	0	17279802
cruralis_HybSeqProbes_test_with400Ns_beginend	.	0	17294025
cruralis_HybSeqProbes_test_with400Ns_beginend	.	0	17294178
cruralis_HybSeqProbes_test_with400Ns_beginend	.	0	17428971
cruralis_HybSeqProbes_test_with400Ns_beginend	.	0	17429012
cruralis_HybSeqProbes_test_with400Ns_beginend	.	0	17456234
cruralis_HybSeqProbes_test_with400Ns_beginend	.	0	17456267
cruralis_HybSeqProbes_test_with400Ns_beginend	.	0	17458270
cruralis_HybSeqProbes_test_with400Ns_beginend	.	0	17534219
cruralis_HybSeqProbes_test_with400Ns_beginend	.	0	17555558
cruralis_HybSeqProbes_test_with400Ns_beginend	.	0	17558049
cruralis_HybSeqProbes_test_with400Ns_beginend	.	0	17558057
cruralis_HybSeqProbes_test_with400Ns_beginend	.	0	17558074
cruralis_HybSeqProbes_test_with400Ns_beginend	.	0	17558160
cruralis_HybSeqProbes_test_with400Ns_beginend	.	0	17619351
cruralis_HybSeqProbes_test_with400Ns_beginend	.	0	17628813
cruralis_HybSeqProbes_test_with400Ns_beginend	.	0	17638467
cruralis_HybSeqProbes_test_with400Ns_beginend	.	0	17663536
cruralis_HybSeqProbes_test_with400Ns_beginend	.	0	17663566
cruralis_HybSeqProbes_test_with400Ns_beginend	.	0	17672771
cruralis_HybSeqProbes_test_with400Ns_beginend	.	0	17672796
cruralis_HybSeqProbes_test_with400Ns_beginend	.	0	17672834
cruralis_HybSeqProbes_test_with400Ns_beginend	.	0	17672875
cruralis_HybSeqProbes_test_with400Ns_beginend	.	0	17672889
cruralis_HybSeqProbes_test_with400Ns_beginend	.	0	17672931
cruralis_HybSeqProbes_test_with400Ns_beginend	.	0	17672932
cruralis_HybSeqProbes_test_with400Ns_beginend	.	0	17672933
cruralis_HybSeqProbes_test_with400Ns_beginend	.	0	17672935
cruralis_HybSeqProbes_test_with400Ns_beginend	.	0	17672941
cruralis_HybSeqProbes_test_with400Ns_beginend	.	0	17672981
cruralis_HybSeqProbes_test_with400Ns_beginend	.	0	17673004
cruralis_HybSeqProbes_test_with400Ns_beginend	.	0	17673042
cruralis_HybSeqProbes_test_with400Ns_beginend	.	0	17673043
cruralis_HybSeqProbes_test_with400Ns_beginend	.	0	17673049
cruralis_HybSeqProbes_test_with400Ns_beginend	.	0	17673062
cruralis_HybSeqProbes_test_with400Ns_beginend	.	0	17673066
cruralis_HybSeqProbes_test_with400Ns_beginend	.	0	17673072
cruralis_HybSeqProbes_test_with400Ns_beginend	.	0	17726416
cruralis_HybSeqProbes_test_with400Ns_beginend	.	0	17726431
cruralis_HybSeqProbes_test_with400Ns_beginend	.	0	17726464
cruralis_HybSeqProbes_test_with400Ns_beginend	.	0	17726488
cruralis_HybSeqProbes_test_with400Ns_beginend	.	0	17737082
cruralis_HybSeqProbes_test_with400Ns_beginend	.	0	17764939
cruralis_HybSeqProbes_test_with400Ns_beginend	.	0	17769669
cruralis_HybSeqProbes_test_with400Ns_beginend	.	0	17777860
cruralis_HybSeqProbes_test_with400Ns_beginend	.	0	17788662
cruralis_HybSeqProbes_test_with400Ns_beginend	.	0	17788716
cruralis_HybSeqProbes_test_with400Ns_beginend	.	0	17831925
cruralis_HybSeqProbes_test_with400Ns_beginend	.	0	17873418
cruralis_HybSeqProbes_test_with400Ns_beginend	.	0	17894873
cruralis_HybSeqProbes_test_with400Ns_beginend	.	0	17894907
cruralis_HybSeqProbes_test_with400Ns_beginend	.	0	17894942
cruralis_HybSeqProbes_test_with400Ns_beginend	.	0	17894943
cruralis_HybSeqProbes_test_with400Ns_beginend	.	0	17905305
cruralis_HybSeqProbes_test_with400Ns_beginend	.	0	17905335
cruralis_HybSeqProbes_test_with400Ns_beginend	.	0	17905369
cruralis_HybSeqProbes_test_with400Ns_beginend	.	0	17922430
cruralis_HybSeqProbes_test_with400Ns_beginend	.	0	17922445
cruralis_HybSeqProbes_test_with400Ns_beginend	.	0	17922506
cruralis_HybSeqProbes_test_with400Ns_beginend	.	0	17922513
cruralis_HybSeqProbes_test_with400Ns_beginend	.	0	17922514
cruralis_HybSeqProbes_test_with400Ns_beginend	.	0	17922532
cruralis_HybSeqProbes_test_with400Ns_beginend	.	0	17973868
cruralis_HybSeqProbes_test_with400Ns_beginend	.	0	17974015
cruralis_HybSeqProbes_test_with400Ns_beginend	.	0	17974091
cruralis_HybSeqProbes_test_with400Ns_beginend	.	0	17974276
cruralis_HybSeqProbes_test_with400Ns_beginend	.	0	17981499
cruralis_HybSeqProbes_test_with400Ns_beginend	.	0	17995660
cruralis_HybSeqProbes_test_with400Ns_beginend	.	0	17995677
cruralis_HybSeqProbes_test_with400Ns_beginend	.	0	17995687
cruralis_HybSeqProbes_test_with400Ns_beginend	.	0	18014111
cruralis_HybSeqProbes_test_with400Ns_beginend	.	0	18047118
cruralis_HybSeqProbes_test_with400Ns_beginend	.	0	18047125
cruralis_HybSeqProbes_test_with400Ns_beginend	.	0	18047155
cruralis_HybSeqProbes_test_with400Ns_beginend	.	0	18067144
cruralis_HybSeqProbes_test_with400Ns_beginend	.	0	18093625
cruralis_HybSeqProbes_test_with400Ns_beginend	.	0	18123339
cruralis_HybSeqProbes_test_with400Ns_beginend	.	0	18137993
cruralis_HybSeqProbes_test_with400Ns_beginend	.	0	18138026
cruralis_HybSeqProbes_test_with400Ns_beginend	.	0	18183764
cruralis_HybSeqProbes_test_with400Ns_beginend	.	0	18192366
cruralis_HybSeqProbes_test_with400Ns_beginend	.	0	18192750
cruralis_HybSeqProbes_test_with400Ns_beginend	.	0	18199872
cruralis_HybSeqProbes_test_with400Ns_beginend	.	0	18230397
cruralis_HybSeqProbes_test_with400Ns_beginend	.	0	18279554
cruralis_HybSeqProbes_test_with400Ns_beginend	.	0	18279561
cruralis_HybSeqProbes_test_with400Ns_beginend	.	0	18401764
cruralis_HybSeqProbes_test_with400Ns_beginend	.	0	18423965
cruralis_HybSeqProbes_test_with400Ns_beginend	.	0	18423972
cruralis_HybSeqProbes_test_with400Ns_beginend	.	0	18423977
cruralis_HybSeqProbes_test_with400Ns_beginend	.	0	18424016
cruralis_HybSeqProbes_test_with400Ns_beginend	.	0	18424039
cruralis_HybSeqProbes_test_with400Ns_beginend	.	0	18439858
cruralis_HybSeqProbes_test_with400Ns_beginend	.	0	18439905
cruralis_HybSeqProbes_test_with400Ns_beginend	.	0	18460850
cruralis_HybSeqProbes_test_with400Ns_beginend	.	0	18460852
cruralis_HybSeqProbes_test_with400Ns_beginend	.	0	18466035
cruralis_HybSeqProbes_test_with400Ns_beginend	.	0	18466068
cruralis_HybSeqProbes_test_with400Ns_beginend	.	0	18466120
cruralis_HybSeqProbes_test_with400Ns_beginend	.	0	18466121
cruralis_HybSeqProbes_test_with400Ns_beginend	.	0	18466123
cruralis_HybSeqProbes_test_with400Ns_beginend	.	0	18477124
cruralis_HybSeqProbes_test_with400Ns_beginend	.	0	18477126
cruralis_HybSeqProbes_test_with400Ns_beginend	.	0	18538992
cruralis_HybSeqProbes_test_with400Ns_beginend	.	0	18547409
cruralis_HybSeqProbes_test_with400Ns_beginend	.	0	18570036
cruralis_HybSeqProbes_test_with400Ns_beginend	.	0	18595095
cruralis_HybSeqProbes_test_with400Ns_beginend	.	0	18595100
cruralis_HybSeqProbes_test_with400Ns_beginend	.	0	18609845
cruralis_HybSeqProbes_test_with400Ns_beginend	.	0	18627275
cruralis_HybSeqProbes_test_with400Ns_beginend	.	0	18630243
cruralis_HybSeqProbes_test_with400Ns_beginend	.	0	18658289
cruralis_HybSeqProbes_test_with400Ns_beginend	.	0	18670610
cruralis_HybSeqProbes_test_with400Ns_beginend	.	0	18707672
cruralis_HybSeqProbes_test_with400Ns_beginend	.	0	18707673
cruralis_HybSeqProbes_test_with400Ns_beginend	.	0	18707715
cruralis_HybSeqProbes_test_with400Ns_beginend	.	0	18730405
cruralis_HybSeqProbes_test_with400Ns_beginend	.	0	18735740
cruralis_HybSeqProbes_test_with400Ns_beginend	.	0	18735852
cruralis_HybSeqProbes_test_with400Ns_beginend	.	0	18735893
cruralis_HybSeqProbes_test_with400Ns_beginend	.	0	18746263
cruralis_HybSeqProbes_test_with400Ns_beginend	.	0	18746338
cruralis_HybSeqProbes_test_with400Ns_beginend	.	0	18746359
cruralis_HybSeqProbes_test_with400Ns_beginend	.	0	18746662
cruralis_HybSeqProbes_test_with400Ns_beginend	.	0	18746710
cruralis_HybSeqProbes_test_with400Ns_beginend	.	0	18746761
cruralis_HybSeqProbes_test_with400Ns_beginend	.	0	18762871
cruralis_HybSeqProbes_test_with400Ns_beginend	.	0	18762880
cruralis_HybSeqProbes_test_with400Ns_beginend	.	0	18762943
cruralis_HybSeqProbes_test_with400Ns_beginend	.	0	18766417
cruralis_HybSeqProbes_test_with400Ns_beginend	.	0	18766423
cruralis_HybSeqProbes_test_with400Ns_beginend	.	0	18826776
cruralis_HybSeqProbes_test_with400Ns_beginend	.	0	18826861
cruralis_HybSeqProbes_test_with400Ns_beginend	.	0	18853165
cruralis_HybSeqProbes_test_with400Ns_beginend	.	0	18853286
cruralis_HybSeqProbes_test_with400Ns_beginend	.	0	18853305
cruralis_HybSeqProbes_test_with400Ns_beginend	.	0	18853982
cruralis_HybSeqProbes_test_with400Ns_beginend	.	0	18871416
cruralis_HybSeqProbes_test_with400Ns_beginend	.	0	18961465
cruralis_HybSeqProbes_test_with400Ns_beginend	.	0	18961509
cruralis_HybSeqProbes_test_with400Ns_beginend	.	0	19031880
cruralis_HybSeqProbes_test_with400Ns_beginend	.	0	19063283
cruralis_HybSeqProbes_test_with400Ns_beginend	.	0	19090439
cruralis_HybSeqProbes_test_with400Ns_beginend	.	0	19090484
cruralis_HybSeqProbes_test_with400Ns_beginend	.	0	19107091
cruralis_HybSeqProbes_test_with400Ns_beginend	.	0	19108925
cruralis_HybSeqProbes_test_with400Ns_beginend	.	0	19109913
cruralis_HybSeqProbes_test_with400Ns_beginend	.	0	19130891
cruralis_HybSeqProbes_test_with400Ns_beginend	.	0	19131004
cruralis_HybSeqProbes_test_with400Ns_beginend	.	0	19153109
cruralis_HybSeqProbes_test_with400Ns_beginend	.	0	19153115
cruralis_HybSeqProbes_test_with400Ns_beginend	.	0	19153121
cruralis_HybSeqProbes_test_with400Ns_beginend	.	0	19156817
cruralis_HybSeqProbes_test_with400Ns_beginend	.	0	19162021
cruralis_HybSeqProbes_test_with400Ns_beginend	.	0	19162036
cruralis_HybSeqProbes_test_with400Ns_beginend	.	0	19162085
cruralis_HybSeqProbes_test_with400Ns_beginend	.	0	19162093
cruralis_HybSeqProbes_test_with400Ns_beginend	.	0	19175099
cruralis_HybSeqProbes_test_with400Ns_beginend	.	0	19181886
cruralis_HybSeqProbes_test_with400Ns_beginend	.	0	19181907
cruralis_HybSeqProbes_test_with400Ns_beginend	.	0	19181916
cruralis_HybSeqProbes_test_with400Ns_beginend	.	0	19229162
cruralis_HybSeqProbes_test_with400Ns_beginend	.	0	19229168
cruralis_HybSeqProbes_test_with400Ns_beginend	.	0	19229243
cruralis_HybSeqProbes_test_with400Ns_beginend	.	0	19305711
cruralis_HybSeqProbes_test_with400Ns_beginend	.	0	19305746
cruralis_HybSeqProbes_test_with400Ns_beginend	.	0	19305774
cruralis_HybSeqProbes_test_with400Ns_beginend	.	0	19329626
cruralis_HybSeqProbes_test_with400Ns_beginend	.	0	19329681
cruralis_HybSeqProbes_test_with400Ns_beginend	.	0	19329747
cruralis_HybSeqProbes_test_with400Ns_beginend	.	0	19329787
cruralis_HybSeqProbes_test_with400Ns_beginend	.	0	19329790
cruralis_HybSeqProbes_test_with400Ns_beginend	.	0	19329834
cruralis_HybSeqProbes_test_with400Ns_beginend	.	0	19329852
cruralis_HybSeqProbes_test_with400Ns_beginend	.	0	19329881
cruralis_HybSeqProbes_test_with400Ns_beginend	.	0	19329883
cruralis_HybSeqProbes_test_with400Ns_beginend	.	0	19329921
cruralis_HybSeqProbes_test_with400Ns_beginend	.	0	19330580
cruralis_HybSeqProbes_test_with400Ns_beginend	.	0	19330591
cruralis_HybSeqProbes_test_with400Ns_beginend	.	0	19334880
cruralis_HybSeqProbes_test_with400Ns_beginend	.	0	19360678
cruralis_HybSeqProbes_test_with400Ns_beginend	.	0	19360690
cruralis_HybSeqProbes_test_with400Ns_beginend	.	0	19360722
cruralis_HybSeqProbes_test_with400Ns_beginend	.	0	19361113
cruralis_HybSeqProbes_test_with400Ns_beginend	.	0	19383491
cruralis_HybSeqProbes_test_with400Ns_beginend	.	0	19393938
cruralis_HybSeqProbes_test_with400Ns_beginend	.	0	19500304
cruralis_HybSeqProbes_test_with400Ns_beginend	.	0	19550244
cruralis_HybSeqProbes_test_with400Ns_beginend	.	0	19556083
cruralis_HybSeqProbes_test_with400Ns_beginend	.	0	19606184
cruralis_HybSeqProbes_test_with400Ns_beginend	.	0	19617092
cruralis_HybSeqProbes_test_with400Ns_beginend	.	0	19638650
cruralis_HybSeqProbes_test_with400Ns_beginend	.	0	19654357
cruralis_HybSeqProbes_test_with400Ns_beginend	.	0	19693205
cruralis_HybSeqProbes_test_with400Ns_beginend	.	0	19693250
cruralis_HybSeqProbes_test_with400Ns_beginend	.	0	19700951
cruralis_HybSeqProbes_test_with400Ns_beginend	.	0	19701008
cruralis_HybSeqProbes_test_with400Ns_beginend	.	0	19701011
cruralis_HybSeqProbes_test_with400Ns_beginend	.	0	19701053
cruralis_HybSeqProbes_test_with400Ns_beginend	.	0	19701097
cruralis_HybSeqProbes_test_with400Ns_beginend	.	0	19701137
cruralis_HybSeqProbes_test_with400Ns_beginend	.	0	19723593
cruralis_HybSeqProbes_test_with400Ns_beginend	.	0	19729605
cruralis_HybSeqProbes_test_with400Ns_beginend	.	0	19729635
cruralis_HybSeqProbes_test_with400Ns_beginend	.	0	19744473
cruralis_HybSeqProbes_test_with400Ns_beginend	.	0	19744606
cruralis_HybSeqProbes_test_with400Ns_beginend	.	0	19744624
cruralis_HybSeqProbes_test_with400Ns_beginend	.	0	19789685
cruralis_HybSeqProbes_test_with400Ns_beginend	.	0	19812648
cruralis_HybSeqProbes_test_with400Ns_beginend	.	0	19841392
cruralis_HybSeqProbes_test_with400Ns_beginend	.	0	19875269
cruralis_HybSeqProbes_test_with400Ns_beginend	.	0	19896732
cruralis_HybSeqProbes_test_with400Ns_beginend	.	0	19910154
cruralis_HybSeqProbes_test_with400Ns_beginend	.	0	19910172
cruralis_HybSeqProbes_test_with400Ns_beginend	.	0	19911068
cruralis_HybSeqProbes_test_with400Ns_beginend	.	0	19911152
cruralis_HybSeqProbes_test_with400Ns_beginend	.	0	19950048
cruralis_HybSeqProbes_test_with400Ns_beginend	.	0	19958491
cruralis_HybSeqProbes_test_with400Ns_beginend	.	0	19958539
cruralis_HybSeqProbes_test_with400Ns_beginend	.	0	19958581
cruralis_HybSeqProbes_test_with400Ns_beginend	.	0	19958601
cruralis_HybSeqProbes_test_with400Ns_beginend	.	0	19963241
cruralis_HybSeqProbes_test_with400Ns_beginend	.	0	19963294
cruralis_HybSeqProbes_test_with400Ns_beginend	.	0	19963333
cruralis_HybSeqProbes_test_with400Ns_beginend	.	0	19963363
cruralis_HybSeqProbes_test_with400Ns_beginend	.	0	19977985
cruralis_HybSeqProbes_test_with400Ns_beginend	.	0	20041168
cruralis_HybSeqProbes_test_with400Ns_beginend	.	0	20041276
cruralis_HybSeqProbes_test_with400Ns_beginend	.	0	20041306
cruralis_HybSeqProbes_test_with400Ns_beginend	.	0	20041364
cruralis_HybSeqProbes_test_with400Ns_beginend	.	0	20041537
cruralis_HybSeqProbes_test_with400Ns_beginend	.	0	20043403
cruralis_HybSeqProbes_test_with400Ns_beginend	.	0	20043439
cruralis_HybSeqProbes_test_with400Ns_beginend	.	0	20043459
cruralis_HybSeqProbes_test_with400Ns_beginend	.	0	20043493
cruralis_HybSeqProbes_test_with400Ns_beginend	.	0	20043496
cruralis_HybSeqProbes_test_with400Ns_beginend	.	0	20043595
cruralis_HybSeqProbes_test_with400Ns_beginend	.	0	20043718
cruralis_HybSeqProbes_test_with400Ns_beginend	.	0	20043733
cruralis_HybSeqProbes_test_with400Ns_beginend	.	0	20154061
cruralis_HybSeqProbes_test_with400Ns_beginend	.	0	20154276
cruralis_HybSeqProbes_test_with400Ns_beginend	.	0	20155530
cruralis_HybSeqProbes_test_with400Ns_beginend	.	0	20177983
cruralis_HybSeqProbes_test_with400Ns_beginend	.	0	20187814
cruralis_HybSeqProbes_test_with400Ns_beginend	.	0	20187895
cruralis_HybSeqProbes_test_with400Ns_beginend	.	0	20194112
cruralis_HybSeqProbes_test_with400Ns_beginend	.	0	20202659
cruralis_HybSeqProbes_test_with400Ns_beginend	.	0	20202742
cruralis_HybSeqProbes_test_with400Ns_beginend	.	0	20202864
cruralis_HybSeqProbes_test_with400Ns_beginend	.	0	20220982
cruralis_HybSeqProbes_test_with400Ns_beginend	.	0	20222891
cruralis_HybSeqProbes_test_with400Ns_beginend	.	0	20222892
cruralis_HybSeqProbes_test_with400Ns_beginend	.	0	20222965
cruralis_HybSeqProbes_test_with400Ns_beginend	.	0	20238359
cruralis_HybSeqProbes_test_with400Ns_beginend	.	0	20268504
cruralis_HybSeqProbes_test_with400Ns_beginend	.	0	20268547
cruralis_HybSeqProbes_test_with400Ns_beginend	.	0	20351270
cruralis_HybSeqProbes_test_with400Ns_beginend	.	0	20351309
cruralis_HybSeqProbes_test_with400Ns_beginend	.	0	20352653
cruralis_HybSeqProbes_test_with400Ns_beginend	.	0	20352691
cruralis_HybSeqProbes_test_with400Ns_beginend	.	0	20352719
cruralis_HybSeqProbes_test_with400Ns_beginend	.	0	20355908
cruralis_HybSeqProbes_test_with400Ns_beginend	.	0	20375792
cruralis_HybSeqProbes_test_with400Ns_beginend	.	0	20375963
cruralis_HybSeqProbes_test_with400Ns_beginend	.	0	20376098
cruralis_HybSeqProbes_test_with400Ns_beginend	.	0	20376332
cruralis_HybSeqProbes_test_with400Ns_beginend	.	0	20376352
cruralis_HybSeqProbes_test_with400Ns_beginend	.	0	20376356
cruralis_HybSeqProbes_test_with400Ns_beginend	.	0	20408990
cruralis_HybSeqProbes_test_with400Ns_beginend	.	0	20408996
cruralis_HybSeqProbes_test_with400Ns_beginend	.	0	20409030
cruralis_HybSeqProbes_test_with400Ns_beginend	.	0	20409107
cruralis_HybSeqProbes_test_with400Ns_beginend	.	0	20477411
cruralis_HybSeqProbes_test_with400Ns_beginend	.	0	20477451
cruralis_HybSeqProbes_test_with400Ns_beginend	.	0	20546387
cruralis_HybSeqProbes_test_with400Ns_beginend	.	0	20568404
cruralis_HybSeqProbes_test_with400Ns_beginend	.	0	20568416
cruralis_HybSeqProbes_test_with400Ns_beginend	.	0	20568422
cruralis_HybSeqProbes_test_with400Ns_beginend	.	0	20568511
cruralis_HybSeqProbes_test_with400Ns_beginend	.	0	20571558
cruralis_HybSeqProbes_test_with400Ns_beginend	.	0	20571567
cruralis_HybSeqProbes_test_with400Ns_beginend	.	0	20571594
cruralis_HybSeqProbes_test_with400Ns_beginend	.	0	20571603
cruralis_HybSeqProbes_test_with400Ns_beginend	.	0	20571627
cruralis_HybSeqProbes_test_with400Ns_beginend	.	0	20581190
cruralis_HybSeqProbes_test_with400Ns_beginend	.	0	20609447
cruralis_HybSeqProbes_test_with400Ns_beginend	.	0	20627086
cruralis_HybSeqProbes_test_with400Ns_beginend	.	0	20632696
cruralis_HybSeqProbes_test_with400Ns_beginend	.	0	20632702
cruralis_HybSeqProbes_test_with400Ns_beginend	.	0	20632717
cruralis_HybSeqProbes_test_with400Ns_beginend	.	0	20632732
cruralis_HybSeqProbes_test_with400Ns_beginend	.	0	20632747
cruralis_HybSeqProbes_test_with400Ns_beginend	.	0	20632762
cruralis_HybSeqProbes_test_with400Ns_beginend	.	0	20632777
cruralis_HybSeqProbes_test_with400Ns_beginend	.	0	20632784
cruralis_HybSeqProbes_test_with400Ns_beginend	.	0	20665364
cruralis_HybSeqProbes_test_with400Ns_beginend	.	0	20665437
cruralis_HybSeqProbes_test_with400Ns_beginend	.	0	20665438
cruralis_HybSeqProbes_test_with400Ns_beginend	.	0	20759325
cruralis_HybSeqProbes_test_with400Ns_beginend	.	0	20759604
cruralis_HybSeqProbes_test_with400Ns_beginend	.	0	20809330
cruralis_HybSeqProbes_test_with400Ns_beginend	.	0	20837562
cruralis_HybSeqProbes_test_with400Ns_beginend	.	0	20837619
cruralis_HybSeqProbes_test_with400Ns_beginend	.	0	20837661
cruralis_HybSeqProbes_test_with400Ns_beginend	.	0	20868295
cruralis_HybSeqProbes_test_with400Ns_beginend	.	0	20873100
cruralis_HybSeqProbes_test_with400Ns_beginend	.	0	20948889
cruralis_HybSeqProbes_test_with400Ns_beginend	.	0	20949010
cruralis_HybSeqProbes_test_with400Ns_beginend	.	0	20949034
cruralis_HybSeqProbes_test_with400Ns_beginend	.	0	20987986
cruralis_HybSeqProbes_test_with400Ns_beginend	.	0	20988004
cruralis_HybSeqProbes_test_with400Ns_beginend	.	0	20988392
cruralis_HybSeqProbes_test_with400Ns_beginend	.	0	20988424
cruralis_HybSeqProbes_test_with400Ns_beginend	.	0	20988426
cruralis_HybSeqProbes_test_with400Ns_beginend	.	0	21040545
cruralis_HybSeqProbes_test_with400Ns_beginend	.	0	21040553
cruralis_HybSeqProbes_test_with400Ns_beginend	.	0	21040586
cruralis_HybSeqProbes_test_with400Ns_beginend	.	0	21040608
cruralis_HybSeqProbes_test_with400Ns_beginend	.	0	21040655
cruralis_HybSeqProbes_test_with400Ns_beginend	.	0	21040664
cruralis_HybSeqProbes_test_with400Ns_beginend	.	0	21075227
cruralis_HybSeqProbes_test_with400Ns_beginend	.	0	21075257
cruralis_HybSeqProbes_test_with400Ns_beginend	.	0	21088293
cruralis_HybSeqProbes_test_with400Ns_beginend	.	0	21088724
cruralis_HybSeqProbes_test_with400Ns_beginend	.	0	21172391
cruralis_HybSeqProbes_test_with400Ns_beginend	.	0	21172430
cruralis_HybSeqProbes_test_with400Ns_beginend	.	0	21172440
cruralis_HybSeqProbes_test_with400Ns_beginend	.	0	21172446
cruralis_HybSeqProbes_test_with400Ns_beginend	.	0	21180197
cruralis_HybSeqProbes_test_with400Ns_beginend	.	0	21190884
cruralis_HybSeqProbes_test_with400Ns_beginend	.	0	21215029
cruralis_HybSeqProbes_test_with400Ns_beginend	.	0	21215101
cruralis_HybSeqProbes_test_with400Ns_beginend	.	0	21215110
cruralis_HybSeqProbes_test_with400Ns_beginend	.	0	21242721
cruralis_HybSeqProbes_test_with400Ns_beginend	.	0	21242888
cruralis_HybSeqProbes_test_with400Ns_beginend	.	0	21250798
cruralis_HybSeqProbes_test_with400Ns_beginend	.	0	21259650
cruralis_HybSeqProbes_test_with400Ns_beginend	.	0	21271701
cruralis_HybSeqProbes_test_with400Ns_beginend	.	0	21273948
cruralis_HybSeqProbes_test_with400Ns_beginend	.	0	21296312
