cruralis_HybSeqProbes_test_with400Ns_beginend	.	0	28698
cruralis_HybSeqProbes_test_with400Ns_beginend	.	0	70435
cruralis_HybSeqProbes_test_with400Ns_beginend	.	0	70458
cruralis_HybSeqProbes_test_with400Ns_beginend	.	0	70465
cruralis_HybSeqProbes_test_with400Ns_beginend	.	0	70488
cruralis_HybSeqProbes_test_with400Ns_beginend	.	0	70497
cruralis_HybSeqProbes_test_with400Ns_beginend	.	0	70504
cruralis_HybSeqProbes_test_with400Ns_beginend	.	0	124472
cruralis_HybSeqProbes_test_with400Ns_beginend	.	0	124481
cruralis_HybSeqProbes_test_with400Ns_beginend	.	0	124520
cruralis_HybSeqProbes_test_with400Ns_beginend	.	0	124524
cruralis_HybSeqProbes_test_with400Ns_beginend	.	0	131064
cruralis_HybSeqProbes_test_with400Ns_beginend	.	0	216966
cruralis_HybSeqProbes_test_with400Ns_beginend	.	0	241091
cruralis_HybSeqProbes_test_with400Ns_beginend	.	0	251440
cruralis_HybSeqProbes_test_with400Ns_beginend	.	0	251443
cruralis_HybSeqProbes_test_with400Ns_beginend	.	0	351362
cruralis_HybSeqProbes_test_with400Ns_beginend	.	0	354339
cruralis_HybSeqProbes_test_with400Ns_beginend	.	0	364541
cruralis_HybSeqProbes_test_with400Ns_beginend	.	0	366929
cruralis_HybSeqProbes_test_with400Ns_beginend	.	0	366982
cruralis_HybSeqProbes_test_with400Ns_beginend	.	0	403354
cruralis_HybSeqProbes_test_with400Ns_beginend	.	0	403415
cruralis_HybSeqProbes_test_with400Ns_beginend	.	0	403424
cruralis_HybSeqProbes_test_with400Ns_beginend	.	0	403434
cruralis_HybSeqProbes_test_with400Ns_beginend	.	0	403442
cruralis_HybSeqProbes_test_with400Ns_beginend	.	0	403452
cruralis_HybSeqProbes_test_with400Ns_beginend	.	0	403455
cruralis_HybSeqProbes_test_with400Ns_beginend	.	0	403485
cruralis_HybSeqProbes_test_with400Ns_beginend	.	0	403595
cruralis_HybSeqProbes_test_with400Ns_beginend	.	0	403602
cruralis_HybSeqProbes_test_with400Ns_beginend	.	0	403612
cruralis_HybSeqProbes_test_with400Ns_beginend	.	0	403627
cruralis_HybSeqProbes_test_with400Ns_beginend	.	0	403657
cruralis_HybSeqProbes_test_with400Ns_beginend	.	0	403700
cruralis_HybSeqProbes_test_with400Ns_beginend	.	0	403720
cruralis_HybSeqProbes_test_with400Ns_beginend	.	0	403723
cruralis_HybSeqProbes_test_with400Ns_beginend	.	0	403729
cruralis_HybSeqProbes_test_with400Ns_beginend	.	0	403730
cruralis_HybSeqProbes_test_with400Ns_beginend	.	0	403731
cruralis_HybSeqProbes_test_with400Ns_beginend	.	0	403861
cruralis_HybSeqProbes_test_with400Ns_beginend	.	0	404025
cruralis_HybSeqProbes_test_with400Ns_beginend	.	0	496126
cruralis_HybSeqProbes_test_with400Ns_beginend	.	0	496140
cruralis_HybSeqProbes_test_with400Ns_beginend	.	0	551711
cruralis_HybSeqProbes_test_with400Ns_beginend	.	0	560251
cruralis_HybSeqProbes_test_with400Ns_beginend	.	0	574253
cruralis_HybSeqProbes_test_with400Ns_beginend	.	0	574262
cruralis_HybSeqProbes_test_with400Ns_beginend	.	0	574317
cruralis_HybSeqProbes_test_with400Ns_beginend	.	0	574335
cruralis_HybSeqProbes_test_with400Ns_beginend	.	0	574348
cruralis_HybSeqProbes_test_with400Ns_beginend	.	0	574350
cruralis_HybSeqProbes_test_with400Ns_beginend	.	0	574356
cruralis_HybSeqProbes_test_with400Ns_beginend	.	0	574361
cruralis_HybSeqProbes_test_with400Ns_beginend	.	0	574364
cruralis_HybSeqProbes_test_with400Ns_beginend	.	0	585781
cruralis_HybSeqProbes_test_with400Ns_beginend	.	0	586863
cruralis_HybSeqProbes_test_with400Ns_beginend	.	0	586867
cruralis_HybSeqProbes_test_with400Ns_beginend	.	0	644223
cruralis_HybSeqProbes_test_with400Ns_beginend	.	0	644304
cruralis_HybSeqProbes_test_with400Ns_beginend	.	0	644458
cruralis_HybSeqProbes_test_with400Ns_beginend	.	0	645044
cruralis_HybSeqProbes_test_with400Ns_beginend	.	0	645055
cruralis_HybSeqProbes_test_with400Ns_beginend	.	0	645064
cruralis_HybSeqProbes_test_with400Ns_beginend	.	0	645065
cruralis_HybSeqProbes_test_with400Ns_beginend	.	0	645075
cruralis_HybSeqProbes_test_with400Ns_beginend	.	0	705750
cruralis_HybSeqProbes_test_with400Ns_beginend	.	0	738212
cruralis_HybSeqProbes_test_with400Ns_beginend	.	0	747107
cruralis_HybSeqProbes_test_with400Ns_beginend	.	0	747144
cruralis_HybSeqProbes_test_with400Ns_beginend	.	0	759919
cruralis_HybSeqProbes_test_with400Ns_beginend	.	0	822058
cruralis_HybSeqProbes_test_with400Ns_beginend	.	0	822065
cruralis_HybSeqProbes_test_with400Ns_beginend	.	0	827294
cruralis_HybSeqProbes_test_with400Ns_beginend	.	0	827312
cruralis_HybSeqProbes_test_with400Ns_beginend	.	0	827313
cruralis_HybSeqProbes_test_with400Ns_beginend	.	0	827315
cruralis_HybSeqProbes_test_with400Ns_beginend	.	0	829924
cruralis_HybSeqProbes_test_with400Ns_beginend	.	0	847768
cruralis_HybSeqProbes_test_with400Ns_beginend	.	0	854287
cruralis_HybSeqProbes_test_with400Ns_beginend	.	0	854290
cruralis_HybSeqProbes_test_with400Ns_beginend	.	0	854344
cruralis_HybSeqProbes_test_with400Ns_beginend	.	0	867226
cruralis_HybSeqProbes_test_with400Ns_beginend	.	0	867247
cruralis_HybSeqProbes_test_with400Ns_beginend	.	0	867336
cruralis_HybSeqProbes_test_with400Ns_beginend	.	0	870545
cruralis_HybSeqProbes_test_with400Ns_beginend	.	0	870564
cruralis_HybSeqProbes_test_with400Ns_beginend	.	0	870566
cruralis_HybSeqProbes_test_with400Ns_beginend	.	0	870576
cruralis_HybSeqProbes_test_with400Ns_beginend	.	0	870589
cruralis_HybSeqProbes_test_with400Ns_beginend	.	0	870606
cruralis_HybSeqProbes_test_with400Ns_beginend	.	0	870667
cruralis_HybSeqProbes_test_with400Ns_beginend	.	0	870670
cruralis_HybSeqProbes_test_with400Ns_beginend	.	0	870673
cruralis_HybSeqProbes_test_with400Ns_beginend	.	0	884326
cruralis_HybSeqProbes_test_with400Ns_beginend	.	0	884353
cruralis_HybSeqProbes_test_with400Ns_beginend	.	0	884380
cruralis_HybSeqProbes_test_with400Ns_beginend	.	0	905332
cruralis_HybSeqProbes_test_with400Ns_beginend	.	0	943672
cruralis_HybSeqProbes_test_with400Ns_beginend	.	0	943687
cruralis_HybSeqProbes_test_with400Ns_beginend	.	0	944139
cruralis_HybSeqProbes_test_with400Ns_beginend	.	0	944140
cruralis_HybSeqProbes_test_with400Ns_beginend	.	0	944174
cruralis_HybSeqProbes_test_with400Ns_beginend	.	0	944215
cruralis_HybSeqProbes_test_with400Ns_beginend	.	0	958377
cruralis_HybSeqProbes_test_with400Ns_beginend	.	0	960683
cruralis_HybSeqProbes_test_with400Ns_beginend	.	0	960694
cruralis_HybSeqProbes_test_with400Ns_beginend	.	0	990037
cruralis_HybSeqProbes_test_with400Ns_beginend	.	0	994868
cruralis_HybSeqProbes_test_with400Ns_beginend	.	0	1076211
cruralis_HybSeqProbes_test_with400Ns_beginend	.	0	1284925
cruralis_HybSeqProbes_test_with400Ns_beginend	.	0	1308086
cruralis_HybSeqProbes_test_with400Ns_beginend	.	0	1317364
cruralis_HybSeqProbes_test_with400Ns_beginend	.	0	1352719
cruralis_HybSeqProbes_test_with400Ns_beginend	.	0	1369082
cruralis_HybSeqProbes_test_with400Ns_beginend	.	0	1369630
cruralis_HybSeqProbes_test_with400Ns_beginend	.	0	1380459
cruralis_HybSeqProbes_test_with400Ns_beginend	.	0	1380486
cruralis_HybSeqProbes_test_with400Ns_beginend	.	0	1453318
cruralis_HybSeqProbes_test_with400Ns_beginend	.	0	1589277
cruralis_HybSeqProbes_test_with400Ns_beginend	.	0	1589289
cruralis_HybSeqProbes_test_with400Ns_beginend	.	0	1589316
cruralis_HybSeqProbes_test_with400Ns_beginend	.	0	1589370
cruralis_HybSeqProbes_test_with400Ns_beginend	.	0	1627139
cruralis_HybSeqProbes_test_with400Ns_beginend	.	0	1627173
cruralis_HybSeqProbes_test_with400Ns_beginend	.	0	1627182
cruralis_HybSeqProbes_test_with400Ns_beginend	.	0	1627189
cruralis_HybSeqProbes_test_with400Ns_beginend	.	0	1627200
cruralis_HybSeqProbes_test_with400Ns_beginend	.	0	1627251
cruralis_HybSeqProbes_test_with400Ns_beginend	.	0	1627322
cruralis_HybSeqProbes_test_with400Ns_beginend	.	0	1627333
cruralis_HybSeqProbes_test_with400Ns_beginend	.	0	1627389
cruralis_HybSeqProbes_test_with400Ns_beginend	.	0	1627395
cruralis_HybSeqProbes_test_with400Ns_beginend	.	0	1627410
cruralis_HybSeqProbes_test_with400Ns_beginend	.	0	1627458
cruralis_HybSeqProbes_test_with400Ns_beginend	.	0	1627499
cruralis_HybSeqProbes_test_with400Ns_beginend	.	0	1628763
cruralis_HybSeqProbes_test_with400Ns_beginend	.	0	1628834
cruralis_HybSeqProbes_test_with400Ns_beginend	.	0	1665822
cruralis_HybSeqProbes_test_with400Ns_beginend	.	0	1665837
cruralis_HybSeqProbes_test_with400Ns_beginend	.	0	1665854
cruralis_HybSeqProbes_test_with400Ns_beginend	.	0	1665855
cruralis_HybSeqProbes_test_with400Ns_beginend	.	0	1665865
cruralis_HybSeqProbes_test_with400Ns_beginend	.	0	1665871
cruralis_HybSeqProbes_test_with400Ns_beginend	.	0	1677891
cruralis_HybSeqProbes_test_with400Ns_beginend	.	0	1677915
cruralis_HybSeqProbes_test_with400Ns_beginend	.	0	1688296
cruralis_HybSeqProbes_test_with400Ns_beginend	.	0	1688308
cruralis_HybSeqProbes_test_with400Ns_beginend	.	0	1688313
cruralis_HybSeqProbes_test_with400Ns_beginend	.	0	1688315
cruralis_HybSeqProbes_test_with400Ns_beginend	.	0	1688320
cruralis_HybSeqProbes_test_with400Ns_beginend	.	0	1688321
cruralis_HybSeqProbes_test_with400Ns_beginend	.	0	1688323
cruralis_HybSeqProbes_test_with400Ns_beginend	.	0	1688332
cruralis_HybSeqProbes_test_with400Ns_beginend	.	0	1688343
cruralis_HybSeqProbes_test_with400Ns_beginend	.	0	1688363
cruralis_HybSeqProbes_test_with400Ns_beginend	.	0	1688396
cruralis_HybSeqProbes_test_with400Ns_beginend	.	0	1688424
cruralis_HybSeqProbes_test_with400Ns_beginend	.	0	1688429
cruralis_HybSeqProbes_test_with400Ns_beginend	.	0	1688447
cruralis_HybSeqProbes_test_with400Ns_beginend	.	0	1688471
cruralis_HybSeqProbes_test_with400Ns_beginend	.	0	1689460
cruralis_HybSeqProbes_test_with400Ns_beginend	.	0	1689519
cruralis_HybSeqProbes_test_with400Ns_beginend	.	0	1701825
cruralis_HybSeqProbes_test_with400Ns_beginend	.	0	1701853
cruralis_HybSeqProbes_test_with400Ns_beginend	.	0	1701858
cruralis_HybSeqProbes_test_with400Ns_beginend	.	0	1701886
cruralis_HybSeqProbes_test_with400Ns_beginend	.	0	1701891
cruralis_HybSeqProbes_test_with400Ns_beginend	.	0	1701914
cruralis_HybSeqProbes_test_with400Ns_beginend	.	0	1703459
cruralis_HybSeqProbes_test_with400Ns_beginend	.	0	1703624
cruralis_HybSeqProbes_test_with400Ns_beginend	.	0	1730051
cruralis_HybSeqProbes_test_with400Ns_beginend	.	0	1742590
cruralis_HybSeqProbes_test_with400Ns_beginend	.	0	1742593
cruralis_HybSeqProbes_test_with400Ns_beginend	.	0	1742641
cruralis_HybSeqProbes_test_with400Ns_beginend	.	0	1742642
cruralis_HybSeqProbes_test_with400Ns_beginend	.	0	1742668
cruralis_HybSeqProbes_test_with400Ns_beginend	.	0	1742698
cruralis_HybSeqProbes_test_with400Ns_beginend	.	0	1757031
cruralis_HybSeqProbes_test_with400Ns_beginend	.	0	1798604
cruralis_HybSeqProbes_test_with400Ns_beginend	.	0	1798613
cruralis_HybSeqProbes_test_with400Ns_beginend	.	0	1798616
cruralis_HybSeqProbes_test_with400Ns_beginend	.	0	1798642
cruralis_HybSeqProbes_test_with400Ns_beginend	.	0	1798681
cruralis_HybSeqProbes_test_with400Ns_beginend	.	0	1798695
cruralis_HybSeqProbes_test_with400Ns_beginend	.	0	1798756
cruralis_HybSeqProbes_test_with400Ns_beginend	.	0	1798763
cruralis_HybSeqProbes_test_with400Ns_beginend	.	0	1798766
cruralis_HybSeqProbes_test_with400Ns_beginend	.	0	1798782
cruralis_HybSeqProbes_test_with400Ns_beginend	.	0	1798785
cruralis_HybSeqProbes_test_with400Ns_beginend	.	0	1798949
cruralis_HybSeqProbes_test_with400Ns_beginend	.	0	1798961
cruralis_HybSeqProbes_test_with400Ns_beginend	.	0	1799016
cruralis_HybSeqProbes_test_with400Ns_beginend	.	0	1799034
cruralis_HybSeqProbes_test_with400Ns_beginend	.	0	1799039
cruralis_HybSeqProbes_test_with400Ns_beginend	.	0	1799061
cruralis_HybSeqProbes_test_with400Ns_beginend	.	0	1799062
cruralis_HybSeqProbes_test_with400Ns_beginend	.	0	1799092
cruralis_HybSeqProbes_test_with400Ns_beginend	.	0	1799158
cruralis_HybSeqProbes_test_with400Ns_beginend	.	0	1799165
cruralis_HybSeqProbes_test_with400Ns_beginend	.	0	1799170
cruralis_HybSeqProbes_test_with400Ns_beginend	.	0	1825483
cruralis_HybSeqProbes_test_with400Ns_beginend	.	0	1825580
cruralis_HybSeqProbes_test_with400Ns_beginend	.	0	1833322
cruralis_HybSeqProbes_test_with400Ns_beginend	.	0	1833337
cruralis_HybSeqProbes_test_with400Ns_beginend	.	0	1833352
cruralis_HybSeqProbes_test_with400Ns_beginend	.	0	1833353
cruralis_HybSeqProbes_test_with400Ns_beginend	.	0	1833359
cruralis_HybSeqProbes_test_with400Ns_beginend	.	0	1845083
cruralis_HybSeqProbes_test_with400Ns_beginend	.	0	1845089
cruralis_HybSeqProbes_test_with400Ns_beginend	.	0	1872411
cruralis_HybSeqProbes_test_with400Ns_beginend	.	0	1929631
cruralis_HybSeqProbes_test_with400Ns_beginend	.	0	1929643
cruralis_HybSeqProbes_test_with400Ns_beginend	.	0	1929645
cruralis_HybSeqProbes_test_with400Ns_beginend	.	0	1929647
cruralis_HybSeqProbes_test_with400Ns_beginend	.	0	1929650
cruralis_HybSeqProbes_test_with400Ns_beginend	.	0	1929670
cruralis_HybSeqProbes_test_with400Ns_beginend	.	0	1929824
cruralis_HybSeqProbes_test_with400Ns_beginend	.	0	1929861
cruralis_HybSeqProbes_test_with400Ns_beginend	.	0	1929862
cruralis_HybSeqProbes_test_with400Ns_beginend	.	0	1929869
cruralis_HybSeqProbes_test_with400Ns_beginend	.	0	1952330
cruralis_HybSeqProbes_test_with400Ns_beginend	.	0	1970610
cruralis_HybSeqProbes_test_with400Ns_beginend	.	0	2093214
cruralis_HybSeqProbes_test_with400Ns_beginend	.	0	2126082
cruralis_HybSeqProbes_test_with400Ns_beginend	.	0	2126088
cruralis_HybSeqProbes_test_with400Ns_beginend	.	0	2126137
cruralis_HybSeqProbes_test_with400Ns_beginend	.	0	2126144
cruralis_HybSeqProbes_test_with400Ns_beginend	.	0	2126174
cruralis_HybSeqProbes_test_with400Ns_beginend	.	0	2126176
cruralis_HybSeqProbes_test_with400Ns_beginend	.	0	2126237
cruralis_HybSeqProbes_test_with400Ns_beginend	.	0	2126250
cruralis_HybSeqProbes_test_with400Ns_beginend	.	0	2126326
cruralis_HybSeqProbes_test_with400Ns_beginend	.	0	2129930
cruralis_HybSeqProbes_test_with400Ns_beginend	.	0	2144025
cruralis_HybSeqProbes_test_with400Ns_beginend	.	0	2243625
cruralis_HybSeqProbes_test_with400Ns_beginend	.	0	2243634
cruralis_HybSeqProbes_test_with400Ns_beginend	.	0	2251601
cruralis_HybSeqProbes_test_with400Ns_beginend	.	0	2251607
cruralis_HybSeqProbes_test_with400Ns_beginend	.	0	2251610
cruralis_HybSeqProbes_test_with400Ns_beginend	.	0	2251628
cruralis_HybSeqProbes_test_with400Ns_beginend	.	0	2306082
cruralis_HybSeqProbes_test_with400Ns_beginend	.	0	2322820
cruralis_HybSeqProbes_test_with400Ns_beginend	.	0	2361425
cruralis_HybSeqProbes_test_with400Ns_beginend	.	0	2369573
cruralis_HybSeqProbes_test_with400Ns_beginend	.	0	2369686
cruralis_HybSeqProbes_test_with400Ns_beginend	.	0	2369704
cruralis_HybSeqProbes_test_with400Ns_beginend	.	0	2369833
cruralis_HybSeqProbes_test_with400Ns_beginend	.	0	2419246
cruralis_HybSeqProbes_test_with400Ns_beginend	.	0	2422303
cruralis_HybSeqProbes_test_with400Ns_beginend	.	0	2440723
cruralis_HybSeqProbes_test_with400Ns_beginend	.	0	2440741
cruralis_HybSeqProbes_test_with400Ns_beginend	.	0	2441291
cruralis_HybSeqProbes_test_with400Ns_beginend	.	0	2441378
cruralis_HybSeqProbes_test_with400Ns_beginend	.	0	2441382
cruralis_HybSeqProbes_test_with400Ns_beginend	.	0	2441447
cruralis_HybSeqProbes_test_with400Ns_beginend	.	0	2441469
cruralis_HybSeqProbes_test_with400Ns_beginend	.	0	2441477
cruralis_HybSeqProbes_test_with400Ns_beginend	.	0	2442953
cruralis_HybSeqProbes_test_with400Ns_beginend	.	0	2442956
cruralis_HybSeqProbes_test_with400Ns_beginend	.	0	2442958
cruralis_HybSeqProbes_test_with400Ns_beginend	.	0	2442967
cruralis_HybSeqProbes_test_with400Ns_beginend	.	0	2442992
cruralis_HybSeqProbes_test_with400Ns_beginend	.	0	2476908
cruralis_HybSeqProbes_test_with400Ns_beginend	.	0	2565124
cruralis_HybSeqProbes_test_with400Ns_beginend	.	0	2565173
cruralis_HybSeqProbes_test_with400Ns_beginend	.	0	2565206
cruralis_HybSeqProbes_test_with400Ns_beginend	.	0	2565228
cruralis_HybSeqProbes_test_with400Ns_beginend	.	0	2565237
cruralis_HybSeqProbes_test_with400Ns_beginend	.	0	2565290
cruralis_HybSeqProbes_test_with400Ns_beginend	.	0	2565326
cruralis_HybSeqProbes_test_with400Ns_beginend	.	0	2565344
cruralis_HybSeqProbes_test_with400Ns_beginend	.	0	2591201
cruralis_HybSeqProbes_test_with400Ns_beginend	.	0	2604571
cruralis_HybSeqProbes_test_with400Ns_beginend	.	0	2604616
cruralis_HybSeqProbes_test_with400Ns_beginend	.	0	2606340
cruralis_HybSeqProbes_test_with400Ns_beginend	.	0	2606359
cruralis_HybSeqProbes_test_with400Ns_beginend	.	0	2606374
cruralis_HybSeqProbes_test_with400Ns_beginend	.	0	2606375
cruralis_HybSeqProbes_test_with400Ns_beginend	.	0	2606377
cruralis_HybSeqProbes_test_with400Ns_beginend	.	0	2606688
cruralis_HybSeqProbes_test_with400Ns_beginend	.	0	2627388
cruralis_HybSeqProbes_test_with400Ns_beginend	.	0	2635412
cruralis_HybSeqProbes_test_with400Ns_beginend	.	0	2655373
cruralis_HybSeqProbes_test_with400Ns_beginend	.	0	2765080
cruralis_HybSeqProbes_test_with400Ns_beginend	.	0	2826233
cruralis_HybSeqProbes_test_with400Ns_beginend	.	0	2826286
cruralis_HybSeqProbes_test_with400Ns_beginend	.	0	2826301
cruralis_HybSeqProbes_test_with400Ns_beginend	.	0	2826317
cruralis_HybSeqProbes_test_with400Ns_beginend	.	0	2826320
cruralis_HybSeqProbes_test_with400Ns_beginend	.	0	2826329
cruralis_HybSeqProbes_test_with400Ns_beginend	.	0	2826348
cruralis_HybSeqProbes_test_with400Ns_beginend	.	0	2826528
cruralis_HybSeqProbes_test_with400Ns_beginend	.	0	2826530
cruralis_HybSeqProbes_test_with400Ns_beginend	.	0	2826536
cruralis_HybSeqProbes_test_with400Ns_beginend	.	0	2842564
cruralis_HybSeqProbes_test_with400Ns_beginend	.	0	2869928
cruralis_HybSeqProbes_test_with400Ns_beginend	.	0	2964789
cruralis_HybSeqProbes_test_with400Ns_beginend	.	0	3005435
cruralis_HybSeqProbes_test_with400Ns_beginend	.	0	3039969
cruralis_HybSeqProbes_test_with400Ns_beginend	.	0	3073943
cruralis_HybSeqProbes_test_with400Ns_beginend	.	0	3073981
cruralis_HybSeqProbes_test_with400Ns_beginend	.	0	3074076
cruralis_HybSeqProbes_test_with400Ns_beginend	.	0	3074097
cruralis_HybSeqProbes_test_with400Ns_beginend	.	0	3074103
cruralis_HybSeqProbes_test_with400Ns_beginend	.	0	3172507
cruralis_HybSeqProbes_test_with400Ns_beginend	.	0	3192689
cruralis_HybSeqProbes_test_with400Ns_beginend	.	0	3192951
cruralis_HybSeqProbes_test_with400Ns_beginend	.	0	3192967
cruralis_HybSeqProbes_test_with400Ns_beginend	.	0	3192975
cruralis_HybSeqProbes_test_with400Ns_beginend	.	0	3223529
cruralis_HybSeqProbes_test_with400Ns_beginend	.	0	3226228
cruralis_HybSeqProbes_test_with400Ns_beginend	.	0	3226258
cruralis_HybSeqProbes_test_with400Ns_beginend	.	0	3246419
cruralis_HybSeqProbes_test_with400Ns_beginend	.	0	3246484
cruralis_HybSeqProbes_test_with400Ns_beginend	.	0	3252241
cruralis_HybSeqProbes_test_with400Ns_beginend	.	0	3252244
cruralis_HybSeqProbes_test_with400Ns_beginend	.	0	3252320
cruralis_HybSeqProbes_test_with400Ns_beginend	.	0	3318656
cruralis_HybSeqProbes_test_with400Ns_beginend	.	0	3318813
cruralis_HybSeqProbes_test_with400Ns_beginend	.	0	3368561
cruralis_HybSeqProbes_test_with400Ns_beginend	.	0	3390039
cruralis_HybSeqProbes_test_with400Ns_beginend	.	0	3403892
cruralis_HybSeqProbes_test_with400Ns_beginend	.	0	3514630
cruralis_HybSeqProbes_test_with400Ns_beginend	.	0	3514673
cruralis_HybSeqProbes_test_with400Ns_beginend	.	0	3550941
cruralis_HybSeqProbes_test_with400Ns_beginend	.	0	3555554
cruralis_HybSeqProbes_test_with400Ns_beginend	.	0	3555557
cruralis_HybSeqProbes_test_with400Ns_beginend	.	0	3565357
cruralis_HybSeqProbes_test_with400Ns_beginend	.	0	3573170
cruralis_HybSeqProbes_test_with400Ns_beginend	.	0	3573177
cruralis_HybSeqProbes_test_with400Ns_beginend	.	0	3603819
cruralis_HybSeqProbes_test_with400Ns_beginend	.	0	3603821
cruralis_HybSeqProbes_test_with400Ns_beginend	.	0	3603828
cruralis_HybSeqProbes_test_with400Ns_beginend	.	0	3603843
cruralis_HybSeqProbes_test_with400Ns_beginend	.	0	3604013
cruralis_HybSeqProbes_test_with400Ns_beginend	.	0	3604014
cruralis_HybSeqProbes_test_with400Ns_beginend	.	0	3604031
cruralis_HybSeqProbes_test_with400Ns_beginend	.	0	3604053
cruralis_HybSeqProbes_test_with400Ns_beginend	.	0	3633838
cruralis_HybSeqProbes_test_with400Ns_beginend	.	0	3633849
cruralis_HybSeqProbes_test_with400Ns_beginend	.	0	3742038
cruralis_HybSeqProbes_test_with400Ns_beginend	.	0	3742050
cruralis_HybSeqProbes_test_with400Ns_beginend	.	0	3742066
cruralis_HybSeqProbes_test_with400Ns_beginend	.	0	3742069
cruralis_HybSeqProbes_test_with400Ns_beginend	.	0	3742070
cruralis_HybSeqProbes_test_with400Ns_beginend	.	0	3742174
cruralis_HybSeqProbes_test_with400Ns_beginend	.	0	3742200
cruralis_HybSeqProbes_test_with400Ns_beginend	.	0	3742210
cruralis_HybSeqProbes_test_with400Ns_beginend	.	0	3742235
cruralis_HybSeqProbes_test_with400Ns_beginend	.	0	3742237
cruralis_HybSeqProbes_test_with400Ns_beginend	.	0	3742246
cruralis_HybSeqProbes_test_with400Ns_beginend	.	0	3742265
cruralis_HybSeqProbes_test_with400Ns_beginend	.	0	3742270
cruralis_HybSeqProbes_test_with400Ns_beginend	.	0	3742387
cruralis_HybSeqProbes_test_with400Ns_beginend	.	0	3742490
cruralis_HybSeqProbes_test_with400Ns_beginend	.	0	3742501
cruralis_HybSeqProbes_test_with400Ns_beginend	.	0	3742522
cruralis_HybSeqProbes_test_with400Ns_beginend	.	0	3742532
cruralis_HybSeqProbes_test_with400Ns_beginend	.	0	3742533
cruralis_HybSeqProbes_test_with400Ns_beginend	.	0	3744336
cruralis_HybSeqProbes_test_with400Ns_beginend	.	0	3744370
cruralis_HybSeqProbes_test_with400Ns_beginend	.	0	3744372
cruralis_HybSeqProbes_test_with400Ns_beginend	.	0	3744384
cruralis_HybSeqProbes_test_with400Ns_beginend	.	0	3744386
cruralis_HybSeqProbes_test_with400Ns_beginend	.	0	3744400
cruralis_HybSeqProbes_test_with400Ns_beginend	.	0	3744408
cruralis_HybSeqProbes_test_with400Ns_beginend	.	0	3744417
cruralis_HybSeqProbes_test_with400Ns_beginend	.	0	3744456
cruralis_HybSeqProbes_test_with400Ns_beginend	.	0	3744546
cruralis_HybSeqProbes_test_with400Ns_beginend	.	0	3744552
cruralis_HybSeqProbes_test_with400Ns_beginend	.	0	3744561
cruralis_HybSeqProbes_test_with400Ns_beginend	.	0	3744570
cruralis_HybSeqProbes_test_with400Ns_beginend	.	0	3744573
cruralis_HybSeqProbes_test_with400Ns_beginend	.	0	3744595
cruralis_HybSeqProbes_test_with400Ns_beginend	.	0	3744606
cruralis_HybSeqProbes_test_with400Ns_beginend	.	0	3744647
cruralis_HybSeqProbes_test_with400Ns_beginend	.	0	3744658
cruralis_HybSeqProbes_test_with400Ns_beginend	.	0	3755353
cruralis_HybSeqProbes_test_with400Ns_beginend	.	0	3755356
cruralis_HybSeqProbes_test_with400Ns_beginend	.	0	3755369
cruralis_HybSeqProbes_test_with400Ns_beginend	.	0	3755397
cruralis_HybSeqProbes_test_with400Ns_beginend	.	0	3755403
cruralis_HybSeqProbes_test_with400Ns_beginend	.	0	3759704
cruralis_HybSeqProbes_test_with400Ns_beginend	.	0	3759884
cruralis_HybSeqProbes_test_with400Ns_beginend	.	0	3760564
cruralis_HybSeqProbes_test_with400Ns_beginend	.	0	3760579
cruralis_HybSeqProbes_test_with400Ns_beginend	.	0	3760608
cruralis_HybSeqProbes_test_with400Ns_beginend	.	0	3760674
cruralis_HybSeqProbes_test_with400Ns_beginend	.	0	3760716
cruralis_HybSeqProbes_test_with400Ns_beginend	.	0	3760724
cruralis_HybSeqProbes_test_with400Ns_beginend	.	0	3760828
cruralis_HybSeqProbes_test_with400Ns_beginend	.	0	3760899
cruralis_HybSeqProbes_test_with400Ns_beginend	.	0	3760900
cruralis_HybSeqProbes_test_with400Ns_beginend	.	0	3761002
cruralis_HybSeqProbes_test_with400Ns_beginend	.	0	3761153
cruralis_HybSeqProbes_test_with400Ns_beginend	.	0	3761243
cruralis_HybSeqProbes_test_with400Ns_beginend	.	0	3761309
cruralis_HybSeqProbes_test_with400Ns_beginend	.	0	3813053
cruralis_HybSeqProbes_test_with400Ns_beginend	.	0	3813193
cruralis_HybSeqProbes_test_with400Ns_beginend	.	0	3843423
cruralis_HybSeqProbes_test_with400Ns_beginend	.	0	3843427
cruralis_HybSeqProbes_test_with400Ns_beginend	.	0	3843465
cruralis_HybSeqProbes_test_with400Ns_beginend	.	0	3843511
cruralis_HybSeqProbes_test_with400Ns_beginend	.	0	3843512
cruralis_HybSeqProbes_test_with400Ns_beginend	.	0	3843562
cruralis_HybSeqProbes_test_with400Ns_beginend	.	0	3843651
cruralis_HybSeqProbes_test_with400Ns_beginend	.	0	3843685
cruralis_HybSeqProbes_test_with400Ns_beginend	.	0	3843722
cruralis_HybSeqProbes_test_with400Ns_beginend	.	0	3843734
cruralis_HybSeqProbes_test_with400Ns_beginend	.	0	3843735
cruralis_HybSeqProbes_test_with400Ns_beginend	.	0	3843791
cruralis_HybSeqProbes_test_with400Ns_beginend	.	0	3843799
cruralis_HybSeqProbes_test_with400Ns_beginend	.	0	3843869
cruralis_HybSeqProbes_test_with400Ns_beginend	.	0	3891876
cruralis_HybSeqProbes_test_with400Ns_beginend	.	0	3898873
cruralis_HybSeqProbes_test_with400Ns_beginend	.	0	3898911
cruralis_HybSeqProbes_test_with400Ns_beginend	.	0	3912132
cruralis_HybSeqProbes_test_with400Ns_beginend	.	0	3927138
cruralis_HybSeqProbes_test_with400Ns_beginend	.	0	4111592
cruralis_HybSeqProbes_test_with400Ns_beginend	.	0	4191523
cruralis_HybSeqProbes_test_with400Ns_beginend	.	0	4223408
cruralis_HybSeqProbes_test_with400Ns_beginend	.	0	4223426
cruralis_HybSeqProbes_test_with400Ns_beginend	.	0	4223461
cruralis_HybSeqProbes_test_with400Ns_beginend	.	0	4223498
cruralis_HybSeqProbes_test_with400Ns_beginend	.	0	4223499
cruralis_HybSeqProbes_test_with400Ns_beginend	.	0	4223521
cruralis_HybSeqProbes_test_with400Ns_beginend	.	0	4223615
cruralis_HybSeqProbes_test_with400Ns_beginend	.	0	4223622
cruralis_HybSeqProbes_test_with400Ns_beginend	.	0	4223630
cruralis_HybSeqProbes_test_with400Ns_beginend	.	0	4223648
cruralis_HybSeqProbes_test_with400Ns_beginend	.	0	4223723
cruralis_HybSeqProbes_test_with400Ns_beginend	.	0	4320974
cruralis_HybSeqProbes_test_with400Ns_beginend	.	0	4356194
cruralis_HybSeqProbes_test_with400Ns_beginend	.	0	4423974
cruralis_HybSeqProbes_test_with400Ns_beginend	.	0	4430164
cruralis_HybSeqProbes_test_with400Ns_beginend	.	0	4434638
cruralis_HybSeqProbes_test_with400Ns_beginend	.	0	4434639
cruralis_HybSeqProbes_test_with400Ns_beginend	.	0	4434642
cruralis_HybSeqProbes_test_with400Ns_beginend	.	0	4434685
cruralis_HybSeqProbes_test_with400Ns_beginend	.	0	4434705
cruralis_HybSeqProbes_test_with400Ns_beginend	.	0	4434900
cruralis_HybSeqProbes_test_with400Ns_beginend	.	0	4434936
cruralis_HybSeqProbes_test_with400Ns_beginend	.	0	4434996
cruralis_HybSeqProbes_test_with400Ns_beginend	.	0	4435009
cruralis_HybSeqProbes_test_with400Ns_beginend	.	0	4435050
cruralis_HybSeqProbes_test_with400Ns_beginend	.	0	4435051
cruralis_HybSeqProbes_test_with400Ns_beginend	.	0	4435059
cruralis_HybSeqProbes_test_with400Ns_beginend	.	0	4461617
cruralis_HybSeqProbes_test_with400Ns_beginend	.	0	4483490
cruralis_HybSeqProbes_test_with400Ns_beginend	.	0	4500475
cruralis_HybSeqProbes_test_with400Ns_beginend	.	0	4508987
cruralis_HybSeqProbes_test_with400Ns_beginend	.	0	4509029
cruralis_HybSeqProbes_test_with400Ns_beginend	.	0	4548008
cruralis_HybSeqProbes_test_with400Ns_beginend	.	0	4599764
cruralis_HybSeqProbes_test_with400Ns_beginend	.	0	4697711
cruralis_HybSeqProbes_test_with400Ns_beginend	.	0	4722071
cruralis_HybSeqProbes_test_with400Ns_beginend	.	0	4747007
cruralis_HybSeqProbes_test_with400Ns_beginend	.	0	5095391
cruralis_HybSeqProbes_test_with400Ns_beginend	.	0	5127754
cruralis_HybSeqProbes_test_with400Ns_beginend	.	0	5133429
cruralis_HybSeqProbes_test_with400Ns_beginend	.	0	5133451
cruralis_HybSeqProbes_test_with400Ns_beginend	.	0	5133538
cruralis_HybSeqProbes_test_with400Ns_beginend	.	0	5133560
cruralis_HybSeqProbes_test_with400Ns_beginend	.	0	5133573
cruralis_HybSeqProbes_test_with400Ns_beginend	.	0	5133586
cruralis_HybSeqProbes_test_with400Ns_beginend	.	0	5133605
cruralis_HybSeqProbes_test_with400Ns_beginend	.	0	5133684
cruralis_HybSeqProbes_test_with400Ns_beginend	.	0	5133699
cruralis_HybSeqProbes_test_with400Ns_beginend	.	0	5133719
cruralis_HybSeqProbes_test_with400Ns_beginend	.	0	5133751
cruralis_HybSeqProbes_test_with400Ns_beginend	.	0	5133760
cruralis_HybSeqProbes_test_with400Ns_beginend	.	0	5133770
cruralis_HybSeqProbes_test_with400Ns_beginend	.	0	5133791
cruralis_HybSeqProbes_test_with400Ns_beginend	.	0	5133794
cruralis_HybSeqProbes_test_with400Ns_beginend	.	0	5189390
cruralis_HybSeqProbes_test_with400Ns_beginend	.	0	5189395
cruralis_HybSeqProbes_test_with400Ns_beginend	.	0	5197374
cruralis_HybSeqProbes_test_with400Ns_beginend	.	0	5230011
cruralis_HybSeqProbes_test_with400Ns_beginend	.	0	5397523
cruralis_HybSeqProbes_test_with400Ns_beginend	.	0	5397525
cruralis_HybSeqProbes_test_with400Ns_beginend	.	0	5397604
cruralis_HybSeqProbes_test_with400Ns_beginend	.	0	5399537
cruralis_HybSeqProbes_test_with400Ns_beginend	.	0	5434016
cruralis_HybSeqProbes_test_with400Ns_beginend	.	0	5448949
cruralis_HybSeqProbes_test_with400Ns_beginend	.	0	5477664
cruralis_HybSeqProbes_test_with400Ns_beginend	.	0	5512041
cruralis_HybSeqProbes_test_with400Ns_beginend	.	0	5550221
cruralis_HybSeqProbes_test_with400Ns_beginend	.	0	5653032
cruralis_HybSeqProbes_test_with400Ns_beginend	.	0	5753375
cruralis_HybSeqProbes_test_with400Ns_beginend	.	0	5753409
cruralis_HybSeqProbes_test_with400Ns_beginend	.	0	5980007
cruralis_HybSeqProbes_test_with400Ns_beginend	.	0	6047186
cruralis_HybSeqProbes_test_with400Ns_beginend	.	0	6047189
cruralis_HybSeqProbes_test_with400Ns_beginend	.	0	6047190
cruralis_HybSeqProbes_test_with400Ns_beginend	.	0	6047192
cruralis_HybSeqProbes_test_with400Ns_beginend	.	0	6047253
cruralis_HybSeqProbes_test_with400Ns_beginend	.	0	6047254
cruralis_HybSeqProbes_test_with400Ns_beginend	.	0	6047267
cruralis_HybSeqProbes_test_with400Ns_beginend	.	0	6047324
cruralis_HybSeqProbes_test_with400Ns_beginend	.	0	6047377
cruralis_HybSeqProbes_test_with400Ns_beginend	.	0	6047408
cruralis_HybSeqProbes_test_with400Ns_beginend	.	0	6047425
cruralis_HybSeqProbes_test_with400Ns_beginend	.	0	6047467
cruralis_HybSeqProbes_test_with400Ns_beginend	.	0	6047504
cruralis_HybSeqProbes_test_with400Ns_beginend	.	0	6047518
cruralis_HybSeqProbes_test_with400Ns_beginend	.	0	6066537
cruralis_HybSeqProbes_test_with400Ns_beginend	.	0	6106008
cruralis_HybSeqProbes_test_with400Ns_beginend	.	0	6181298
cruralis_HybSeqProbes_test_with400Ns_beginend	.	0	6211731
cruralis_HybSeqProbes_test_with400Ns_beginend	.	0	6266894
cruralis_HybSeqProbes_test_with400Ns_beginend	.	0	6296362
cruralis_HybSeqProbes_test_with400Ns_beginend	.	0	6296376
cruralis_HybSeqProbes_test_with400Ns_beginend	.	0	6296377
cruralis_HybSeqProbes_test_with400Ns_beginend	.	0	6296398
cruralis_HybSeqProbes_test_with400Ns_beginend	.	0	6296400
cruralis_HybSeqProbes_test_with400Ns_beginend	.	0	6296456
cruralis_HybSeqProbes_test_with400Ns_beginend	.	0	6324731
cruralis_HybSeqProbes_test_with400Ns_beginend	.	0	6324873
cruralis_HybSeqProbes_test_with400Ns_beginend	.	0	6324902
cruralis_HybSeqProbes_test_with400Ns_beginend	.	0	6337713
cruralis_HybSeqProbes_test_with400Ns_beginend	.	0	6347220
cruralis_HybSeqProbes_test_with400Ns_beginend	.	0	6347265
cruralis_HybSeqProbes_test_with400Ns_beginend	.	0	6347302
cruralis_HybSeqProbes_test_with400Ns_beginend	.	0	6347433
cruralis_HybSeqProbes_test_with400Ns_beginend	.	0	6347474
cruralis_HybSeqProbes_test_with400Ns_beginend	.	0	6347485
cruralis_HybSeqProbes_test_with400Ns_beginend	.	0	6347488
cruralis_HybSeqProbes_test_with400Ns_beginend	.	0	6347519
cruralis_HybSeqProbes_test_with400Ns_beginend	.	0	6370324
cruralis_HybSeqProbes_test_with400Ns_beginend	.	0	6397017
cruralis_HybSeqProbes_test_with400Ns_beginend	.	0	6413560
cruralis_HybSeqProbes_test_with400Ns_beginend	.	0	6477366
cruralis_HybSeqProbes_test_with400Ns_beginend	.	0	6477388
cruralis_HybSeqProbes_test_with400Ns_beginend	.	0	6477409
cruralis_HybSeqProbes_test_with400Ns_beginend	.	0	6477412
cruralis_HybSeqProbes_test_with400Ns_beginend	.	0	6489180
cruralis_HybSeqProbes_test_with400Ns_beginend	.	0	6492649
cruralis_HybSeqProbes_test_with400Ns_beginend	.	0	6492655
cruralis_HybSeqProbes_test_with400Ns_beginend	.	0	6505100
cruralis_HybSeqProbes_test_with400Ns_beginend	.	0	6561466
cruralis_HybSeqProbes_test_with400Ns_beginend	.	0	6600877
cruralis_HybSeqProbes_test_with400Ns_beginend	.	0	6601096
cruralis_HybSeqProbes_test_with400Ns_beginend	.	0	6601171
cruralis_HybSeqProbes_test_with400Ns_beginend	.	0	6601349
cruralis_HybSeqProbes_test_with400Ns_beginend	.	0	6615211
cruralis_HybSeqProbes_test_with400Ns_beginend	.	0	6615235
cruralis_HybSeqProbes_test_with400Ns_beginend	.	0	6753450
cruralis_HybSeqProbes_test_with400Ns_beginend	.	0	6814007
cruralis_HybSeqProbes_test_with400Ns_beginend	.	0	6910747
cruralis_HybSeqProbes_test_with400Ns_beginend	.	0	6942688
cruralis_HybSeqProbes_test_with400Ns_beginend	.	0	6942727
cruralis_HybSeqProbes_test_with400Ns_beginend	.	0	6986101
cruralis_HybSeqProbes_test_with400Ns_beginend	.	0	6986143
cruralis_HybSeqProbes_test_with400Ns_beginend	.	0	6986144
cruralis_HybSeqProbes_test_with400Ns_beginend	.	0	7001144
cruralis_HybSeqProbes_test_with400Ns_beginend	.	0	7001217
cruralis_HybSeqProbes_test_with400Ns_beginend	.	0	7001247
cruralis_HybSeqProbes_test_with400Ns_beginend	.	0	7061856
cruralis_HybSeqProbes_test_with400Ns_beginend	.	0	7157451
cruralis_HybSeqProbes_test_with400Ns_beginend	.	0	7157494
cruralis_HybSeqProbes_test_with400Ns_beginend	.	0	7157717
cruralis_HybSeqProbes_test_with400Ns_beginend	.	0	7157743
cruralis_HybSeqProbes_test_with400Ns_beginend	.	0	7157777
cruralis_HybSeqProbes_test_with400Ns_beginend	.	0	7157781
cruralis_HybSeqProbes_test_with400Ns_beginend	.	0	7157801
cruralis_HybSeqProbes_test_with400Ns_beginend	.	0	7169638
cruralis_HybSeqProbes_test_with400Ns_beginend	.	0	7174782
cruralis_HybSeqProbes_test_with400Ns_beginend	.	0	7221227
cruralis_HybSeqProbes_test_with400Ns_beginend	.	0	7221246
cruralis_HybSeqProbes_test_with400Ns_beginend	.	0	7224326
cruralis_HybSeqProbes_test_with400Ns_beginend	.	0	7224351
cruralis_HybSeqProbes_test_with400Ns_beginend	.	0	7224378
cruralis_HybSeqProbes_test_with400Ns_beginend	.	0	7224409
cruralis_HybSeqProbes_test_with400Ns_beginend	.	0	7224459
cruralis_HybSeqProbes_test_with400Ns_beginend	.	0	7224485
cruralis_HybSeqProbes_test_with400Ns_beginend	.	0	7224486
cruralis_HybSeqProbes_test_with400Ns_beginend	.	0	7224488
cruralis_HybSeqProbes_test_with400Ns_beginend	.	0	7224490
cruralis_HybSeqProbes_test_with400Ns_beginend	.	0	7224617
cruralis_HybSeqProbes_test_with400Ns_beginend	.	0	7230081
cruralis_HybSeqProbes_test_with400Ns_beginend	.	0	7230105
cruralis_HybSeqProbes_test_with400Ns_beginend	.	0	7230355
cruralis_HybSeqProbes_test_with400Ns_beginend	.	0	7230441
cruralis_HybSeqProbes_test_with400Ns_beginend	.	0	7230473
cruralis_HybSeqProbes_test_with400Ns_beginend	.	0	7230497
cruralis_HybSeqProbes_test_with400Ns_beginend	.	0	7230515
cruralis_HybSeqProbes_test_with400Ns_beginend	.	0	7230556
cruralis_HybSeqProbes_test_with400Ns_beginend	.	0	7230564
cruralis_HybSeqProbes_test_with400Ns_beginend	.	0	7230571
cruralis_HybSeqProbes_test_with400Ns_beginend	.	0	7230591
cruralis_HybSeqProbes_test_with400Ns_beginend	.	0	7230593
cruralis_HybSeqProbes_test_with400Ns_beginend	.	0	7230715
cruralis_HybSeqProbes_test_with400Ns_beginend	.	0	7230807
cruralis_HybSeqProbes_test_with400Ns_beginend	.	0	7237649
cruralis_HybSeqProbes_test_with400Ns_beginend	.	0	7317429
cruralis_HybSeqProbes_test_with400Ns_beginend	.	0	7317546
cruralis_HybSeqProbes_test_with400Ns_beginend	.	0	7337393
cruralis_HybSeqProbes_test_with400Ns_beginend	.	0	7504138
cruralis_HybSeqProbes_test_with400Ns_beginend	.	0	7505177
cruralis_HybSeqProbes_test_with400Ns_beginend	.	0	7505190
cruralis_HybSeqProbes_test_with400Ns_beginend	.	0	7525264
cruralis_HybSeqProbes_test_with400Ns_beginend	.	0	7531094
cruralis_HybSeqProbes_test_with400Ns_beginend	.	0	7579090
cruralis_HybSeqProbes_test_with400Ns_beginend	.	0	7581157
cruralis_HybSeqProbes_test_with400Ns_beginend	.	0	7581676
cruralis_HybSeqProbes_test_with400Ns_beginend	.	0	7620565
cruralis_HybSeqProbes_test_with400Ns_beginend	.	0	7620578
cruralis_HybSeqProbes_test_with400Ns_beginend	.	0	7620584
cruralis_HybSeqProbes_test_with400Ns_beginend	.	0	7620600
cruralis_HybSeqProbes_test_with400Ns_beginend	.	0	7620601
cruralis_HybSeqProbes_test_with400Ns_beginend	.	0	7620606
cruralis_HybSeqProbes_test_with400Ns_beginend	.	0	7645807
cruralis_HybSeqProbes_test_with400Ns_beginend	.	0	7645821
cruralis_HybSeqProbes_test_with400Ns_beginend	.	0	7645831
cruralis_HybSeqProbes_test_with400Ns_beginend	.	0	7645846
cruralis_HybSeqProbes_test_with400Ns_beginend	.	0	7645853
cruralis_HybSeqProbes_test_with400Ns_beginend	.	0	7645872
cruralis_HybSeqProbes_test_with400Ns_beginend	.	0	7645899
cruralis_HybSeqProbes_test_with400Ns_beginend	.	0	7645906
cruralis_HybSeqProbes_test_with400Ns_beginend	.	0	7645912
cruralis_HybSeqProbes_test_with400Ns_beginend	.	0	7645966
cruralis_HybSeqProbes_test_with400Ns_beginend	.	0	7645993
cruralis_HybSeqProbes_test_with400Ns_beginend	.	0	7646044
cruralis_HybSeqProbes_test_with400Ns_beginend	.	0	7646128
cruralis_HybSeqProbes_test_with400Ns_beginend	.	0	7646178
cruralis_HybSeqProbes_test_with400Ns_beginend	.	0	7646210
cruralis_HybSeqProbes_test_with400Ns_beginend	.	0	7646230
cruralis_HybSeqProbes_test_with400Ns_beginend	.	0	7647278
cruralis_HybSeqProbes_test_with400Ns_beginend	.	0	7660359
cruralis_HybSeqProbes_test_with400Ns_beginend	.	0	7660399
cruralis_HybSeqProbes_test_with400Ns_beginend	.	0	7660407
cruralis_HybSeqProbes_test_with400Ns_beginend	.	0	7660420
cruralis_HybSeqProbes_test_with400Ns_beginend	.	0	7660421
cruralis_HybSeqProbes_test_with400Ns_beginend	.	0	7660423
cruralis_HybSeqProbes_test_with400Ns_beginend	.	0	7660426
cruralis_HybSeqProbes_test_with400Ns_beginend	.	0	7660428
cruralis_HybSeqProbes_test_with400Ns_beginend	.	0	7660485
cruralis_HybSeqProbes_test_with400Ns_beginend	.	0	7660522
cruralis_HybSeqProbes_test_with400Ns_beginend	.	0	7660536
cruralis_HybSeqProbes_test_with400Ns_beginend	.	0	7660618
cruralis_HybSeqProbes_test_with400Ns_beginend	.	0	7660619
cruralis_HybSeqProbes_test_with400Ns_beginend	.	0	7660633
cruralis_HybSeqProbes_test_with400Ns_beginend	.	0	7660649
cruralis_HybSeqProbes_test_with400Ns_beginend	.	0	7660653
cruralis_HybSeqProbes_test_with400Ns_beginend	.	0	7660667
cruralis_HybSeqProbes_test_with400Ns_beginend	.	0	7660668
cruralis_HybSeqProbes_test_with400Ns_beginend	.	0	7660669
cruralis_HybSeqProbes_test_with400Ns_beginend	.	0	7660709
cruralis_HybSeqProbes_test_with400Ns_beginend	.	0	7660713
cruralis_HybSeqProbes_test_with400Ns_beginend	.	0	7660733
cruralis_HybSeqProbes_test_with400Ns_beginend	.	0	7660749
cruralis_HybSeqProbes_test_with400Ns_beginend	.	0	7660795
cruralis_HybSeqProbes_test_with400Ns_beginend	.	0	7660800
cruralis_HybSeqProbes_test_with400Ns_beginend	.	0	7660808
cruralis_HybSeqProbes_test_with400Ns_beginend	.	0	7686498
cruralis_HybSeqProbes_test_with400Ns_beginend	.	0	7794749
cruralis_HybSeqProbes_test_with400Ns_beginend	.	0	7813579
cruralis_HybSeqProbes_test_with400Ns_beginend	.	0	7882818
cruralis_HybSeqProbes_test_with400Ns_beginend	.	0	7923432
cruralis_HybSeqProbes_test_with400Ns_beginend	.	0	7923435
cruralis_HybSeqProbes_test_with400Ns_beginend	.	0	7937607
cruralis_HybSeqProbes_test_with400Ns_beginend	.	0	7937621
cruralis_HybSeqProbes_test_with400Ns_beginend	.	0	7937735
cruralis_HybSeqProbes_test_with400Ns_beginend	.	0	7987000
cruralis_HybSeqProbes_test_with400Ns_beginend	.	0	8025827
cruralis_HybSeqProbes_test_with400Ns_beginend	.	0	8078322
cruralis_HybSeqProbes_test_with400Ns_beginend	.	0	8078349
cruralis_HybSeqProbes_test_with400Ns_beginend	.	0	8078373
cruralis_HybSeqProbes_test_with400Ns_beginend	.	0	8083632
cruralis_HybSeqProbes_test_with400Ns_beginend	.	0	8155534
cruralis_HybSeqProbes_test_with400Ns_beginend	.	0	8155568
cruralis_HybSeqProbes_test_with400Ns_beginend	.	0	8155582
cruralis_HybSeqProbes_test_with400Ns_beginend	.	0	8155590
cruralis_HybSeqProbes_test_with400Ns_beginend	.	0	8155591
cruralis_HybSeqProbes_test_with400Ns_beginend	.	0	8155597
cruralis_HybSeqProbes_test_with400Ns_beginend	.	0	8156146
cruralis_HybSeqProbes_test_with400Ns_beginend	.	0	8156247
cruralis_HybSeqProbes_test_with400Ns_beginend	.	0	8166493
cruralis_HybSeqProbes_test_with400Ns_beginend	.	0	8182274
cruralis_HybSeqProbes_test_with400Ns_beginend	.	0	8182570
cruralis_HybSeqProbes_test_with400Ns_beginend	.	0	8209846
cruralis_HybSeqProbes_test_with400Ns_beginend	.	0	8209941
cruralis_HybSeqProbes_test_with400Ns_beginend	.	0	8209968
cruralis_HybSeqProbes_test_with400Ns_beginend	.	0	8210014
cruralis_HybSeqProbes_test_with400Ns_beginend	.	0	8210016
cruralis_HybSeqProbes_test_with400Ns_beginend	.	0	8220095
cruralis_HybSeqProbes_test_with400Ns_beginend	.	0	8220120
cruralis_HybSeqProbes_test_with400Ns_beginend	.	0	8243155
cruralis_HybSeqProbes_test_with400Ns_beginend	.	0	8243161
cruralis_HybSeqProbes_test_with400Ns_beginend	.	0	8243224
cruralis_HybSeqProbes_test_with400Ns_beginend	.	0	8243225
cruralis_HybSeqProbes_test_with400Ns_beginend	.	0	8243238
cruralis_HybSeqProbes_test_with400Ns_beginend	.	0	8248424
cruralis_HybSeqProbes_test_with400Ns_beginend	.	0	8255614
cruralis_HybSeqProbes_test_with400Ns_beginend	.	0	8256460
cruralis_HybSeqProbes_test_with400Ns_beginend	.	0	8256754
cruralis_HybSeqProbes_test_with400Ns_beginend	.	0	8256755
cruralis_HybSeqProbes_test_with400Ns_beginend	.	0	8256797
cruralis_HybSeqProbes_test_with400Ns_beginend	.	0	8256803
cruralis_HybSeqProbes_test_with400Ns_beginend	.	0	8256807
cruralis_HybSeqProbes_test_with400Ns_beginend	.	0	8256817
cruralis_HybSeqProbes_test_with400Ns_beginend	.	0	8256857
cruralis_HybSeqProbes_test_with400Ns_beginend	.	0	8256861
cruralis_HybSeqProbes_test_with400Ns_beginend	.	0	8273219
cruralis_HybSeqProbes_test_with400Ns_beginend	.	0	8273272
cruralis_HybSeqProbes_test_with400Ns_beginend	.	0	8298582
cruralis_HybSeqProbes_test_with400Ns_beginend	.	0	8298600
cruralis_HybSeqProbes_test_with400Ns_beginend	.	0	8312888
cruralis_HybSeqProbes_test_with400Ns_beginend	.	0	8380228
cruralis_HybSeqProbes_test_with400Ns_beginend	.	0	8434473
cruralis_HybSeqProbes_test_with400Ns_beginend	.	0	8434569
cruralis_HybSeqProbes_test_with400Ns_beginend	.	0	8434581
cruralis_HybSeqProbes_test_with400Ns_beginend	.	0	8434608
cruralis_HybSeqProbes_test_with400Ns_beginend	.	0	8434614
cruralis_HybSeqProbes_test_with400Ns_beginend	.	0	8434622
cruralis_HybSeqProbes_test_with400Ns_beginend	.	0	8434629
cruralis_HybSeqProbes_test_with400Ns_beginend	.	0	8434656
cruralis_HybSeqProbes_test_with400Ns_beginend	.	0	8455279
cruralis_HybSeqProbes_test_with400Ns_beginend	.	0	8463374
cruralis_HybSeqProbes_test_with400Ns_beginend	.	0	8463382
cruralis_HybSeqProbes_test_with400Ns_beginend	.	0	8468820
cruralis_HybSeqProbes_test_with400Ns_beginend	.	0	8534919
cruralis_HybSeqProbes_test_with400Ns_beginend	.	0	8534997
cruralis_HybSeqProbes_test_with400Ns_beginend	.	0	8535002
cruralis_HybSeqProbes_test_with400Ns_beginend	.	0	8665103
cruralis_HybSeqProbes_test_with400Ns_beginend	.	0	8731666
cruralis_HybSeqProbes_test_with400Ns_beginend	.	0	8752768
cruralis_HybSeqProbes_test_with400Ns_beginend	.	0	8800465
cruralis_HybSeqProbes_test_with400Ns_beginend	.	0	8809827
cruralis_HybSeqProbes_test_with400Ns_beginend	.	0	8810001
cruralis_HybSeqProbes_test_with400Ns_beginend	.	0	8864961
cruralis_HybSeqProbes_test_with400Ns_beginend	.	0	8868617
cruralis_HybSeqProbes_test_with400Ns_beginend	.	0	8893266
cruralis_HybSeqProbes_test_with400Ns_beginend	.	0	8893271
cruralis_HybSeqProbes_test_with400Ns_beginend	.	0	8893364
cruralis_HybSeqProbes_test_with400Ns_beginend	.	0	8893381
cruralis_HybSeqProbes_test_with400Ns_beginend	.	0	8904946
cruralis_HybSeqProbes_test_with400Ns_beginend	.	0	8904963
cruralis_HybSeqProbes_test_with400Ns_beginend	.	0	8930234
cruralis_HybSeqProbes_test_with400Ns_beginend	.	0	8971555
cruralis_HybSeqProbes_test_with400Ns_beginend	.	0	8984312
cruralis_HybSeqProbes_test_with400Ns_beginend	.	0	8984316
cruralis_HybSeqProbes_test_with400Ns_beginend	.	0	8984337
cruralis_HybSeqProbes_test_with400Ns_beginend	.	0	8984346
cruralis_HybSeqProbes_test_with400Ns_beginend	.	0	8984349
cruralis_HybSeqProbes_test_with400Ns_beginend	.	0	8984376
cruralis_HybSeqProbes_test_with400Ns_beginend	.	0	8984379
cruralis_HybSeqProbes_test_with400Ns_beginend	.	0	8984468
cruralis_HybSeqProbes_test_with400Ns_beginend	.	0	8984475
cruralis_HybSeqProbes_test_with400Ns_beginend	.	0	8984478
cruralis_HybSeqProbes_test_with400Ns_beginend	.	0	8984595
cruralis_HybSeqProbes_test_with400Ns_beginend	.	0	8984599
cruralis_HybSeqProbes_test_with400Ns_beginend	.	0	8984608
cruralis_HybSeqProbes_test_with400Ns_beginend	.	0	8984647
cruralis_HybSeqProbes_test_with400Ns_beginend	.	0	8984795
cruralis_HybSeqProbes_test_with400Ns_beginend	.	0	8984841
cruralis_HybSeqProbes_test_with400Ns_beginend	.	0	8984859
cruralis_HybSeqProbes_test_with400Ns_beginend	.	0	9065788
cruralis_HybSeqProbes_test_with400Ns_beginend	.	0	9065827
cruralis_HybSeqProbes_test_with400Ns_beginend	.	0	9124027
cruralis_HybSeqProbes_test_with400Ns_beginend	.	0	9197086
cruralis_HybSeqProbes_test_with400Ns_beginend	.	0	9197282
cruralis_HybSeqProbes_test_with400Ns_beginend	.	0	9222340
cruralis_HybSeqProbes_test_with400Ns_beginend	.	0	9222344
cruralis_HybSeqProbes_test_with400Ns_beginend	.	0	9222355
cruralis_HybSeqProbes_test_with400Ns_beginend	.	0	9222356
cruralis_HybSeqProbes_test_with400Ns_beginend	.	0	9222386
cruralis_HybSeqProbes_test_with400Ns_beginend	.	0	9222400
cruralis_HybSeqProbes_test_with400Ns_beginend	.	0	9222437
cruralis_HybSeqProbes_test_with400Ns_beginend	.	0	9222445
cruralis_HybSeqProbes_test_with400Ns_beginend	.	0	9222449
cruralis_HybSeqProbes_test_with400Ns_beginend	.	0	9222456
cruralis_HybSeqProbes_test_with400Ns_beginend	.	0	9222458
cruralis_HybSeqProbes_test_with400Ns_beginend	.	0	9222503
cruralis_HybSeqProbes_test_with400Ns_beginend	.	0	9222508
cruralis_HybSeqProbes_test_with400Ns_beginend	.	0	9222513
cruralis_HybSeqProbes_test_with400Ns_beginend	.	0	9222530
cruralis_HybSeqProbes_test_with400Ns_beginend	.	0	9222540
cruralis_HybSeqProbes_test_with400Ns_beginend	.	0	9222646
cruralis_HybSeqProbes_test_with400Ns_beginend	.	0	9222687
cruralis_HybSeqProbes_test_with400Ns_beginend	.	0	9222696
cruralis_HybSeqProbes_test_with400Ns_beginend	.	0	9233040
cruralis_HybSeqProbes_test_with400Ns_beginend	.	0	9260057
cruralis_HybSeqProbes_test_with400Ns_beginend	.	0	9271650
cruralis_HybSeqProbes_test_with400Ns_beginend	.	0	9271672
cruralis_HybSeqProbes_test_with400Ns_beginend	.	0	9302083
cruralis_HybSeqProbes_test_with400Ns_beginend	.	0	9304631
cruralis_HybSeqProbes_test_with400Ns_beginend	.	0	9304643
cruralis_HybSeqProbes_test_with400Ns_beginend	.	0	9492284
cruralis_HybSeqProbes_test_with400Ns_beginend	.	0	9492414
cruralis_HybSeqProbes_test_with400Ns_beginend	.	0	9549965
cruralis_HybSeqProbes_test_with400Ns_beginend	.	0	9568571
cruralis_HybSeqProbes_test_with400Ns_beginend	.	0	9574072
cruralis_HybSeqProbes_test_with400Ns_beginend	.	0	9602740
cruralis_HybSeqProbes_test_with400Ns_beginend	.	0	9663604
cruralis_HybSeqProbes_test_with400Ns_beginend	.	0	9742729
cruralis_HybSeqProbes_test_with400Ns_beginend	.	0	9742792
cruralis_HybSeqProbes_test_with400Ns_beginend	.	0	9748864
cruralis_HybSeqProbes_test_with400Ns_beginend	.	0	9748987
cruralis_HybSeqProbes_test_with400Ns_beginend	.	0	9749008
cruralis_HybSeqProbes_test_with400Ns_beginend	.	0	9805694
cruralis_HybSeqProbes_test_with400Ns_beginend	.	0	9805927
cruralis_HybSeqProbes_test_with400Ns_beginend	.	0	9806007
cruralis_HybSeqProbes_test_with400Ns_beginend	.	0	9934284
cruralis_HybSeqProbes_test_with400Ns_beginend	.	0	9934288
cruralis_HybSeqProbes_test_with400Ns_beginend	.	0	9934302
cruralis_HybSeqProbes_test_with400Ns_beginend	.	0	9961140
cruralis_HybSeqProbes_test_with400Ns_beginend	.	0	9986503
cruralis_HybSeqProbes_test_with400Ns_beginend	.	0	10104065
cruralis_HybSeqProbes_test_with400Ns_beginend	.	0	10104095
cruralis_HybSeqProbes_test_with400Ns_beginend	.	0	10104101
cruralis_HybSeqProbes_test_with400Ns_beginend	.	0	10104119
cruralis_HybSeqProbes_test_with400Ns_beginend	.	0	10204457
cruralis_HybSeqProbes_test_with400Ns_beginend	.	0	10204674
cruralis_HybSeqProbes_test_with400Ns_beginend	.	0	10210860
cruralis_HybSeqProbes_test_with400Ns_beginend	.	0	10326293
cruralis_HybSeqProbes_test_with400Ns_beginend	.	0	10326330
cruralis_HybSeqProbes_test_with400Ns_beginend	.	0	10340750
cruralis_HybSeqProbes_test_with400Ns_beginend	.	0	10382137
cruralis_HybSeqProbes_test_with400Ns_beginend	.	0	10397248
cruralis_HybSeqProbes_test_with400Ns_beginend	.	0	10397263
cruralis_HybSeqProbes_test_with400Ns_beginend	.	0	10460757
cruralis_HybSeqProbes_test_with400Ns_beginend	.	0	10623141
cruralis_HybSeqProbes_test_with400Ns_beginend	.	0	10637801
cruralis_HybSeqProbes_test_with400Ns_beginend	.	0	10670267
cruralis_HybSeqProbes_test_with400Ns_beginend	.	0	10670375
cruralis_HybSeqProbes_test_with400Ns_beginend	.	0	10670422
cruralis_HybSeqProbes_test_with400Ns_beginend	.	0	10696757
cruralis_HybSeqProbes_test_with400Ns_beginend	.	0	10696772
cruralis_HybSeqProbes_test_with400Ns_beginend	.	0	10696777
cruralis_HybSeqProbes_test_with400Ns_beginend	.	0	10696800
cruralis_HybSeqProbes_test_with400Ns_beginend	.	0	10696821
cruralis_HybSeqProbes_test_with400Ns_beginend	.	0	10696847
cruralis_HybSeqProbes_test_with400Ns_beginend	.	0	10696854
cruralis_HybSeqProbes_test_with400Ns_beginend	.	0	10696862
cruralis_HybSeqProbes_test_with400Ns_beginend	.	0	10748065
cruralis_HybSeqProbes_test_with400Ns_beginend	.	0	10781742
cruralis_HybSeqProbes_test_with400Ns_beginend	.	0	10781756
cruralis_HybSeqProbes_test_with400Ns_beginend	.	0	10781794
cruralis_HybSeqProbes_test_with400Ns_beginend	.	0	10781846
cruralis_HybSeqProbes_test_with400Ns_beginend	.	0	10782035
cruralis_HybSeqProbes_test_with400Ns_beginend	.	0	10782105
cruralis_HybSeqProbes_test_with400Ns_beginend	.	0	10782147
cruralis_HybSeqProbes_test_with400Ns_beginend	.	0	10782168
cruralis_HybSeqProbes_test_with400Ns_beginend	.	0	10782231
cruralis_HybSeqProbes_test_with400Ns_beginend	.	0	10782247
cruralis_HybSeqProbes_test_with400Ns_beginend	.	0	10782315
cruralis_HybSeqProbes_test_with400Ns_beginend	.	0	10782324
cruralis_HybSeqProbes_test_with400Ns_beginend	.	0	10782385
cruralis_HybSeqProbes_test_with400Ns_beginend	.	0	10782402
cruralis_HybSeqProbes_test_with400Ns_beginend	.	0	10782508
cruralis_HybSeqProbes_test_with400Ns_beginend	.	0	10782524
cruralis_HybSeqProbes_test_with400Ns_beginend	.	0	10833705
cruralis_HybSeqProbes_test_with400Ns_beginend	.	0	10836851
cruralis_HybSeqProbes_test_with400Ns_beginend	.	0	10839623
cruralis_HybSeqProbes_test_with400Ns_beginend	.	0	10860502
cruralis_HybSeqProbes_test_with400Ns_beginend	.	0	10860510
cruralis_HybSeqProbes_test_with400Ns_beginend	.	0	10900735
cruralis_HybSeqProbes_test_with400Ns_beginend	.	0	10916093
cruralis_HybSeqProbes_test_with400Ns_beginend	.	0	10976068
cruralis_HybSeqProbes_test_with400Ns_beginend	.	0	10982427
cruralis_HybSeqProbes_test_with400Ns_beginend	.	0	10982435
cruralis_HybSeqProbes_test_with400Ns_beginend	.	0	10982500
cruralis_HybSeqProbes_test_with400Ns_beginend	.	0	10982501
cruralis_HybSeqProbes_test_with400Ns_beginend	.	0	10997389
cruralis_HybSeqProbes_test_with400Ns_beginend	.	0	11063389
cruralis_HybSeqProbes_test_with400Ns_beginend	.	0	11127613
cruralis_HybSeqProbes_test_with400Ns_beginend	.	0	11127770
cruralis_HybSeqProbes_test_with400Ns_beginend	.	0	11140261
cruralis_HybSeqProbes_test_with400Ns_beginend	.	0	11140273
cruralis_HybSeqProbes_test_with400Ns_beginend	.	0	11140275
cruralis_HybSeqProbes_test_with400Ns_beginend	.	0	11189183
cruralis_HybSeqProbes_test_with400Ns_beginend	.	0	11247199
cruralis_HybSeqProbes_test_with400Ns_beginend	.	0	11247235
cruralis_HybSeqProbes_test_with400Ns_beginend	.	0	11262339
cruralis_HybSeqProbes_test_with400Ns_beginend	.	0	11262405
cruralis_HybSeqProbes_test_with400Ns_beginend	.	0	11326962
cruralis_HybSeqProbes_test_with400Ns_beginend	.	0	11346906
cruralis_HybSeqProbes_test_with400Ns_beginend	.	0	11347394
cruralis_HybSeqProbes_test_with400Ns_beginend	.	0	11347410
cruralis_HybSeqProbes_test_with400Ns_beginend	.	0	11347463
cruralis_HybSeqProbes_test_with400Ns_beginend	.	0	11347542
cruralis_HybSeqProbes_test_with400Ns_beginend	.	0	11347569
cruralis_HybSeqProbes_test_with400Ns_beginend	.	0	11347589
cruralis_HybSeqProbes_test_with400Ns_beginend	.	0	11347625
cruralis_HybSeqProbes_test_with400Ns_beginend	.	0	11347627
cruralis_HybSeqProbes_test_with400Ns_beginend	.	0	11347677
cruralis_HybSeqProbes_test_with400Ns_beginend	.	0	11348058
cruralis_HybSeqProbes_test_with400Ns_beginend	.	0	11348064
cruralis_HybSeqProbes_test_with400Ns_beginend	.	0	11348065
cruralis_HybSeqProbes_test_with400Ns_beginend	.	0	11348073
cruralis_HybSeqProbes_test_with400Ns_beginend	.	0	11348092
cruralis_HybSeqProbes_test_with400Ns_beginend	.	0	11348100
cruralis_HybSeqProbes_test_with400Ns_beginend	.	0	11348115
cruralis_HybSeqProbes_test_with400Ns_beginend	.	0	11348117
cruralis_HybSeqProbes_test_with400Ns_beginend	.	0	11348121
cruralis_HybSeqProbes_test_with400Ns_beginend	.	0	11348126
cruralis_HybSeqProbes_test_with400Ns_beginend	.	0	11372281
cruralis_HybSeqProbes_test_with400Ns_beginend	.	0	11388785
cruralis_HybSeqProbes_test_with400Ns_beginend	.	0	11390103
cruralis_HybSeqProbes_test_with400Ns_beginend	.	0	11408498
cruralis_HybSeqProbes_test_with400Ns_beginend	.	0	11413961
cruralis_HybSeqProbes_test_with400Ns_beginend	.	0	11413971
cruralis_HybSeqProbes_test_with400Ns_beginend	.	0	11414065
cruralis_HybSeqProbes_test_with400Ns_beginend	.	0	11414084
cruralis_HybSeqProbes_test_with400Ns_beginend	.	0	11414089
cruralis_HybSeqProbes_test_with400Ns_beginend	.	0	11414107
cruralis_HybSeqProbes_test_with400Ns_beginend	.	0	11414109
cruralis_HybSeqProbes_test_with400Ns_beginend	.	0	11414192
cruralis_HybSeqProbes_test_with400Ns_beginend	.	0	11414219
cruralis_HybSeqProbes_test_with400Ns_beginend	.	0	11414299
cruralis_HybSeqProbes_test_with400Ns_beginend	.	0	11414407
cruralis_HybSeqProbes_test_with400Ns_beginend	.	0	11414455
cruralis_HybSeqProbes_test_with400Ns_beginend	.	0	11414494
cruralis_HybSeqProbes_test_with400Ns_beginend	.	0	11414706
cruralis_HybSeqProbes_test_with400Ns_beginend	.	0	11414729
cruralis_HybSeqProbes_test_with400Ns_beginend	.	0	11419589
cruralis_HybSeqProbes_test_with400Ns_beginend	.	0	11428270
cruralis_HybSeqProbes_test_with400Ns_beginend	.	0	11428279
cruralis_HybSeqProbes_test_with400Ns_beginend	.	0	11450064
cruralis_HybSeqProbes_test_with400Ns_beginend	.	0	11450083
cruralis_HybSeqProbes_test_with400Ns_beginend	.	0	11454813
cruralis_HybSeqProbes_test_with400Ns_beginend	.	0	11454814
cruralis_HybSeqProbes_test_with400Ns_beginend	.	0	11454849
cruralis_HybSeqProbes_test_with400Ns_beginend	.	0	11454856
cruralis_HybSeqProbes_test_with400Ns_beginend	.	0	11454927
cruralis_HybSeqProbes_test_with400Ns_beginend	.	0	11454934
cruralis_HybSeqProbes_test_with400Ns_beginend	.	0	11454971
cruralis_HybSeqProbes_test_with400Ns_beginend	.	0	11455013
cruralis_HybSeqProbes_test_with400Ns_beginend	.	0	11455023
cruralis_HybSeqProbes_test_with400Ns_beginend	.	0	11455059
cruralis_HybSeqProbes_test_with400Ns_beginend	.	0	11455404
cruralis_HybSeqProbes_test_with400Ns_beginend	.	0	11455425
cruralis_HybSeqProbes_test_with400Ns_beginend	.	0	11455433
cruralis_HybSeqProbes_test_with400Ns_beginend	.	0	11455477
cruralis_HybSeqProbes_test_with400Ns_beginend	.	0	11455492
cruralis_HybSeqProbes_test_with400Ns_beginend	.	0	11455496
cruralis_HybSeqProbes_test_with400Ns_beginend	.	0	11455497
cruralis_HybSeqProbes_test_with400Ns_beginend	.	0	11465657
cruralis_HybSeqProbes_test_with400Ns_beginend	.	0	11473049
cruralis_HybSeqProbes_test_with400Ns_beginend	.	0	11480049
cruralis_HybSeqProbes_test_with400Ns_beginend	.	0	11480209
cruralis_HybSeqProbes_test_with400Ns_beginend	.	0	11480219
cruralis_HybSeqProbes_test_with400Ns_beginend	.	0	11560277
cruralis_HybSeqProbes_test_with400Ns_beginend	.	0	11570407
cruralis_HybSeqProbes_test_with400Ns_beginend	.	0	11576662
cruralis_HybSeqProbes_test_with400Ns_beginend	.	0	11645118
cruralis_HybSeqProbes_test_with400Ns_beginend	.	0	11749350
cruralis_HybSeqProbes_test_with400Ns_beginend	.	0	11749413
cruralis_HybSeqProbes_test_with400Ns_beginend	.	0	11749417
cruralis_HybSeqProbes_test_with400Ns_beginend	.	0	11749430
cruralis_HybSeqProbes_test_with400Ns_beginend	.	0	11749546
cruralis_HybSeqProbes_test_with400Ns_beginend	.	0	11749633
cruralis_HybSeqProbes_test_with400Ns_beginend	.	0	11750101
cruralis_HybSeqProbes_test_with400Ns_beginend	.	0	11821456
cruralis_HybSeqProbes_test_with400Ns_beginend	.	0	11879950
cruralis_HybSeqProbes_test_with400Ns_beginend	.	0	11879964
cruralis_HybSeqProbes_test_with400Ns_beginend	.	0	11884304
cruralis_HybSeqProbes_test_with400Ns_beginend	.	0	11884335
cruralis_HybSeqProbes_test_with400Ns_beginend	.	0	11884337
cruralis_HybSeqProbes_test_with400Ns_beginend	.	0	11884387
cruralis_HybSeqProbes_test_with400Ns_beginend	.	0	11884388
cruralis_HybSeqProbes_test_with400Ns_beginend	.	0	11884438
cruralis_HybSeqProbes_test_with400Ns_beginend	.	0	11884440
cruralis_HybSeqProbes_test_with400Ns_beginend	.	0	11884469
cruralis_HybSeqProbes_test_with400Ns_beginend	.	0	11884471
cruralis_HybSeqProbes_test_with400Ns_beginend	.	0	11884472
cruralis_HybSeqProbes_test_with400Ns_beginend	.	0	11884490
cruralis_HybSeqProbes_test_with400Ns_beginend	.	0	11884521
cruralis_HybSeqProbes_test_with400Ns_beginend	.	0	11884533
cruralis_HybSeqProbes_test_with400Ns_beginend	.	0	11884539
cruralis_HybSeqProbes_test_with400Ns_beginend	.	0	11884547
cruralis_HybSeqProbes_test_with400Ns_beginend	.	0	11884559
cruralis_HybSeqProbes_test_with400Ns_beginend	.	0	11907490
cruralis_HybSeqProbes_test_with400Ns_beginend	.	0	11921265
cruralis_HybSeqProbes_test_with400Ns_beginend	.	0	11965833
cruralis_HybSeqProbes_test_with400Ns_beginend	.	0	11965849
cruralis_HybSeqProbes_test_with400Ns_beginend	.	0	11965854
cruralis_HybSeqProbes_test_with400Ns_beginend	.	0	11965857
cruralis_HybSeqProbes_test_with400Ns_beginend	.	0	11965872
cruralis_HybSeqProbes_test_with400Ns_beginend	.	0	11965876
cruralis_HybSeqProbes_test_with400Ns_beginend	.	0	11965944
cruralis_HybSeqProbes_test_with400Ns_beginend	.	0	11965953
cruralis_HybSeqProbes_test_with400Ns_beginend	.	0	11965980
cruralis_HybSeqProbes_test_with400Ns_beginend	.	0	11965992
cruralis_HybSeqProbes_test_with400Ns_beginend	.	0	11966013
cruralis_HybSeqProbes_test_with400Ns_beginend	.	0	11966015
cruralis_HybSeqProbes_test_with400Ns_beginend	.	0	11966036
cruralis_HybSeqProbes_test_with400Ns_beginend	.	0	11966062
cruralis_HybSeqProbes_test_with400Ns_beginend	.	0	11966074
cruralis_HybSeqProbes_test_with400Ns_beginend	.	0	11966079
cruralis_HybSeqProbes_test_with400Ns_beginend	.	0	11966091
cruralis_HybSeqProbes_test_with400Ns_beginend	.	0	11966092
cruralis_HybSeqProbes_test_with400Ns_beginend	.	0	11966096
cruralis_HybSeqProbes_test_with400Ns_beginend	.	0	11966145
cruralis_HybSeqProbes_test_with400Ns_beginend	.	0	11966157
cruralis_HybSeqProbes_test_with400Ns_beginend	.	0	11966159
cruralis_HybSeqProbes_test_with400Ns_beginend	.	0	11966192
cruralis_HybSeqProbes_test_with400Ns_beginend	.	0	11966328
cruralis_HybSeqProbes_test_with400Ns_beginend	.	0	11966337
cruralis_HybSeqProbes_test_with400Ns_beginend	.	0	11966345
cruralis_HybSeqProbes_test_with400Ns_beginend	.	0	11966349
cruralis_HybSeqProbes_test_with400Ns_beginend	.	0	11980217
cruralis_HybSeqProbes_test_with400Ns_beginend	.	0	12020631
cruralis_HybSeqProbes_test_with400Ns_beginend	.	0	12031328
cruralis_HybSeqProbes_test_with400Ns_beginend	.	0	12040114
cruralis_HybSeqProbes_test_with400Ns_beginend	.	0	12040279
cruralis_HybSeqProbes_test_with400Ns_beginend	.	0	12062911
cruralis_HybSeqProbes_test_with400Ns_beginend	.	0	12107755
cruralis_HybSeqProbes_test_with400Ns_beginend	.	0	12107758
cruralis_HybSeqProbes_test_with400Ns_beginend	.	0	12107806
cruralis_HybSeqProbes_test_with400Ns_beginend	.	0	12107809
cruralis_HybSeqProbes_test_with400Ns_beginend	.	0	12123528
cruralis_HybSeqProbes_test_with400Ns_beginend	.	0	12208948
cruralis_HybSeqProbes_test_with400Ns_beginend	.	0	12283054
cruralis_HybSeqProbes_test_with400Ns_beginend	.	0	12323465
cruralis_HybSeqProbes_test_with400Ns_beginend	.	0	12399970
cruralis_HybSeqProbes_test_with400Ns_beginend	.	0	12424256
cruralis_HybSeqProbes_test_with400Ns_beginend	.	0	12469597
cruralis_HybSeqProbes_test_with400Ns_beginend	.	0	12469748
cruralis_HybSeqProbes_test_with400Ns_beginend	.	0	12523289
cruralis_HybSeqProbes_test_with400Ns_beginend	.	0	12561571
cruralis_HybSeqProbes_test_with400Ns_beginend	.	0	12572778
cruralis_HybSeqProbes_test_with400Ns_beginend	.	0	12572798
cruralis_HybSeqProbes_test_with400Ns_beginend	.	0	12575326
cruralis_HybSeqProbes_test_with400Ns_beginend	.	0	12618522
cruralis_HybSeqProbes_test_with400Ns_beginend	.	0	12624768
cruralis_HybSeqProbes_test_with400Ns_beginend	.	0	12644920
cruralis_HybSeqProbes_test_with400Ns_beginend	.	0	12644938
cruralis_HybSeqProbes_test_with400Ns_beginend	.	0	12661738
cruralis_HybSeqProbes_test_with400Ns_beginend	.	0	12677497
cruralis_HybSeqProbes_test_with400Ns_beginend	.	0	12677530
cruralis_HybSeqProbes_test_with400Ns_beginend	.	0	12708093
cruralis_HybSeqProbes_test_with400Ns_beginend	.	0	12708254
cruralis_HybSeqProbes_test_with400Ns_beginend	.	0	12708479
cruralis_HybSeqProbes_test_with400Ns_beginend	.	0	12708641
cruralis_HybSeqProbes_test_with400Ns_beginend	.	0	12859837
cruralis_HybSeqProbes_test_with400Ns_beginend	.	0	12864523
cruralis_HybSeqProbes_test_with400Ns_beginend	.	0	12864539
cruralis_HybSeqProbes_test_with400Ns_beginend	.	0	12864540
cruralis_HybSeqProbes_test_with400Ns_beginend	.	0	12864551
cruralis_HybSeqProbes_test_with400Ns_beginend	.	0	12864554
cruralis_HybSeqProbes_test_with400Ns_beginend	.	0	12864632
cruralis_HybSeqProbes_test_with400Ns_beginend	.	0	12864769
cruralis_HybSeqProbes_test_with400Ns_beginend	.	0	12864773
cruralis_HybSeqProbes_test_with400Ns_beginend	.	0	12864796
cruralis_HybSeqProbes_test_with400Ns_beginend	.	0	12864970
cruralis_HybSeqProbes_test_with400Ns_beginend	.	0	12869797
cruralis_HybSeqProbes_test_with400Ns_beginend	.	0	12908981
cruralis_HybSeqProbes_test_with400Ns_beginend	.	0	12909048
cruralis_HybSeqProbes_test_with400Ns_beginend	.	0	12924799
cruralis_HybSeqProbes_test_with400Ns_beginend	.	0	13025995
cruralis_HybSeqProbes_test_with400Ns_beginend	.	0	13026009
cruralis_HybSeqProbes_test_with400Ns_beginend	.	0	13026072
cruralis_HybSeqProbes_test_with400Ns_beginend	.	0	13026084
cruralis_HybSeqProbes_test_with400Ns_beginend	.	0	13026129
cruralis_HybSeqProbes_test_with400Ns_beginend	.	0	13026142
cruralis_HybSeqProbes_test_with400Ns_beginend	.	0	13047895
cruralis_HybSeqProbes_test_with400Ns_beginend	.	0	13047907
cruralis_HybSeqProbes_test_with400Ns_beginend	.	0	13047994
cruralis_HybSeqProbes_test_with400Ns_beginend	.	0	13048175
cruralis_HybSeqProbes_test_with400Ns_beginend	.	0	13048220
cruralis_HybSeqProbes_test_with400Ns_beginend	.	0	13048426
cruralis_HybSeqProbes_test_with400Ns_beginend	.	0	13048434
cruralis_HybSeqProbes_test_with400Ns_beginend	.	0	13048553
cruralis_HybSeqProbes_test_with400Ns_beginend	.	0	13048567
cruralis_HybSeqProbes_test_with400Ns_beginend	.	0	13048573
cruralis_HybSeqProbes_test_with400Ns_beginend	.	0	13056924
cruralis_HybSeqProbes_test_with400Ns_beginend	.	0	13121770
cruralis_HybSeqProbes_test_with400Ns_beginend	.	0	13154513
cruralis_HybSeqProbes_test_with400Ns_beginend	.	0	13189907
cruralis_HybSeqProbes_test_with400Ns_beginend	.	0	13234162
cruralis_HybSeqProbes_test_with400Ns_beginend	.	0	13265375
cruralis_HybSeqProbes_test_with400Ns_beginend	.	0	13284318
cruralis_HybSeqProbes_test_with400Ns_beginend	.	0	13284344
cruralis_HybSeqProbes_test_with400Ns_beginend	.	0	13284347
cruralis_HybSeqProbes_test_with400Ns_beginend	.	0	13284365
cruralis_HybSeqProbes_test_with400Ns_beginend	.	0	13284373
cruralis_HybSeqProbes_test_with400Ns_beginend	.	0	13284377
cruralis_HybSeqProbes_test_with400Ns_beginend	.	0	13284387
cruralis_HybSeqProbes_test_with400Ns_beginend	.	0	13284447
cruralis_HybSeqProbes_test_with400Ns_beginend	.	0	13284461
cruralis_HybSeqProbes_test_with400Ns_beginend	.	0	13284463
cruralis_HybSeqProbes_test_with400Ns_beginend	.	0	13284470
cruralis_HybSeqProbes_test_with400Ns_beginend	.	0	13284491
cruralis_HybSeqProbes_test_with400Ns_beginend	.	0	13284527
cruralis_HybSeqProbes_test_with400Ns_beginend	.	0	13284530
cruralis_HybSeqProbes_test_with400Ns_beginend	.	0	13284542
cruralis_HybSeqProbes_test_with400Ns_beginend	.	0	13284575
cruralis_HybSeqProbes_test_with400Ns_beginend	.	0	13284578
cruralis_HybSeqProbes_test_with400Ns_beginend	.	0	13284602
cruralis_HybSeqProbes_test_with400Ns_beginend	.	0	13284619
cruralis_HybSeqProbes_test_with400Ns_beginend	.	0	13284620
cruralis_HybSeqProbes_test_with400Ns_beginend	.	0	13284635
cruralis_HybSeqProbes_test_with400Ns_beginend	.	0	13308179
cruralis_HybSeqProbes_test_with400Ns_beginend	.	0	13308193
cruralis_HybSeqProbes_test_with400Ns_beginend	.	0	13308216
cruralis_HybSeqProbes_test_with400Ns_beginend	.	0	13309466
cruralis_HybSeqProbes_test_with400Ns_beginend	.	0	13341427
cruralis_HybSeqProbes_test_with400Ns_beginend	.	0	13341465
cruralis_HybSeqProbes_test_with400Ns_beginend	.	0	13341467
cruralis_HybSeqProbes_test_with400Ns_beginend	.	0	13347629
cruralis_HybSeqProbes_test_with400Ns_beginend	.	0	13386823
cruralis_HybSeqProbes_test_with400Ns_beginend	.	0	13395192
cruralis_HybSeqProbes_test_with400Ns_beginend	.	0	13398936
cruralis_HybSeqProbes_test_with400Ns_beginend	.	0	13440296
cruralis_HybSeqProbes_test_with400Ns_beginend	.	0	13447393
cruralis_HybSeqProbes_test_with400Ns_beginend	.	0	13509669
cruralis_HybSeqProbes_test_with400Ns_beginend	.	0	13509732
cruralis_HybSeqProbes_test_with400Ns_beginend	.	0	13634576
cruralis_HybSeqProbes_test_with400Ns_beginend	.	0	13634581
cruralis_HybSeqProbes_test_with400Ns_beginend	.	0	13650835
cruralis_HybSeqProbes_test_with400Ns_beginend	.	0	13657793
cruralis_HybSeqProbes_test_with400Ns_beginend	.	0	13658327
cruralis_HybSeqProbes_test_with400Ns_beginend	.	0	13686200
cruralis_HybSeqProbes_test_with400Ns_beginend	.	0	13686201
cruralis_HybSeqProbes_test_with400Ns_beginend	.	0	13686202
cruralis_HybSeqProbes_test_with400Ns_beginend	.	0	13686203
cruralis_HybSeqProbes_test_with400Ns_beginend	.	0	13686223
cruralis_HybSeqProbes_test_with400Ns_beginend	.	0	13686270
cruralis_HybSeqProbes_test_with400Ns_beginend	.	0	13686317
cruralis_HybSeqProbes_test_with400Ns_beginend	.	0	13686340
cruralis_HybSeqProbes_test_with400Ns_beginend	.	0	13686408
cruralis_HybSeqProbes_test_with400Ns_beginend	.	0	13686425
cruralis_HybSeqProbes_test_with400Ns_beginend	.	0	13686453
cruralis_HybSeqProbes_test_with400Ns_beginend	.	0	13686510
cruralis_HybSeqProbes_test_with400Ns_beginend	.	0	13686545
cruralis_HybSeqProbes_test_with400Ns_beginend	.	0	13686568
cruralis_HybSeqProbes_test_with400Ns_beginend	.	0	13686749
cruralis_HybSeqProbes_test_with400Ns_beginend	.	0	13689085
cruralis_HybSeqProbes_test_with400Ns_beginend	.	0	13720355
cruralis_HybSeqProbes_test_with400Ns_beginend	.	0	13735535
cruralis_HybSeqProbes_test_with400Ns_beginend	.	0	13767009
cruralis_HybSeqProbes_test_with400Ns_beginend	.	0	13767021
cruralis_HybSeqProbes_test_with400Ns_beginend	.	0	13767047
cruralis_HybSeqProbes_test_with400Ns_beginend	.	0	13767049
cruralis_HybSeqProbes_test_with400Ns_beginend	.	0	13767056
cruralis_HybSeqProbes_test_with400Ns_beginend	.	0	13767061
cruralis_HybSeqProbes_test_with400Ns_beginend	.	0	13767089
cruralis_HybSeqProbes_test_with400Ns_beginend	.	0	13769747
cruralis_HybSeqProbes_test_with400Ns_beginend	.	0	13770086
cruralis_HybSeqProbes_test_with400Ns_beginend	.	0	13906765
cruralis_HybSeqProbes_test_with400Ns_beginend	.	0	13927000
cruralis_HybSeqProbes_test_with400Ns_beginend	.	0	13959600
cruralis_HybSeqProbes_test_with400Ns_beginend	.	0	13959678
cruralis_HybSeqProbes_test_with400Ns_beginend	.	0	13959700
cruralis_HybSeqProbes_test_with400Ns_beginend	.	0	13989883
cruralis_HybSeqProbes_test_with400Ns_beginend	.	0	13989912
cruralis_HybSeqProbes_test_with400Ns_beginend	.	0	14038846
cruralis_HybSeqProbes_test_with400Ns_beginend	.	0	14188319
cruralis_HybSeqProbes_test_with400Ns_beginend	.	0	14295598
cruralis_HybSeqProbes_test_with400Ns_beginend	.	0	14301686
cruralis_HybSeqProbes_test_with400Ns_beginend	.	0	14301692
cruralis_HybSeqProbes_test_with400Ns_beginend	.	0	14301693
cruralis_HybSeqProbes_test_with400Ns_beginend	.	0	14301695
cruralis_HybSeqProbes_test_with400Ns_beginend	.	0	14301701
cruralis_HybSeqProbes_test_with400Ns_beginend	.	0	14301702
cruralis_HybSeqProbes_test_with400Ns_beginend	.	0	14301766
cruralis_HybSeqProbes_test_with400Ns_beginend	.	0	14301800
cruralis_HybSeqProbes_test_with400Ns_beginend	.	0	14316914
cruralis_HybSeqProbes_test_with400Ns_beginend	.	0	14321378
cruralis_HybSeqProbes_test_with400Ns_beginend	.	0	14346722
cruralis_HybSeqProbes_test_with400Ns_beginend	.	0	14351725
cruralis_HybSeqProbes_test_with400Ns_beginend	.	0	14351820
cruralis_HybSeqProbes_test_with400Ns_beginend	.	0	14361092
cruralis_HybSeqProbes_test_with400Ns_beginend	.	0	14361116
cruralis_HybSeqProbes_test_with400Ns_beginend	.	0	14361123
cruralis_HybSeqProbes_test_with400Ns_beginend	.	0	14361128
cruralis_HybSeqProbes_test_with400Ns_beginend	.	0	14361136
cruralis_HybSeqProbes_test_with400Ns_beginend	.	0	14361161
cruralis_HybSeqProbes_test_with400Ns_beginend	.	0	14361169
cruralis_HybSeqProbes_test_with400Ns_beginend	.	0	14361181
cruralis_HybSeqProbes_test_with400Ns_beginend	.	0	14361283
cruralis_HybSeqProbes_test_with400Ns_beginend	.	0	14361367
cruralis_HybSeqProbes_test_with400Ns_beginend	.	0	14361383
cruralis_HybSeqProbes_test_with400Ns_beginend	.	0	14361391
cruralis_HybSeqProbes_test_with400Ns_beginend	.	0	14361393
cruralis_HybSeqProbes_test_with400Ns_beginend	.	0	14361395
cruralis_HybSeqProbes_test_with400Ns_beginend	.	0	14361424
cruralis_HybSeqProbes_test_with400Ns_beginend	.	0	14378492
cruralis_HybSeqProbes_test_with400Ns_beginend	.	0	14378519
cruralis_HybSeqProbes_test_with400Ns_beginend	.	0	14378528
cruralis_HybSeqProbes_test_with400Ns_beginend	.	0	14408698
cruralis_HybSeqProbes_test_with400Ns_beginend	.	0	14408707
cruralis_HybSeqProbes_test_with400Ns_beginend	.	0	14408759
cruralis_HybSeqProbes_test_with400Ns_beginend	.	0	14408797
cruralis_HybSeqProbes_test_with400Ns_beginend	.	0	14408852
cruralis_HybSeqProbes_test_with400Ns_beginend	.	0	14421976
cruralis_HybSeqProbes_test_with400Ns_beginend	.	0	14451996
cruralis_HybSeqProbes_test_with400Ns_beginend	.	0	14687313
cruralis_HybSeqProbes_test_with400Ns_beginend	.	0	14687317
cruralis_HybSeqProbes_test_with400Ns_beginend	.	0	14687318
cruralis_HybSeqProbes_test_with400Ns_beginend	.	0	14687347
cruralis_HybSeqProbes_test_with400Ns_beginend	.	0	14687368
cruralis_HybSeqProbes_test_with400Ns_beginend	.	0	14687376
cruralis_HybSeqProbes_test_with400Ns_beginend	.	0	14687452
cruralis_HybSeqProbes_test_with400Ns_beginend	.	0	14687468
cruralis_HybSeqProbes_test_with400Ns_beginend	.	0	14687475
cruralis_HybSeqProbes_test_with400Ns_beginend	.	0	14687660
cruralis_HybSeqProbes_test_with400Ns_beginend	.	0	14687669
cruralis_HybSeqProbes_test_with400Ns_beginend	.	0	14687680
cruralis_HybSeqProbes_test_with400Ns_beginend	.	0	14687688
cruralis_HybSeqProbes_test_with400Ns_beginend	.	0	14687708
cruralis_HybSeqProbes_test_with400Ns_beginend	.	0	14687758
cruralis_HybSeqProbes_test_with400Ns_beginend	.	0	14687803
cruralis_HybSeqProbes_test_with400Ns_beginend	.	0	14687889
cruralis_HybSeqProbes_test_with400Ns_beginend	.	0	14687892
cruralis_HybSeqProbes_test_with400Ns_beginend	.	0	14687912
cruralis_HybSeqProbes_test_with400Ns_beginend	.	0	14687934
cruralis_HybSeqProbes_test_with400Ns_beginend	.	0	14695467
cruralis_HybSeqProbes_test_with400Ns_beginend	.	0	14695700
cruralis_HybSeqProbes_test_with400Ns_beginend	.	0	14758613
cruralis_HybSeqProbes_test_with400Ns_beginend	.	0	14768600
cruralis_HybSeqProbes_test_with400Ns_beginend	.	0	14768603
cruralis_HybSeqProbes_test_with400Ns_beginend	.	0	14768627
cruralis_HybSeqProbes_test_with400Ns_beginend	.	0	14801719
cruralis_HybSeqProbes_test_with400Ns_beginend	.	0	14866827
cruralis_HybSeqProbes_test_with400Ns_beginend	.	0	14889506
cruralis_HybSeqProbes_test_with400Ns_beginend	.	0	14895071
cruralis_HybSeqProbes_test_with400Ns_beginend	.	0	14895092
cruralis_HybSeqProbes_test_with400Ns_beginend	.	0	14895095
cruralis_HybSeqProbes_test_with400Ns_beginend	.	0	14895107
cruralis_HybSeqProbes_test_with400Ns_beginend	.	0	14904137
cruralis_HybSeqProbes_test_with400Ns_beginend	.	0	14985901
cruralis_HybSeqProbes_test_with400Ns_beginend	.	0	14986003
cruralis_HybSeqProbes_test_with400Ns_beginend	.	0	15029211
cruralis_HybSeqProbes_test_with400Ns_beginend	.	0	15062713
cruralis_HybSeqProbes_test_with400Ns_beginend	.	0	15099308
cruralis_HybSeqProbes_test_with400Ns_beginend	.	0	15099327
cruralis_HybSeqProbes_test_with400Ns_beginend	.	0	15102621
cruralis_HybSeqProbes_test_with400Ns_beginend	.	0	15108388
cruralis_HybSeqProbes_test_with400Ns_beginend	.	0	15119412
cruralis_HybSeqProbes_test_with400Ns_beginend	.	0	15159430
cruralis_HybSeqProbes_test_with400Ns_beginend	.	0	15159540
cruralis_HybSeqProbes_test_with400Ns_beginend	.	0	15164237
cruralis_HybSeqProbes_test_with400Ns_beginend	.	0	15164272
cruralis_HybSeqProbes_test_with400Ns_beginend	.	0	15164290
cruralis_HybSeqProbes_test_with400Ns_beginend	.	0	15167029
cruralis_HybSeqProbes_test_with400Ns_beginend	.	0	15180032
cruralis_HybSeqProbes_test_with400Ns_beginend	.	0	15180051
cruralis_HybSeqProbes_test_with400Ns_beginend	.	0	15254630
cruralis_HybSeqProbes_test_with400Ns_beginend	.	0	15316796
cruralis_HybSeqProbes_test_with400Ns_beginend	.	0	15330366
cruralis_HybSeqProbes_test_with400Ns_beginend	.	0	15331572
cruralis_HybSeqProbes_test_with400Ns_beginend	.	0	15331656
cruralis_HybSeqProbes_test_with400Ns_beginend	.	0	15331758
cruralis_HybSeqProbes_test_with400Ns_beginend	.	0	15331878
cruralis_HybSeqProbes_test_with400Ns_beginend	.	0	15376855
cruralis_HybSeqProbes_test_with400Ns_beginend	.	0	15376870
cruralis_HybSeqProbes_test_with400Ns_beginend	.	0	15432491
cruralis_HybSeqProbes_test_with400Ns_beginend	.	0	15432501
cruralis_HybSeqProbes_test_with400Ns_beginend	.	0	15433951
cruralis_HybSeqProbes_test_with400Ns_beginend	.	0	15469769
cruralis_HybSeqProbes_test_with400Ns_beginend	.	0	15472108
cruralis_HybSeqProbes_test_with400Ns_beginend	.	0	15516816
cruralis_HybSeqProbes_test_with400Ns_beginend	.	0	15517038
cruralis_HybSeqProbes_test_with400Ns_beginend	.	0	15574251
cruralis_HybSeqProbes_test_with400Ns_beginend	.	0	15574258
cruralis_HybSeqProbes_test_with400Ns_beginend	.	0	15574271
cruralis_HybSeqProbes_test_with400Ns_beginend	.	0	15574314
cruralis_HybSeqProbes_test_with400Ns_beginend	.	0	15574331
cruralis_HybSeqProbes_test_with400Ns_beginend	.	0	15574357
cruralis_HybSeqProbes_test_with400Ns_beginend	.	0	15574368
cruralis_HybSeqProbes_test_with400Ns_beginend	.	0	15574381
cruralis_HybSeqProbes_test_with400Ns_beginend	.	0	15631977
cruralis_HybSeqProbes_test_with400Ns_beginend	.	0	15669436
cruralis_HybSeqProbes_test_with400Ns_beginend	.	0	15670809
cruralis_HybSeqProbes_test_with400Ns_beginend	.	0	15693418
cruralis_HybSeqProbes_test_with400Ns_beginend	.	0	15693479
cruralis_HybSeqProbes_test_with400Ns_beginend	.	0	15721946
cruralis_HybSeqProbes_test_with400Ns_beginend	.	0	15758360
cruralis_HybSeqProbes_test_with400Ns_beginend	.	0	15769315
cruralis_HybSeqProbes_test_with400Ns_beginend	.	0	15794631
cruralis_HybSeqProbes_test_with400Ns_beginend	.	0	15794712
cruralis_HybSeqProbes_test_with400Ns_beginend	.	0	15831430
cruralis_HybSeqProbes_test_with400Ns_beginend	.	0	15895643
cruralis_HybSeqProbes_test_with400Ns_beginend	.	0	16005024
cruralis_HybSeqProbes_test_with400Ns_beginend	.	0	16160476
cruralis_HybSeqProbes_test_with400Ns_beginend	.	0	16280031
cruralis_HybSeqProbes_test_with400Ns_beginend	.	0	16280034
cruralis_HybSeqProbes_test_with400Ns_beginend	.	0	16287520
cruralis_HybSeqProbes_test_with400Ns_beginend	.	0	16384855
cruralis_HybSeqProbes_test_with400Ns_beginend	.	0	16389413
cruralis_HybSeqProbes_test_with400Ns_beginend	.	0	16389436
cruralis_HybSeqProbes_test_with400Ns_beginend	.	0	16421853
cruralis_HybSeqProbes_test_with400Ns_beginend	.	0	16761175
cruralis_HybSeqProbes_test_with400Ns_beginend	.	0	16764999
cruralis_HybSeqProbes_test_with400Ns_beginend	.	0	16765148
cruralis_HybSeqProbes_test_with400Ns_beginend	.	0	16806700
cruralis_HybSeqProbes_test_with400Ns_beginend	.	0	16825314
cruralis_HybSeqProbes_test_with400Ns_beginend	.	0	16855389
cruralis_HybSeqProbes_test_with400Ns_beginend	.	0	16929077
cruralis_HybSeqProbes_test_with400Ns_beginend	.	0	16929084
cruralis_HybSeqProbes_test_with400Ns_beginend	.	0	16929087
cruralis_HybSeqProbes_test_with400Ns_beginend	.	0	16966488
cruralis_HybSeqProbes_test_with400Ns_beginend	.	0	16966496
cruralis_HybSeqProbes_test_with400Ns_beginend	.	0	16966511
cruralis_HybSeqProbes_test_with400Ns_beginend	.	0	17026241
cruralis_HybSeqProbes_test_with400Ns_beginend	.	0	17079588
cruralis_HybSeqProbes_test_with400Ns_beginend	.	0	17097782
cruralis_HybSeqProbes_test_with400Ns_beginend	.	0	17097783
cruralis_HybSeqProbes_test_with400Ns_beginend	.	0	17116715
cruralis_HybSeqProbes_test_with400Ns_beginend	.	0	17122613
cruralis_HybSeqProbes_test_with400Ns_beginend	.	0	17135552
cruralis_HybSeqProbes_test_with400Ns_beginend	.	0	17135695
cruralis_HybSeqProbes_test_with400Ns_beginend	.	0	17153610
cruralis_HybSeqProbes_test_with400Ns_beginend	.	0	17169083
cruralis_HybSeqProbes_test_with400Ns_beginend	.	0	17253200
cruralis_HybSeqProbes_test_with400Ns_beginend	.	0	17257243
cruralis_HybSeqProbes_test_with400Ns_beginend	.	0	17257268
cruralis_HybSeqProbes_test_with400Ns_beginend	.	0	17280047
cruralis_HybSeqProbes_test_with400Ns_beginend	.	0	17324823
cruralis_HybSeqProbes_test_with400Ns_beginend	.	0	17384122
cruralis_HybSeqProbes_test_with400Ns_beginend	.	0	17384144
cruralis_HybSeqProbes_test_with400Ns_beginend	.	0	17384146
cruralis_HybSeqProbes_test_with400Ns_beginend	.	0	17384159
cruralis_HybSeqProbes_test_with400Ns_beginend	.	0	17437421
cruralis_HybSeqProbes_test_with400Ns_beginend	.	0	17584194
cruralis_HybSeqProbes_test_with400Ns_beginend	.	0	17672700
cruralis_HybSeqProbes_test_with400Ns_beginend	.	0	17672743
cruralis_HybSeqProbes_test_with400Ns_beginend	.	0	17672889
cruralis_HybSeqProbes_test_with400Ns_beginend	.	0	17672965
cruralis_HybSeqProbes_test_with400Ns_beginend	.	0	17672968
cruralis_HybSeqProbes_test_with400Ns_beginend	.	0	17673049
cruralis_HybSeqProbes_test_with400Ns_beginend	.	0	17673154
cruralis_HybSeqProbes_test_with400Ns_beginend	.	0	17673155
cruralis_HybSeqProbes_test_with400Ns_beginend	.	0	17673170
cruralis_HybSeqProbes_test_with400Ns_beginend	.	0	17713312
cruralis_HybSeqProbes_test_with400Ns_beginend	.	0	17713357
cruralis_HybSeqProbes_test_with400Ns_beginend	.	0	17713360
cruralis_HybSeqProbes_test_with400Ns_beginend	.	0	17713396
cruralis_HybSeqProbes_test_with400Ns_beginend	.	0	17733729
cruralis_HybSeqProbes_test_with400Ns_beginend	.	0	17744023
cruralis_HybSeqProbes_test_with400Ns_beginend	.	0	17744055
cruralis_HybSeqProbes_test_with400Ns_beginend	.	0	17744274
cruralis_HybSeqProbes_test_with400Ns_beginend	.	0	17744280
cruralis_HybSeqProbes_test_with400Ns_beginend	.	0	17744319
cruralis_HybSeqProbes_test_with400Ns_beginend	.	0	17744339
cruralis_HybSeqProbes_test_with400Ns_beginend	.	0	17873641
cruralis_HybSeqProbes_test_with400Ns_beginend	.	0	17892755
cruralis_HybSeqProbes_test_with400Ns_beginend	.	0	17894866
cruralis_HybSeqProbes_test_with400Ns_beginend	.	0	17894873
cruralis_HybSeqProbes_test_with400Ns_beginend	.	0	17894907
cruralis_HybSeqProbes_test_with400Ns_beginend	.	0	17894924
cruralis_HybSeqProbes_test_with400Ns_beginend	.	0	17917494
cruralis_HybSeqProbes_test_with400Ns_beginend	.	0	17917503
cruralis_HybSeqProbes_test_with400Ns_beginend	.	0	17917542
cruralis_HybSeqProbes_test_with400Ns_beginend	.	0	17917622
cruralis_HybSeqProbes_test_with400Ns_beginend	.	0	17922141
cruralis_HybSeqProbes_test_with400Ns_beginend	.	0	17922158
cruralis_HybSeqProbes_test_with400Ns_beginend	.	0	17922167
cruralis_HybSeqProbes_test_with400Ns_beginend	.	0	17922234
cruralis_HybSeqProbes_test_with400Ns_beginend	.	0	17922266
cruralis_HybSeqProbes_test_with400Ns_beginend	.	0	17922456
cruralis_HybSeqProbes_test_with400Ns_beginend	.	0	17922464
cruralis_HybSeqProbes_test_with400Ns_beginend	.	0	17922468
cruralis_HybSeqProbes_test_with400Ns_beginend	.	0	17922497
cruralis_HybSeqProbes_test_with400Ns_beginend	.	0	17922515
cruralis_HybSeqProbes_test_with400Ns_beginend	.	0	17922546
cruralis_HybSeqProbes_test_with400Ns_beginend	.	0	17938540
cruralis_HybSeqProbes_test_with400Ns_beginend	.	0	17938559
cruralis_HybSeqProbes_test_with400Ns_beginend	.	0	17945058
cruralis_HybSeqProbes_test_with400Ns_beginend	.	0	17974121
cruralis_HybSeqProbes_test_with400Ns_beginend	.	0	18011368
cruralis_HybSeqProbes_test_with400Ns_beginend	.	0	18011428
cruralis_HybSeqProbes_test_with400Ns_beginend	.	0	18047122
cruralis_HybSeqProbes_test_with400Ns_beginend	.	0	18047134
cruralis_HybSeqProbes_test_with400Ns_beginend	.	0	18047136
cruralis_HybSeqProbes_test_with400Ns_beginend	.	0	18047149
cruralis_HybSeqProbes_test_with400Ns_beginend	.	0	18047163
cruralis_HybSeqProbes_test_with400Ns_beginend	.	0	18047220
cruralis_HybSeqProbes_test_with400Ns_beginend	.	0	18089648
cruralis_HybSeqProbes_test_with400Ns_beginend	.	0	18118067
cruralis_HybSeqProbes_test_with400Ns_beginend	.	0	18118106
cruralis_HybSeqProbes_test_with400Ns_beginend	.	0	18118165
cruralis_HybSeqProbes_test_with400Ns_beginend	.	0	18183637
cruralis_HybSeqProbes_test_with400Ns_beginend	.	0	18183640
cruralis_HybSeqProbes_test_with400Ns_beginend	.	0	18186966
cruralis_HybSeqProbes_test_with400Ns_beginend	.	0	18186970
cruralis_HybSeqProbes_test_with400Ns_beginend	.	0	18192628
cruralis_HybSeqProbes_test_with400Ns_beginend	.	0	18192654
cruralis_HybSeqProbes_test_with400Ns_beginend	.	0	18197751
cruralis_HybSeqProbes_test_with400Ns_beginend	.	0	18242163
cruralis_HybSeqProbes_test_with400Ns_beginend	.	0	18242193
cruralis_HybSeqProbes_test_with400Ns_beginend	.	0	18347336
cruralis_HybSeqProbes_test_with400Ns_beginend	.	0	18347495
cruralis_HybSeqProbes_test_with400Ns_beginend	.	0	18369384
cruralis_HybSeqProbes_test_with400Ns_beginend	.	0	18423972
cruralis_HybSeqProbes_test_with400Ns_beginend	.	0	18423977
cruralis_HybSeqProbes_test_with400Ns_beginend	.	0	18423979
cruralis_HybSeqProbes_test_with400Ns_beginend	.	0	18424016
cruralis_HybSeqProbes_test_with400Ns_beginend	.	0	18424039
cruralis_HybSeqProbes_test_with400Ns_beginend	.	0	18424049
cruralis_HybSeqProbes_test_with400Ns_beginend	.	0	18424064
cruralis_HybSeqProbes_test_with400Ns_beginend	.	0	18424085
cruralis_HybSeqProbes_test_with400Ns_beginend	.	0	18560437
cruralis_HybSeqProbes_test_with400Ns_beginend	.	0	18570156
cruralis_HybSeqProbes_test_with400Ns_beginend	.	0	18595108
cruralis_HybSeqProbes_test_with400Ns_beginend	.	0	18595111
cruralis_HybSeqProbes_test_with400Ns_beginend	.	0	18600356
cruralis_HybSeqProbes_test_with400Ns_beginend	.	0	18726996
cruralis_HybSeqProbes_test_with400Ns_beginend	.	0	18728004
cruralis_HybSeqProbes_test_with400Ns_beginend	.	0	18746287
cruralis_HybSeqProbes_test_with400Ns_beginend	.	0	18762961
cruralis_HybSeqProbes_test_with400Ns_beginend	.	0	18766282
cruralis_HybSeqProbes_test_with400Ns_beginend	.	0	18766306
cruralis_HybSeqProbes_test_with400Ns_beginend	.	0	18871410
cruralis_HybSeqProbes_test_with400Ns_beginend	.	0	18871438
cruralis_HybSeqProbes_test_with400Ns_beginend	.	0	18899394
cruralis_HybSeqProbes_test_with400Ns_beginend	.	0	18951812
cruralis_HybSeqProbes_test_with400Ns_beginend	.	0	19130927
cruralis_HybSeqProbes_test_with400Ns_beginend	.	0	19149601
cruralis_HybSeqProbes_test_with400Ns_beginend	.	0	19240724
cruralis_HybSeqProbes_test_with400Ns_beginend	.	0	19240954
cruralis_HybSeqProbes_test_with400Ns_beginend	.	0	19252721
cruralis_HybSeqProbes_test_with400Ns_beginend	.	0	19329675
cruralis_HybSeqProbes_test_with400Ns_beginend	.	0	19329702
cruralis_HybSeqProbes_test_with400Ns_beginend	.	0	19329751
cruralis_HybSeqProbes_test_with400Ns_beginend	.	0	19329790
cruralis_HybSeqProbes_test_with400Ns_beginend	.	0	19329834
cruralis_HybSeqProbes_test_with400Ns_beginend	.	0	19329858
cruralis_HybSeqProbes_test_with400Ns_beginend	.	0	19329870
cruralis_HybSeqProbes_test_with400Ns_beginend	.	0	19329872
cruralis_HybSeqProbes_test_with400Ns_beginend	.	0	19329873
cruralis_HybSeqProbes_test_with400Ns_beginend	.	0	19329881
cruralis_HybSeqProbes_test_with400Ns_beginend	.	0	19329883
cruralis_HybSeqProbes_test_with400Ns_beginend	.	0	19329893
cruralis_HybSeqProbes_test_with400Ns_beginend	.	0	19329907
cruralis_HybSeqProbes_test_with400Ns_beginend	.	0	19329920
cruralis_HybSeqProbes_test_with400Ns_beginend	.	0	19329924
cruralis_HybSeqProbes_test_with400Ns_beginend	.	0	19343280
cruralis_HybSeqProbes_test_with400Ns_beginend	.	0	19343664
cruralis_HybSeqProbes_test_with400Ns_beginend	.	0	19420721
cruralis_HybSeqProbes_test_with400Ns_beginend	.	0	19433880
cruralis_HybSeqProbes_test_with400Ns_beginend	.	0	19500208
cruralis_HybSeqProbes_test_with400Ns_beginend	.	0	19500241
cruralis_HybSeqProbes_test_with400Ns_beginend	.	0	19606074
cruralis_HybSeqProbes_test_with400Ns_beginend	.	0	19608155
cruralis_HybSeqProbes_test_with400Ns_beginend	.	0	19617047
cruralis_HybSeqProbes_test_with400Ns_beginend	.	0	19638570
cruralis_HybSeqProbes_test_with400Ns_beginend	.	0	19654358
cruralis_HybSeqProbes_test_with400Ns_beginend	.	0	19701065
cruralis_HybSeqProbes_test_with400Ns_beginend	.	0	19701074
cruralis_HybSeqProbes_test_with400Ns_beginend	.	0	19713585
cruralis_HybSeqProbes_test_with400Ns_beginend	.	0	19715802
cruralis_HybSeqProbes_test_with400Ns_beginend	.	0	19723492
cruralis_HybSeqProbes_test_with400Ns_beginend	.	0	19772772
cruralis_HybSeqProbes_test_with400Ns_beginend	.	0	19812568
cruralis_HybSeqProbes_test_with400Ns_beginend	.	0	19812597
cruralis_HybSeqProbes_test_with400Ns_beginend	.	0	19841471
cruralis_HybSeqProbes_test_with400Ns_beginend	.	0	19841515
cruralis_HybSeqProbes_test_with400Ns_beginend	.	0	19882677
cruralis_HybSeqProbes_test_with400Ns_beginend	.	0	19920673
cruralis_HybSeqProbes_test_with400Ns_beginend	.	0	19925800
cruralis_HybSeqProbes_test_with400Ns_beginend	.	0	19925871
cruralis_HybSeqProbes_test_with400Ns_beginend	.	0	19958221
cruralis_HybSeqProbes_test_with400Ns_beginend	.	0	19958275
cruralis_HybSeqProbes_test_with400Ns_beginend	.	0	19958285
cruralis_HybSeqProbes_test_with400Ns_beginend	.	0	19958344
cruralis_HybSeqProbes_test_with400Ns_beginend	.	0	19958345
cruralis_HybSeqProbes_test_with400Ns_beginend	.	0	19958348
cruralis_HybSeqProbes_test_with400Ns_beginend	.	0	19958358
cruralis_HybSeqProbes_test_with400Ns_beginend	.	0	19958517
cruralis_HybSeqProbes_test_with400Ns_beginend	.	0	19958530
cruralis_HybSeqProbes_test_with400Ns_beginend	.	0	19958533
cruralis_HybSeqProbes_test_with400Ns_beginend	.	0	19958539
cruralis_HybSeqProbes_test_with400Ns_beginend	.	0	19958541
cruralis_HybSeqProbes_test_with400Ns_beginend	.	0	19958543
cruralis_HybSeqProbes_test_with400Ns_beginend	.	0	19958564
cruralis_HybSeqProbes_test_with400Ns_beginend	.	0	19958569
cruralis_HybSeqProbes_test_with400Ns_beginend	.	0	19958574
cruralis_HybSeqProbes_test_with400Ns_beginend	.	0	19958584
cruralis_HybSeqProbes_test_with400Ns_beginend	.	0	19958597
cruralis_HybSeqProbes_test_with400Ns_beginend	.	0	19958598
cruralis_HybSeqProbes_test_with400Ns_beginend	.	0	19958618
cruralis_HybSeqProbes_test_with400Ns_beginend	.	0	19958652
cruralis_HybSeqProbes_test_with400Ns_beginend	.	0	19977945
cruralis_HybSeqProbes_test_with400Ns_beginend	.	0	19977947
cruralis_HybSeqProbes_test_with400Ns_beginend	.	0	20031422
cruralis_HybSeqProbes_test_with400Ns_beginend	.	0	20041481
cruralis_HybSeqProbes_test_with400Ns_beginend	.	0	20043493
cruralis_HybSeqProbes_test_with400Ns_beginend	.	0	20043507
cruralis_HybSeqProbes_test_with400Ns_beginend	.	0	20043526
cruralis_HybSeqProbes_test_with400Ns_beginend	.	0	20043594
cruralis_HybSeqProbes_test_with400Ns_beginend	.	0	20043595
cruralis_HybSeqProbes_test_with400Ns_beginend	.	0	20149155
cruralis_HybSeqProbes_test_with400Ns_beginend	.	0	20155356
cruralis_HybSeqProbes_test_with400Ns_beginend	.	0	20222965
cruralis_HybSeqProbes_test_with400Ns_beginend	.	0	20222966
cruralis_HybSeqProbes_test_with400Ns_beginend	.	0	20232501
cruralis_HybSeqProbes_test_with400Ns_beginend	.	0	20232506
cruralis_HybSeqProbes_test_with400Ns_beginend	.	0	20232513
cruralis_HybSeqProbes_test_with400Ns_beginend	.	0	20232518
cruralis_HybSeqProbes_test_with400Ns_beginend	.	0	20232525
cruralis_HybSeqProbes_test_with400Ns_beginend	.	0	20232552
cruralis_HybSeqProbes_test_with400Ns_beginend	.	0	20232567
cruralis_HybSeqProbes_test_with400Ns_beginend	.	0	20232569
cruralis_HybSeqProbes_test_with400Ns_beginend	.	0	20232606
cruralis_HybSeqProbes_test_with400Ns_beginend	.	0	20232618
cruralis_HybSeqProbes_test_with400Ns_beginend	.	0	20232637
cruralis_HybSeqProbes_test_with400Ns_beginend	.	0	20232642
cruralis_HybSeqProbes_test_with400Ns_beginend	.	0	20232659
cruralis_HybSeqProbes_test_with400Ns_beginend	.	0	20232668
cruralis_HybSeqProbes_test_with400Ns_beginend	.	0	20232680
cruralis_HybSeqProbes_test_with400Ns_beginend	.	0	20232705
cruralis_HybSeqProbes_test_with400Ns_beginend	.	0	20232731
cruralis_HybSeqProbes_test_with400Ns_beginend	.	0	20232755
cruralis_HybSeqProbes_test_with400Ns_beginend	.	0	20260382
cruralis_HybSeqProbes_test_with400Ns_beginend	.	0	20287349
cruralis_HybSeqProbes_test_with400Ns_beginend	.	0	20367200
cruralis_HybSeqProbes_test_with400Ns_beginend	.	0	20520927
cruralis_HybSeqProbes_test_with400Ns_beginend	.	0	20520933
cruralis_HybSeqProbes_test_with400Ns_beginend	.	0	20546235
cruralis_HybSeqProbes_test_with400Ns_beginend	.	0	20568466
cruralis_HybSeqProbes_test_with400Ns_beginend	.	0	20568474
cruralis_HybSeqProbes_test_with400Ns_beginend	.	0	20609465
cruralis_HybSeqProbes_test_with400Ns_beginend	.	0	20632736
cruralis_HybSeqProbes_test_with400Ns_beginend	.	0	20632762
cruralis_HybSeqProbes_test_with400Ns_beginend	.	0	20632777
cruralis_HybSeqProbes_test_with400Ns_beginend	.	0	20632781
cruralis_HybSeqProbes_test_with400Ns_beginend	.	0	20632784
cruralis_HybSeqProbes_test_with400Ns_beginend	.	0	20632793
cruralis_HybSeqProbes_test_with400Ns_beginend	.	0	20632805
cruralis_HybSeqProbes_test_with400Ns_beginend	.	0	20656472
cruralis_HybSeqProbes_test_with400Ns_beginend	.	0	20656489
cruralis_HybSeqProbes_test_with400Ns_beginend	.	0	20656501
cruralis_HybSeqProbes_test_with400Ns_beginend	.	0	20656523
cruralis_HybSeqProbes_test_with400Ns_beginend	.	0	20656540
cruralis_HybSeqProbes_test_with400Ns_beginend	.	0	20656562
cruralis_HybSeqProbes_test_with400Ns_beginend	.	0	20656593
cruralis_HybSeqProbes_test_with400Ns_beginend	.	0	20656603
cruralis_HybSeqProbes_test_with400Ns_beginend	.	0	20656604
cruralis_HybSeqProbes_test_with400Ns_beginend	.	0	20656610
cruralis_HybSeqProbes_test_with400Ns_beginend	.	0	20656613
cruralis_HybSeqProbes_test_with400Ns_beginend	.	0	20656614
cruralis_HybSeqProbes_test_with400Ns_beginend	.	0	20656625
cruralis_HybSeqProbes_test_with400Ns_beginend	.	0	20656652
cruralis_HybSeqProbes_test_with400Ns_beginend	.	0	20665472
cruralis_HybSeqProbes_test_with400Ns_beginend	.	0	20837424
cruralis_HybSeqProbes_test_with400Ns_beginend	.	0	20837562
cruralis_HybSeqProbes_test_with400Ns_beginend	.	0	20837565
cruralis_HybSeqProbes_test_with400Ns_beginend	.	0	20837600
cruralis_HybSeqProbes_test_with400Ns_beginend	.	0	20837631
cruralis_HybSeqProbes_test_with400Ns_beginend	.	0	20837682
cruralis_HybSeqProbes_test_with400Ns_beginend	.	0	20855711
cruralis_HybSeqProbes_test_with400Ns_beginend	.	0	20855712
cruralis_HybSeqProbes_test_with400Ns_beginend	.	0	20855713
cruralis_HybSeqProbes_test_with400Ns_beginend	.	0	20868301
cruralis_HybSeqProbes_test_with400Ns_beginend	.	0	20868322
cruralis_HybSeqProbes_test_with400Ns_beginend	.	0	20868339
cruralis_HybSeqProbes_test_with400Ns_beginend	.	0	20868349
cruralis_HybSeqProbes_test_with400Ns_beginend	.	0	20868362
cruralis_HybSeqProbes_test_with400Ns_beginend	.	0	20948714
cruralis_HybSeqProbes_test_with400Ns_beginend	.	0	20983723
cruralis_HybSeqProbes_test_with400Ns_beginend	.	0	20983787
cruralis_HybSeqProbes_test_with400Ns_beginend	.	0	21006731
cruralis_HybSeqProbes_test_with400Ns_beginend	.	0	21006768
cruralis_HybSeqProbes_test_with400Ns_beginend	.	0	21075463
cruralis_HybSeqProbes_test_with400Ns_beginend	.	0	21076582
cruralis_HybSeqProbes_test_with400Ns_beginend	.	0	21137195
cruralis_HybSeqProbes_test_with400Ns_beginend	.	0	21137201
cruralis_HybSeqProbes_test_with400Ns_beginend	.	0	21137381
cruralis_HybSeqProbes_test_with400Ns_beginend	.	0	21137396
cruralis_HybSeqProbes_test_with400Ns_beginend	.	0	21137403
cruralis_HybSeqProbes_test_with400Ns_beginend	.	0	21137527
cruralis_HybSeqProbes_test_with400Ns_beginend	.	0	21137536
cruralis_HybSeqProbes_test_with400Ns_beginend	.	0	21137543
cruralis_HybSeqProbes_test_with400Ns_beginend	.	0	21137559
cruralis_HybSeqProbes_test_with400Ns_beginend	.	0	21137599
cruralis_HybSeqProbes_test_with400Ns_beginend	.	0	21137604
cruralis_HybSeqProbes_test_with400Ns_beginend	.	0	21137614
cruralis_HybSeqProbes_test_with400Ns_beginend	.	0	21137628
cruralis_HybSeqProbes_test_with400Ns_beginend	.	0	21144689
cruralis_HybSeqProbes_test_with400Ns_beginend	.	0	21151647
cruralis_HybSeqProbes_test_with400Ns_beginend	.	0	21151654
cruralis_HybSeqProbes_test_with400Ns_beginend	.	0	21151712
cruralis_HybSeqProbes_test_with400Ns_beginend	.	0	21151722
cruralis_HybSeqProbes_test_with400Ns_beginend	.	0	21151728
cruralis_HybSeqProbes_test_with400Ns_beginend	.	0	21151759
cruralis_HybSeqProbes_test_with400Ns_beginend	.	0	21151783
cruralis_HybSeqProbes_test_with400Ns_beginend	.	0	21151788
cruralis_HybSeqProbes_test_with400Ns_beginend	.	0	21167818
cruralis_HybSeqProbes_test_with400Ns_beginend	.	0	21169851
cruralis_HybSeqProbes_test_with400Ns_beginend	.	0	21169857
cruralis_HybSeqProbes_test_with400Ns_beginend	.	0	21169921
cruralis_HybSeqProbes_test_with400Ns_beginend	.	0	21169934
cruralis_HybSeqProbes_test_with400Ns_beginend	.	0	21169936
cruralis_HybSeqProbes_test_with400Ns_beginend	.	0	21169937
cruralis_HybSeqProbes_test_with400Ns_beginend	.	0	21169993
cruralis_HybSeqProbes_test_with400Ns_beginend	.	0	21170038
cruralis_HybSeqProbes_test_with400Ns_beginend	.	0	21170043
cruralis_HybSeqProbes_test_with400Ns_beginend	.	0	21170044
cruralis_HybSeqProbes_test_with400Ns_beginend	.	0	21190711
cruralis_HybSeqProbes_test_with400Ns_beginend	.	0	21214783
cruralis_HybSeqProbes_test_with400Ns_beginend	.	0	21214789
cruralis_HybSeqProbes_test_with400Ns_beginend	.	0	21220978
cruralis_HybSeqProbes_test_with400Ns_beginend	.	0	21221044
cruralis_HybSeqProbes_test_with400Ns_beginend	.	0	21242836
